Archive member included to satisfy reference by file (symbol)

C:/arm-gnu-toolchain-13.2.Rel1-mingw-w64-i686-arm-none-eabi/bin/../lib/gcc/arm-none-eabi/13.2.1/thumb/v7e-m+fp/hard\libg.a(libc_a-exit.o)
                              C:/arm-gnu-toolchain-13.2.Rel1-mingw-w64-i686-arm-none-eabi/bin/../lib/gcc/arm-none-eabi/13.2.1/thumb/v7e-m+fp/hard/crt0.o (exit)
C:/arm-gnu-toolchain-13.2.Rel1-mingw-w64-i686-arm-none-eabi/bin/../lib/gcc/arm-none-eabi/13.2.1/thumb/v7e-m+fp/hard\libg.a(libc_a-findfp.o)
                              CMakeFiles/balloon_main.elf.dir/Middlewares/Third_Party/FreeRTOS/Source/tasks.c.obj (__sf)
C:/arm-gnu-toolchain-13.2.Rel1-mingw-w64-i686-arm-none-eabi/bin/../lib/gcc/arm-none-eabi/13.2.1/thumb/v7e-m+fp/hard\libg.a(libc_a-fwalk.o)
                              C:/arm-gnu-toolchain-13.2.Rel1-mingw-w64-i686-arm-none-eabi/bin/../lib/gcc/arm-none-eabi/13.2.1/thumb/v7e-m+fp/hard\libg.a(libc_a-findfp.o) (_fwalk_sglue)
C:/arm-gnu-toolchain-13.2.Rel1-mingw-w64-i686-arm-none-eabi/bin/../lib/gcc/arm-none-eabi/13.2.1/thumb/v7e-m+fp/hard\libg.a(libc_a-puts.o)
                              CMakeFiles/balloon_main.elf.dir/Core/Src/main.c.obj (puts)
C:/arm-gnu-toolchain-13.2.Rel1-mingw-w64-i686-arm-none-eabi/bin/../lib/gcc/arm-none-eabi/13.2.1/thumb/v7e-m+fp/hard\libg.a(libc_a-setbuf.o)
                              CMakeFiles/balloon_main.elf.dir/Core/Src/main.c.obj (setbuf)
C:/arm-gnu-toolchain-13.2.Rel1-mingw-w64-i686-arm-none-eabi/bin/../lib/gcc/arm-none-eabi/13.2.1/thumb/v7e-m+fp/hard\libg.a(libc_a-setvbuf.o)
                              C:/arm-gnu-toolchain-13.2.Rel1-mingw-w64-i686-arm-none-eabi/bin/../lib/gcc/arm-none-eabi/13.2.1/thumb/v7e-m+fp/hard\libg.a(libc_a-setbuf.o) (setvbuf)
C:/arm-gnu-toolchain-13.2.Rel1-mingw-w64-i686-arm-none-eabi/bin/../lib/gcc/arm-none-eabi/13.2.1/thumb/v7e-m+fp/hard\libg.a(libc_a-stdio.o)
                              C:/arm-gnu-toolchain-13.2.Rel1-mingw-w64-i686-arm-none-eabi/bin/../lib/gcc/arm-none-eabi/13.2.1/thumb/v7e-m+fp/hard\libg.a(libc_a-findfp.o) (__sread)
C:/arm-gnu-toolchain-13.2.Rel1-mingw-w64-i686-arm-none-eabi/bin/../lib/gcc/arm-none-eabi/13.2.1/thumb/v7e-m+fp/hard\libg.a(libc_a-memset.o)
                              C:/arm-gnu-toolchain-13.2.Rel1-mingw-w64-i686-arm-none-eabi/bin/../lib/gcc/arm-none-eabi/13.2.1/thumb/v7e-m+fp/hard/crt0.o (memset)
C:/arm-gnu-toolchain-13.2.Rel1-mingw-w64-i686-arm-none-eabi/bin/../lib/gcc/arm-none-eabi/13.2.1/thumb/v7e-m+fp/hard\libg.a(libc_a-closer.o)
                              C:/arm-gnu-toolchain-13.2.Rel1-mingw-w64-i686-arm-none-eabi/bin/../lib/gcc/arm-none-eabi/13.2.1/thumb/v7e-m+fp/hard\libg.a(libc_a-stdio.o) (_close_r)
C:/arm-gnu-toolchain-13.2.Rel1-mingw-w64-i686-arm-none-eabi/bin/../lib/gcc/arm-none-eabi/13.2.1/thumb/v7e-m+fp/hard\libg.a(libc_a-reent.o)
                              CMakeFiles/balloon_main.elf.dir/Middlewares/Third_Party/FreeRTOS/Source/tasks.c.obj (_reclaim_reent)
C:/arm-gnu-toolchain-13.2.Rel1-mingw-w64-i686-arm-none-eabi/bin/../lib/gcc/arm-none-eabi/13.2.1/thumb/v7e-m+fp/hard\libg.a(libc_a-impure.o)
                              CMakeFiles/balloon_main.elf.dir/Core/Src/main.c.obj (_impure_ptr)
C:/arm-gnu-toolchain-13.2.Rel1-mingw-w64-i686-arm-none-eabi/bin/../lib/gcc/arm-none-eabi/13.2.1/thumb/v7e-m+fp/hard\libg.a(libc_a-lseekr.o)
                              C:/arm-gnu-toolchain-13.2.Rel1-mingw-w64-i686-arm-none-eabi/bin/../lib/gcc/arm-none-eabi/13.2.1/thumb/v7e-m+fp/hard\libg.a(libc_a-stdio.o) (_lseek_r)
C:/arm-gnu-toolchain-13.2.Rel1-mingw-w64-i686-arm-none-eabi/bin/../lib/gcc/arm-none-eabi/13.2.1/thumb/v7e-m+fp/hard\libg.a(libc_a-readr.o)
                              C:/arm-gnu-toolchain-13.2.Rel1-mingw-w64-i686-arm-none-eabi/bin/../lib/gcc/arm-none-eabi/13.2.1/thumb/v7e-m+fp/hard\libg.a(libc_a-stdio.o) (_read_r)
C:/arm-gnu-toolchain-13.2.Rel1-mingw-w64-i686-arm-none-eabi/bin/../lib/gcc/arm-none-eabi/13.2.1/thumb/v7e-m+fp/hard\libg.a(libc_a-writer.o)
                              C:/arm-gnu-toolchain-13.2.Rel1-mingw-w64-i686-arm-none-eabi/bin/../lib/gcc/arm-none-eabi/13.2.1/thumb/v7e-m+fp/hard\libg.a(libc_a-stdio.o) (_write_r)
C:/arm-gnu-toolchain-13.2.Rel1-mingw-w64-i686-arm-none-eabi/bin/../lib/gcc/arm-none-eabi/13.2.1/thumb/v7e-m+fp/hard\libg.a(libc_a-errno.o)
                              CMakeFiles/balloon_main.elf.dir/Core/Src/syscalls.c.obj (__errno)
C:/arm-gnu-toolchain-13.2.Rel1-mingw-w64-i686-arm-none-eabi/bin/../lib/gcc/arm-none-eabi/13.2.1/thumb/v7e-m+fp/hard\libg.a(libc_a-init.o)
                              C:/arm-gnu-toolchain-13.2.Rel1-mingw-w64-i686-arm-none-eabi/bin/../lib/gcc/arm-none-eabi/13.2.1/thumb/v7e-m+fp/hard/crt0.o (__libc_init_array)
C:/arm-gnu-toolchain-13.2.Rel1-mingw-w64-i686-arm-none-eabi/bin/../lib/gcc/arm-none-eabi/13.2.1/thumb/v7e-m+fp/hard\libg.a(libc_a-lock.o)
[...]
Memory Configuration

Name             Origin             Length             Attributes
RAM              0x20000000         0x00010000         xrw
RAM2             0x10000000         0x00004000         xrw
FLASH            0x08000000         0x00020000         xr
*default*        0x00000000         0xffffffff

Linker script and memory map

LOAD C:/arm-gnu-toolchain-13.2.Rel1-mingw-w64-i686-arm-none-eabi/bin/../lib/gcc/arm-none-eabi/13.2.1/thumb/v7e-m+fp/hard/crti.o
LOAD C:/arm-gnu-toolchain-13.2.Rel1-mingw-w64-i686-arm-none-eabi/bin/../lib/gcc/arm-none-eabi/13.2.1/thumb/v7e-m+fp/hard/crtbegin.o
LOAD C:/arm-gnu-toolchain-13.2.Rel1-mingw-w64-i686-arm-none-eabi/bin/../lib/gcc/arm-none-eabi/13.2.1/thumb/v7e-m+fp/hard/crt0.o
LOAD CMakeFiles/balloon_main.elf.dir/Core/Src/freertos.c.obj
LOAD CMakeFiles/balloon_main.elf.dir/Core/Src/main.c.obj
LOAD CMakeFiles/balloon_main.elf.dir/Core/Src/stm32l4xx_hal_msp.c.obj
LOAD CMakeFiles/balloon_main.elf.dir/Core/Src/stm32l4xx_hal_timebase_tim.c.obj
LOAD CMakeFiles/balloon_main.elf.dir/Core/Src/stm32l4xx_it.c.obj
LOAD CMakeFiles/balloon_main.elf.dir/Core/Src/syscalls.c.obj
LOAD CMakeFiles/balloon_main.elf.dir/Core/Src/sysmem.c.obj
LOAD CMakeFiles/balloon_main.elf.dir/Core/Src/system_stm32l4xx.c.obj
LOAD CMakeFiles/balloon_main.elf.dir/Core/Startup/startup_stm32l431rbtx.s.obj
LOAD CMakeFiles/balloon_main.elf.dir/Core/device/power/power.c.obj
LOAD CMakeFiles/balloon_main.elf.dir/Core/support/uart_dma/uart_dma.c.obj
LOAD CMakeFiles/balloon_main.elf.dir/Drivers/STM32L4xx_HAL_Driver/Src/stm32l4xx_hal.c.obj
LOAD CMakeFiles/balloon_main.elf.dir/Drivers/STM32L4xx_HAL_Driver/Src/stm32l4xx_hal_cortex.c.obj
LOAD CMakeFiles/balloon_main.elf.dir/Drivers/STM32L4xx_HAL_Driver/Src/stm32l4xx_hal_crc.c.obj
LOAD CMakeFiles/balloon_main.elf.dir/Drivers/STM32L4xx_HAL_Driver/Src/stm32l4xx_hal_crc_ex.c.obj
LOAD CMakeFiles/balloon_main.elf.dir/Drivers/STM32L4xx_HAL_Driver/Src/stm32l4xx_hal_dma.c.obj
LOAD CMakeFiles/balloon_main.elf.dir/Drivers/STM32L4xx_HAL_Driver/Src/stm32l4xx_hal_dma_ex.c.obj
LOAD CMakeFiles/balloon_main.elf.dir/Drivers/STM32L4xx_HAL_Driver/Src/stm32l4xx_hal_exti.c.obj
LOAD CMakeFiles/balloon_main.elf.dir/Drivers/STM32L4xx_HAL_Driver/Src/stm32l4xx_hal_flash.c.obj
LOAD CMakeFiles/balloon_main.elf.dir/Drivers/STM32L4xx_HAL_Driver/Src/stm32l4xx_hal_flash_ex.c.obj
LOAD CMakeFiles/balloon_main.elf.dir/Drivers/STM32L4xx_HAL_Driver/Src/stm32l4xx_hal_flash_ramfunc.c.obj
LOAD CMakeFiles/balloon_main.elf.dir/Drivers/STM32L4xx_HAL_Driver/Src/stm32l4xx_hal_gpio.c.obj
LOAD CMakeFiles/balloon_main.elf.dir/Drivers/STM32L4xx_HAL_Driver/Src/stm32l4xx_hal_i2c.c.obj
LOAD CMakeFiles/balloon_main.elf.dir/Drivers/STM32L4xx_HAL_Driver/Src/stm32l4xx_hal_i2c_ex.c.obj
LOAD CMakeFiles/balloon_main.elf.dir/Drivers/STM32L4xx_HAL_Driver/Src/stm32l4xx_hal_lptim.c.obj
LOAD CMakeFiles/balloon_main.elf.dir/Drivers/STM32L4xx_HAL_Driver/Src/stm32l4xx_hal_pwr.c.obj
LOAD CMakeFiles/balloon_main.elf.dir/Drivers/STM32L4xx_HAL_Driver/Src/stm32l4xx_hal_pwr_ex.c.obj
LOAD CMakeFiles/balloon_main.elf.dir/Drivers/STM32L4xx_HAL_Driver/Src/stm32l4xx_hal_rcc.c.obj
LOAD CMakeFiles/balloon_main.elf.dir/Drivers/STM32L4xx_HAL_Driver/Src/stm32l4xx_hal_rcc_ex.c.obj
LOAD CMakeFiles/balloon_main.elf.dir/Drivers/STM32L4xx_HAL_Driver/Src/stm32l4xx_hal_rtc.c.obj
LOAD CMakeFiles/balloon_main.elf.dir/Drivers/STM32L4xx_HAL_Driver/Src/stm32l4xx_hal_rtc_ex.c.obj
LOAD CMakeFiles/balloon_main.elf.dir/Drivers/STM32L4xx_HAL_Driver/Src/stm32l4xx_hal_sd.c.obj
LOAD CMakeFiles/balloon_main.elf.dir/Drivers/STM32L4xx_HAL_Driver/Src/stm32l4xx_hal_sd_ex.c.obj
LOAD CMakeFiles/balloon_main.elf.dir/Drivers/STM32L4xx_HAL_Driver/Src/stm32l4xx_hal_spi.c.obj
LOAD CMakeFiles/balloon_main.elf.dir/Drivers/STM32L4xx_HAL_Driver/Src/stm32l4xx_hal_spi_ex.c.obj
LOAD CMakeFiles/balloon_main.elf.dir/Drivers/STM32L4xx_HAL_Driver/Src/stm32l4xx_hal_tim.c.obj
LOAD CMakeFiles/balloon_main.elf.dir/Drivers/STM32L4xx_HAL_Driver/Src/stm32l4xx_hal_tim_ex.c.obj
LOAD CMakeFiles/balloon_main.elf.dir/Drivers/STM32L4xx_HAL_Driver/Src/stm32l4xx_ll_dma.c.obj
LOAD CMakeFiles/balloon_main.elf.dir/Drivers/STM32L4xx_HAL_Driver/Src/stm32l4xx_ll_exti.c.obj
LOAD CMakeFiles/balloon_main.elf.dir/Drivers/STM32L4xx_HAL_Driver/Src/stm32l4xx_ll_gpio.c.obj
LOAD CMakeFiles/balloon_main.elf.dir/Drivers/STM32L4xx_HAL_Driver/Src/stm32l4xx_ll_rcc.c.obj
LOAD CMakeFiles/balloon_main.elf.dir/Drivers/STM32L4xx_HAL_Driver/Src/stm32l4xx_ll_sdmmc.c.obj
LOAD CMakeFiles/balloon_main.elf.dir/Drivers/STM32L4xx_HAL_Driver/Src/stm32l4xx_ll_usart.c.obj
LOAD CMakeFiles/balloon_main.elf.dir/Drivers/STM32L4xx_HAL_Driver/Src/stm32l4xx_ll_utils.c.obj
LOAD CMakeFiles/balloon_main.elf.dir/FATFS/App/fatfs.c.obj
LOAD CMakeFiles/balloon_main.elf.dir/FATFS/Target/bsp_driver_sd.c.obj
LOAD CMakeFiles/balloon_main.elf.dir/FATFS/Target/fatfs_platform.c.obj
LOAD CMakeFiles/balloon_main.elf.dir/FATFS/Target/sd_diskio.c.obj
LOAD CMakeFiles/balloon_main.elf.dir/Middlewares/Third_Party/FatFs/src/diskio.c.obj
LOAD CMakeFiles/balloon_main.elf.dir/Middlewares/Third_Party/FatFs/src/ff.c.obj
LOAD CMakeFiles/balloon_main.elf.dir/Middlewares/Third_Party/FatFs/src/ff_gen_drv.c.obj
LOAD CMakeFiles/balloon_main.elf.dir/Middlewares/Third_Party/FatFs/src/option/syscall.c.obj
LOAD CMakeFiles/balloon_main.elf.dir/Middlewares/Third_Party/FreeRTOS/Source/CMSIS_RTOS_V2/cmsis_os2.c.obj
LOAD CMakeFiles/balloon_main.elf.dir/Middlewares/Third_Party/FreeRTOS/Source/croutine.c.obj
LOAD CMakeFiles/balloon_main.elf.dir/Middlewares/Third_Party/FreeRTOS/Source/event_groups.c.obj
LOAD CMakeFiles/balloon_main.elf.dir/Middlewares/Third_Party/FreeRTOS/Source/list.c.obj
LOAD CMakeFiles/balloon_main.elf.dir/Middlewares/Third_Party/FreeRTOS/Source/portable/GCC/ARM_CM4F/port.c.obj
LOAD CMakeFiles/balloon_main.elf.dir/Middlewares/Third_Party/FreeRTOS/Source/portable/MemMang/heap_4.c.obj
LOAD CMakeFiles/balloon_main.elf.dir/Middlewares/Third_Party/FreeRTOS/Source/queue.c.obj
LOAD CMakeFiles/balloon_main.elf.dir/Middlewares/Third_Party/FreeRTOS/Source/stream_buffer.c.obj
LOAD CMakeFiles/balloon_main.elf.dir/Middlewares/Third_Party/FreeRTOS/Source/tasks.c.obj
LOAD CMakeFiles/balloon_main.elf.dir/Middlewares/Third_Party/FreeRTOS/Source/timers.c.obj
START GROUP
LOAD C:/arm-gnu-toolchain-13.2.Rel1-mingw-w64-i686-arm-none-eabi/bin/../lib/gcc/arm-none-eabi/13.2.1/thumb/v7e-m+fp/hard\libgcc.a
LOAD C:/arm-gnu-toolchain-13.2.Rel1-mingw-w64-i686-arm-none-eabi/bin/../lib/gcc/arm-none-eabi/13.2.1/thumb/v7e-m+fp/hard\libg.a
LOAD C:/arm-gnu-toolchain-13.2.Rel1-mingw-w64-i686-arm-none-eabi/bin/../lib/gcc/arm-none-eabi/13.2.1/thumb/v7e-m+fp/hard\libc.a
END GROUP
LOAD C:/arm-gnu-toolchain-13.2.Rel1-mingw-w64-i686-arm-none-eabi/bin/../lib/gcc/arm-none-eabi/13.2.1/thumb/v7e-m+fp/hard/crtend.o
LOAD C:/arm-gnu-toolchain-13.2.Rel1-mingw-w64-i686-arm-none-eabi/bin/../lib/gcc/arm-none-eabi/13.2.1/thumb/v7e-m+fp/hard/crtn.o
                0x20010000                        _estack = (ORIGIN (RAM) + LENGTH (RAM))
                0x00000400                        _Min_Heap_Size = 0x400
                0x00000800                        _Min_Stack_Size = 0x800

.isr_vector     0x08000000      0x18c
                0x08000000                        . = ALIGN (0x4)
 *(.isr_vector)
 .isr_vector    0x08000000      0x18c CMakeFiles/balloon_main.elf.dir/Core/Startup/startup_stm32l431rbtx.s.obj
                0x08000000                g_pfnVectors
                0x0800018c                        . = ALIGN (0x4)

.text           0x080001c0     0xa7a0
                0x080001c0                        . = ALIGN (0x4)
 *(.text)
 .text          0x080001c0      0x134 C:/arm-gnu-toolchain-13.2.Rel1-mingw-w64-i686-arm-none-eabi/bin/../lib/gcc/arm-none-eabi/13.2.1/thumb/v7e-m+fp/hard\libg.a(libc_a-memcpy.o)
                0x080001c0                memcpy
 *fill*         0x080002f4        0xc 
 .text          0x08000300       0xd8 C:/arm-gnu-toolchain-13.2.Rel1-mingw-w64-i686-arm-none-eabi/bin/../lib/gcc/arm-none-eabi/13.2.1/thumb/v7e-m+fp/hard\libg.a(libc_a-strlen.o)
                0x08000300                strlen
 *fill*         0x080003d8        0x8 
 .text          0x080003e0       0xa0 C:/arm-gnu-toolchain-13.2.Rel1-mingw-w64-i686-arm-none-eabi/bin/../lib/gcc/arm-none-eabi/13.2.1/thumb/v7e-m+fp/hard\libg.a(libc_a-memchr.o)
                0x080003e0                memchr
 *(.text*)
 .text.deregister_tm_clones
                0x08000480       0x1c C:/arm-gnu-toolchain-13.2.Rel1-mingw-w64-i686-arm-none-eabi/bin/../lib/gcc/arm-none-eabi/13.2.1/thumb/v7e-m+fp/hard/crtbegin.o
 .text.register_tm_clones
                0x0800049c       0x24 C:/arm-gnu-toolchain-13.2.Rel1-mingw-w64-i686-arm-none-eabi/bin/../lib/gcc/arm-none-eabi/13.2.1/thumb/v7e-m+fp/hard/crtbegin.o
 .text.__do_global_dtors_aux
                0x080004c0       0x28 C:/arm-gnu-toolchain-13.2.Rel1-mingw-w64-i686-arm-none-eabi/bin/../lib/gcc/arm-none-eabi/13.2.1/thumb/v7e-m+fp/hard/crtbegin.o
 .text.frame_dummy
                0x080004e8       0x24 C:/arm-gnu-toolchain-13.2.Rel1-mingw-w64-i686-arm-none-eabi/bin/../lib/gcc/arm-none-eabi/13.2.1/thumb/v7e-m+fp/hard/crtbegin.o
 .text.NVIC_EncodePriority
                0x0800050c       0x3e CMakeFiles/balloon_main.elf.dir/Core/Src/main.c.obj
 .text.ITM_SendChar
                0x0800054a       0x34 CMakeFiles/balloon_main.elf.dir/Core/Src/main.c.obj
 .text.LL_DMA_IsActiveFlag_TC5
                0x0800057e        0xc CMakeFiles/balloon_main.elf.dir/Core/Src/main.c.obj
 .text.LL_DMA_IsActiveFlag_HT5
                0x0800058a        0xc CMakeFiles/balloon_main.elf.dir/Core/Src/main.c.obj
 .text.LL_DMA_ClearFlag_TC5
                0x08000596        0x8 CMakeFiles/balloon_main.elf.dir/Core/Src/main.c.obj
 .text.LL_DMA_ClearFlag_HT5
                0x0800059e        0x8 CMakeFiles/balloon_main.elf.dir/Core/Src/main.c.obj
 *fill*         0x080005a6        0x2 
 .text.MX_SDMMC1_SD_Init
                0x080005a8       0x24 CMakeFiles/balloon_main.elf.dir/Core/Src/main.c.obj
 .text.MX_GPIO_Init
                0x080005cc       0xe0 CMakeFiles/balloon_main.elf.dir/Core/Src/main.c.obj
 .text.MX_DMA_Init
                0x080006ac      0x11c CMakeFiles/balloon_main.elf.dir/Core/Src/main.c.obj
 .text.StartDefaultTask
                0x080007c8        0xa CMakeFiles/balloon_main.elf.dir/Core/Src/main.c.obj
                0x080007c8                StartDefaultTask
 .text._write   0x080007d2       0x1c CMakeFiles/balloon_main.elf.dir/Core/Src/main.c.obj
                0x080007d2                _write
 *fill*         0x080007ee        0x2 
 .text.HAL_TIM_PeriodElapsedCallback
                0x080007f0       0x18 CMakeFiles/balloon_main.elf.dir/Core/Src/main.c.obj
                0x080007f0                HAL_TIM_PeriodElapsedCallback
 .text.Error_Handler
                0x08000808        0x4 CMakeFiles/balloon_main.elf.dir/Core/Src/main.c.obj
                0x08000808                Error_Handler
 .text.MX_I2C1_Init
                0x0800080c       0x54 CMakeFiles/balloon_main.elf.dir/Core/Src/main.c.obj
 .text.MX_USART1_UART_Init
                0x08000860      0x1cc CMakeFiles/balloon_main.elf.dir/Core/Src/main.c.obj
 .text.MX_RTC_Init
                0x08000a2c       0xc4 CMakeFiles/balloon_main.elf.dir/Core/Src/main.c.obj
 .text.MX_CRC_Init
                0x08000af0       0x2c CMakeFiles/balloon_main.elf.dir/Core/Src/main.c.obj
 .text.MX_USART3_UART_Init
                0x08000b1c      0x15c CMakeFiles/balloon_main.elf.dir/Core/Src/main.c.obj
 .text.MX_LPTIM2_Init
                0x08000c78       0x3c CMakeFiles/balloon_main.elf.dir/Core/Src/main.c.obj
 .text.MX_I2C2_Init
                0x08000cb4       0x54 CMakeFiles/balloon_main.elf.dir/Core/Src/main.c.obj
 .text.MX_I2C3_Init
                0x08000d08       0x54 CMakeFiles/balloon_main.elf.dir/Core/Src/main.c.obj
 .text.MX_USART2_UART_Init
                0x08000d5c      0x1e0 CMakeFiles/balloon_main.elf.dir/Core/Src/main.c.obj
 .text.MX_SPI1_Init
                0x08000f3c       0x48 CMakeFiles/balloon_main.elf.dir/Core/Src/main.c.obj
 .text.MX_SPI2_Init
                0x08000f84       0x48 CMakeFiles/balloon_main.elf.dir/Core/Src/main.c.obj
 .text.MX_TIM1_Init
                0x08000fcc       0xe8 CMakeFiles/balloon_main.elf.dir/Core/Src/main.c.obj
 .text.SystemClock_Config
                0x080010b4       0x80 CMakeFiles/balloon_main.elf.dir/Core/Src/main.c.obj
                0x080010b4                SystemClock_Config
 .text.main     0x08001134       0xe4 CMakeFiles/balloon_main.elf.dir/Core/Src/main.c.obj
                0x08001134                main
 .text.HAL_MspInit
                0x08001218       0x40 CMakeFiles/balloon_main.elf.dir/Core/Src/stm32l4xx_hal_msp.c.obj
                0x08001218                HAL_MspInit
 .text.HAL_CRC_MspInit
                0x08001258       0x2c CMakeFiles/balloon_main.elf.dir/Core/Src/stm32l4xx_hal_msp.c.obj
                0x08001258                HAL_CRC_MspInit
 .text.HAL_I2C_MspInit
                0x08001284      0x1d0 CMakeFiles/balloon_main.elf.dir/Core/Src/stm32l4xx_hal_msp.c.obj
                0x08001284                HAL_I2C_MspInit
 .text.HAL_LPTIM_MspInit
                0x08001454       0x88 CMakeFiles/balloon_main.elf.dir/Core/Src/stm32l4xx_hal_msp.c.obj
                0x08001454                HAL_LPTIM_MspInit
 .text.HAL_RTC_MspInit
                0x080014dc       0x50 CMakeFiles/balloon_main.elf.dir/Core/Src/stm32l4xx_hal_msp.c.obj
                0x080014dc                HAL_RTC_MspInit
 .text.HAL_SD_MspInit
                0x0800152c      0x150 CMakeFiles/balloon_main.elf.dir/Core/Src/stm32l4xx_hal_msp.c.obj
                0x0800152c                HAL_SD_MspInit
 .text.HAL_SPI_MspInit
                0x0800167c       0xe0 CMakeFiles/balloon_main.elf.dir/Core/Src/stm32l4xx_hal_msp.c.obj
                0x0800167c                HAL_SPI_MspInit
 .text.HAL_TIM_Base_MspInit
                0x0800175c       0x6c CMakeFiles/balloon_main.elf.dir/Core/Src/stm32l4xx_hal_msp.c.obj
                0x0800175c                HAL_TIM_Base_MspInit
 .text.HAL_TIM_MspPostInit
                0x080017c8       0x54 CMakeFiles/balloon_main.elf.dir/Core/Src/stm32l4xx_hal_msp.c.obj
                0x080017c8                HAL_TIM_MspPostInit
 .text.HAL_InitTick
                0x0800181c       0xa0 CMakeFiles/balloon_main.elf.dir/Core/Src/stm32l4xx_hal_timebase_tim.c.obj
                0x0800181c                HAL_InitTick
 .text.NMI_Handler
                0x080018bc        0x2 CMakeFiles/balloon_main.elf.dir/Core/Src/stm32l4xx_it.c.obj
                0x080018bc                NMI_Handler
 .text.HardFault_Handler
                0x080018be        0x2 CMakeFiles/balloon_main.elf.dir/Core/Src/stm32l4xx_it.c.obj
                0x080018be                HardFault_Handler
 .text.MemManage_Handler
                0x080018c0        0x2 CMakeFiles/balloon_main.elf.dir/Core/Src/stm32l4xx_it.c.obj
                0x080018c0                MemManage_Handler
 .text.BusFault_Handler
                0x080018c2        0x2 CMakeFiles/balloon_main.elf.dir/Core/Src/stm32l4xx_it.c.obj
                0x080018c2                BusFault_Handler
 .text.UsageFault_Handler
                0x080018c4        0x2 CMakeFiles/balloon_main.elf.dir/Core/Src/stm32l4xx_it.c.obj
                0x080018c4                UsageFault_Handler
 .text.DebugMon_Handler
                0x080018c6        0x2 CMakeFiles/balloon_main.elf.dir/Core/Src/stm32l4xx_it.c.obj
                0x080018c6                DebugMon_Handler
 .text.DMA1_Channel2_IRQHandler
                0x080018c8       0x10 CMakeFiles/balloon_main.elf.dir/Core/Src/stm32l4xx_it.c.obj
                0x080018c8                DMA1_Channel2_IRQHandler
 .text.DMA1_Channel3_IRQHandler
                0x080018d8        0x2 CMakeFiles/balloon_main.elf.dir/Core/Src/stm32l4xx_it.c.obj
                0x080018d8                DMA1_Channel3_IRQHandler
 .text.DMA1_Channel4_IRQHandler
                0x080018da        0x2 CMakeFiles/balloon_main.elf.dir/Core/Src/stm32l4xx_it.c.obj
                0x080018da                DMA1_Channel4_IRQHandler
 .text.DMA1_Channel5_IRQHandler
                0x080018dc       0x10 CMakeFiles/balloon_main.elf.dir/Core/Src/stm32l4xx_it.c.obj
                0x080018dc                DMA1_Channel5_IRQHandler
 .text.DMA1_Channel6_IRQHandler
                0x080018ec        0x2 CMakeFiles/balloon_main.elf.dir/Core/Src/stm32l4xx_it.c.obj
                0x080018ec                DMA1_Channel6_IRQHandler
 .text.DMA1_Channel7_IRQHandler
                0x080018ee        0x2 CMakeFiles/balloon_main.elf.dir/Core/Src/stm32l4xx_it.c.obj
                0x080018ee                DMA1_Channel7_IRQHandler
 .text.I2C1_ER_IRQHandler
                0x080018f0       0x10 CMakeFiles/balloon_main.elf.dir/Core/Src/stm32l4xx_it.c.obj
                0x080018f0                I2C1_ER_IRQHandler
 .text.USART1_IRQHandler
                0x08001900       0x10 CMakeFiles/balloon_main.elf.dir/Core/Src/stm32l4xx_it.c.obj
                0x08001900                USART1_IRQHandler
 .text.USART2_IRQHandler
                0x08001910        0x2 CMakeFiles/balloon_main.elf.dir/Core/Src/stm32l4xx_it.c.obj
                0x08001910                USART2_IRQHandler
 .text.USART3_IRQHandler
                0x08001912        0x2 CMakeFiles/balloon_main.elf.dir/Core/Src/stm32l4xx_it.c.obj
                0x08001912                USART3_IRQHandler
 .text.SDMMC1_IRQHandler
                0x08001914       0x10 CMakeFiles/balloon_main.elf.dir/Core/Src/stm32l4xx_it.c.obj
                0x08001914                SDMMC1_IRQHandler
 .text.TIM6_DAC_IRQHandler
                0x08001924       0x10 CMakeFiles/balloon_main.elf.dir/Core/Src/stm32l4xx_it.c.obj
                0x08001924                TIM6_DAC_IRQHandler
 .text.DMA2_Channel4_IRQHandler
                0x08001934       0x10 CMakeFiles/balloon_main.elf.dir/Core/Src/stm32l4xx_it.c.obj
                0x08001934                DMA2_Channel4_IRQHandler
 .text.DMA2_Channel5_IRQHandler
                0x08001944       0x10 CMakeFiles/balloon_main.elf.dir/Core/Src/stm32l4xx_it.c.obj
                0x08001944                DMA2_Channel5_IRQHandler
 .text.DMA2_Channel6_IRQHandler
                0x08001954       0x10 CMakeFiles/balloon_main.elf.dir/Core/Src/stm32l4xx_it.c.obj
                0x08001954                DMA2_Channel6_IRQHandler
 .text.DMA2_Channel7_IRQHandler
                0x08001964       0x10 CMakeFiles/balloon_main.elf.dir/Core/Src/stm32l4xx_it.c.obj
                0x08001964                DMA2_Channel7_IRQHandler
 .text._read    0x08001974       0x20 CMakeFiles/balloon_main.elf.dir/Core/Src/syscalls.c.obj
                0x08001974                _read
 .text._close   0x08001994        0x6 CMakeFiles/balloon_main.elf.dir/Core/Src/syscalls.c.obj
                0x08001994                _close
 .text._fstat   0x0800199a        0xa CMakeFiles/balloon_main.elf.dir/Core/Src/syscalls.c.obj
                0x0800199a                _fstat
 .text._isatty  0x080019a4        0x4 CMakeFiles/balloon_main.elf.dir/Core/Src/syscalls.c.obj
                0x080019a4                _isatty
 .text._lseek   0x080019a8        0x4 CMakeFiles/balloon_main.elf.dir/Core/Src/syscalls.c.obj
                0x080019a8                _lseek
 .text._sbrk    0x080019ac       0x48 CMakeFiles/balloon_main.elf.dir/Core/Src/sysmem.c.obj
                0x080019ac                _sbrk
 .text.SystemInit
                0x080019f4       0x14 CMakeFiles/balloon_main.elf.dir/Core/Src/system_stm32l4xx.c.obj
                0x080019f4                SystemInit
 .text.Reset_Handler
                0x08001a08       0x50 CMakeFiles/balloon_main.elf.dir/Core/Startup/startup_stm32l431rbtx.s.obj
                0x08001a08                Reset_Handler
 .text.Default_Handler
                0x08001a58        0x2 CMakeFiles/balloon_main.elf.dir/Core/Startup/startup_stm32l431rbtx.s.obj
                0x08001a58                RTC_Alarm_IRQHandler
                0x08001a58                EXTI2_IRQHandler
                0x08001a58                TIM1_CC_IRQHandler
                0x08001a58                TSC_IRQHandler
                0x08001a58                TAMP_STAMP_IRQHandler
                0x08001a58                EXTI3_IRQHandler
                0x08001a58                LPTIM2_IRQHandler
                0x08001a58                I2C3_ER_IRQHandler
                0x08001a58                EXTI0_IRQHandler
                0x08001a58                I2C2_EV_IRQHandler
                0x08001a58                CAN1_RX0_IRQHandler
                0x08001a58                FPU_IRQHandler
                0x08001a58                TIM1_UP_TIM16_IRQHandler
                0x08001a58                SPI1_IRQHandler
                0x08001a58                DMA2_Channel2_IRQHandler
                0x08001a58                ADC1_IRQHandler
                0x08001a58                CAN1_RX1_IRQHandler
                0x08001a58                DMA2_Channel1_IRQHandler
                0x08001a58                QUADSPI_IRQHandler
                0x08001a58                I2C1_EV_IRQHandler
                0x08001a58                RCC_IRQHandler
                0x08001a58                TIM1_TRG_COM_IRQHandler
                0x08001a58                DMA1_Channel1_IRQHandler
                0x08001a58                Default_Handler
                0x08001a58                EXTI15_10_IRQHandler
                0x08001a58                TIM7_IRQHandler
                0x08001a58                I2C3_EV_IRQHandler
                0x08001a58                EXTI9_5_IRQHandler
                0x08001a58                RTC_WKUP_IRQHandler
                0x08001a58                PVD_PVM_IRQHandler
                0x08001a58                SPI2_IRQHandler
                0x08001a58                CAN1_TX_IRQHandler
                0x08001a58                CRS_IRQHandler
                0x08001a58                EXTI4_IRQHandler
                0x08001a58                RNG_IRQHandler
                0x08001a58                COMP_IRQHandler
                0x08001a58                WWDG_IRQHandler
                0x08001a58                LPUART1_IRQHandler
                0x08001a58                TIM2_IRQHandler
                0x08001a58                EXTI1_IRQHandler
                0x08001a58                I2C2_ER_IRQHandler
                0x08001a58                CAN1_SCE_IRQHandler
                0x08001a58                FLASH_IRQHandler
                0x08001a58                SPI3_IRQHandler
                0x08001a58                SWPMI1_IRQHandler
                0x08001a58                LPTIM1_IRQHandler
                0x08001a58                SAI1_IRQHandler
                0x08001a58                DMA2_Channel3_IRQHandler
                0x08001a58                TIM1_BRK_TIM15_IRQHandler
 .text.usart_process_data
                0x08001a5a       0x36 CMakeFiles/balloon_main.elf.dir/Core/support/uart_dma/uart_dma.c.obj
                0x08001a5a                usart_process_data
 .text.usart_rx_check
                0x08001a90       0x54 CMakeFiles/balloon_main.elf.dir/Core/support/uart_dma/uart_dma.c.obj
                0x08001a90                usart_rx_check
 .text.usart_send_string
                0x08001ae4       0x18 CMakeFiles/balloon_main.elf.dir/Core/support/uart_dma/uart_dma.c.obj
                0x08001ae4                usart_send_string
 .text.usart_rx_dma_thread
                0x08001afc       0x34 CMakeFiles/balloon_main.elf.dir/Core/support/uart_dma/uart_dma.c.obj
                0x08001afc                usart_rx_dma_thread
 .text.usart_dma_irq_handler
                0x08001b30       0x68 CMakeFiles/balloon_main.elf.dir/Core/support/uart_dma/uart_dma.c.obj
                0x08001b30                usart_dma_irq_handler
 .text.usart_irq_handler
                0x08001b98       0x32 CMakeFiles/balloon_main.elf.dir/Core/support/uart_dma/uart_dma.c.obj
                0x08001b98                usart_irq_handler
 .text.HAL_Init
                0x08001bca       0x1e CMakeFiles/balloon_main.elf.dir/Drivers/STM32L4xx_HAL_Driver/Src/stm32l4xx_hal.c.obj
                0x08001bca                HAL_Init
 .text.HAL_IncTick
                0x08001be8       0x18 CMakeFiles/balloon_main.elf.dir/Drivers/STM32L4xx_HAL_Driver/Src/stm32l4xx_hal.c.obj
                0x08001be8                HAL_IncTick
 .text.HAL_GetTick
                0x08001c00        0xc CMakeFiles/balloon_main.elf.dir/Drivers/STM32L4xx_HAL_Driver/Src/stm32l4xx_hal.c.obj
                0x08001c00                HAL_GetTick
 .text.HAL_Delay
                0x08001c0c       0x28 CMakeFiles/balloon_main.elf.dir/Drivers/STM32L4xx_HAL_Driver/Src/stm32l4xx_hal.c.obj
                0x08001c0c                HAL_Delay
 .text.__NVIC_EnableIRQ
                0x08001c34       0x1c CMakeFiles/balloon_main.elf.dir/Drivers/STM32L4xx_HAL_Driver/Src/stm32l4xx_hal_cortex.c.obj
 .text.__NVIC_SetPriority
                0x08001c50       0x28 CMakeFiles/balloon_main.elf.dir/Drivers/STM32L4xx_HAL_Driver/Src/stm32l4xx_hal_cortex.c.obj
 .text.NVIC_EncodePriority
                0x08001c78       0x3e CMakeFiles/balloon_main.elf.dir/Drivers/STM32L4xx_HAL_Driver/Src/stm32l4xx_hal_cortex.c.obj
 *fill*         0x08001cb6        0x2 
 .text.HAL_NVIC_SetPriorityGrouping
                0x08001cb8       0x24 CMakeFiles/balloon_main.elf.dir/Drivers/STM32L4xx_HAL_Driver/Src/stm32l4xx_hal_cortex.c.obj
                0x08001cb8                HAL_NVIC_SetPriorityGrouping
 .text.HAL_NVIC_SetPriority
                0x08001cdc       0x20 CMakeFiles/balloon_main.elf.dir/Drivers/STM32L4xx_HAL_Driver/Src/stm32l4xx_hal_cortex.c.obj
                0x08001cdc                HAL_NVIC_SetPriority
 .text.HAL_NVIC_EnableIRQ
                0x08001cfc        0x8 CMakeFiles/balloon_main.elf.dir/Drivers/STM32L4xx_HAL_Driver/Src/stm32l4xx_hal_cortex.c.obj
                0x08001cfc                HAL_NVIC_EnableIRQ
 .text.HAL_CRC_Init
                0x08001d04       0x80 CMakeFiles/balloon_main.elf.dir/Drivers/STM32L4xx_HAL_Driver/Src/stm32l4xx_hal_crc.c.obj
                0x08001d04                HAL_CRC_Init
 .text.HAL_CRCEx_Polynomial_Set
                0x08001d84       0x78 CMakeFiles/balloon_main.elf.dir/Drivers/STM32L4xx_HAL_Driver/Src/stm32l4xx_hal_crc_ex.c.obj
                0x08001d84                HAL_CRCEx_Polynomial_Set
 .text.DMA_SetConfig
                0x08001dfc       0x32 CMakeFiles/balloon_main.elf.dir/Drivers/STM32L4xx_HAL_Driver/Src/stm32l4xx_hal_dma.c.obj
 *fill*         0x08001e2e        0x2 
 .text.HAL_DMA_Init
                0x08001e30      0x104 CMakeFiles/balloon_main.elf.dir/Drivers/STM32L4xx_HAL_Driver/Src/stm32l4xx_hal_dma.c.obj
                0x08001e30                HAL_DMA_Init
 .text.HAL_DMA_Start_IT
                0x08001f34       0x76 CMakeFiles/balloon_main.elf.dir/Drivers/STM32L4xx_HAL_Driver/Src/stm32l4xx_hal_dma.c.obj
                0x08001f34                HAL_DMA_Start_IT
 .text.HAL_DMA_Abort_IT
                0x08001faa       0x50 CMakeFiles/balloon_main.elf.dir/Drivers/STM32L4xx_HAL_Driver/Src/stm32l4xx_hal_dma.c.obj
                0x08001faa                HAL_DMA_Abort_IT
 .text.HAL_DMA_IRQHandler
                0x08001ffa       0xc4 CMakeFiles/balloon_main.elf.dir/Drivers/STM32L4xx_HAL_Driver/Src/stm32l4xx_hal_dma.c.obj
                0x08001ffa                HAL_DMA_IRQHandler
 .text.HAL_DMA_GetState
                0x080020be        0x6 CMakeFiles/balloon_main.elf.dir/Drivers/STM32L4xx_HAL_Driver/Src/stm32l4xx_hal_dma.c.obj
                0x080020be                HAL_DMA_GetState
 .text.HAL_GPIO_Init
                0x080020c4      0x1c8 CMakeFiles/balloon_main.elf.dir/Drivers/STM32L4xx_HAL_Driver/Src/stm32l4xx_hal_gpio.c.obj
                0x080020c4                HAL_GPIO_Init
 .text.HAL_GPIO_ReadPin
                0x0800228c        0xe CMakeFiles/balloon_main.elf.dir/Drivers/STM32L4xx_HAL_Driver/Src/stm32l4xx_hal_gpio.c.obj
                0x0800228c                HAL_GPIO_ReadPin
 .text.HAL_GPIO_WritePin
                0x0800229a        0xa CMakeFiles/balloon_main.elf.dir/Drivers/STM32L4xx_HAL_Driver/Src/stm32l4xx_hal_gpio.c.obj
                0x0800229a                HAL_GPIO_WritePin
 .text.I2C_Flush_TXDR
                0x080022a4       0x22 CMakeFiles/balloon_main.elf.dir/Drivers/STM32L4xx_HAL_Driver/Src/stm32l4xx_hal_i2c.c.obj
 .text.I2C_Disable_IRQ
                0x080022c6       0x70 CMakeFiles/balloon_main.elf.dir/Drivers/STM32L4xx_HAL_Driver/Src/stm32l4xx_hal_i2c.c.obj
 .text.HAL_I2C_Init
                0x08002336       0xc8 CMakeFiles/balloon_main.elf.dir/Drivers/STM32L4xx_HAL_Driver/Src/stm32l4xx_hal_i2c.c.obj
                0x08002336                HAL_I2C_Init
 .text.HAL_I2C_SlaveTxCpltCallback
                0x080023fe        0x2 CMakeFiles/balloon_main.elf.dir/Drivers/STM32L4xx_HAL_Driver/Src/stm32l4xx_hal_i2c.c.obj
                0x080023fe                HAL_I2C_SlaveTxCpltCallback
 .text.HAL_I2C_SlaveRxCpltCallback
                0x08002400        0x2 CMakeFiles/balloon_main.elf.dir/Drivers/STM32L4xx_HAL_Driver/Src/stm32l4xx_hal_i2c.c.obj
                0x08002400                HAL_I2C_SlaveRxCpltCallback
 .text.I2C_ITSlaveSeqCplt
                0x08002402       0x82 CMakeFiles/balloon_main.elf.dir/Drivers/STM32L4xx_HAL_Driver/Src/stm32l4xx_hal_i2c.c.obj
 .text.HAL_I2C_AddrCallback
                0x08002484        0x2 CMakeFiles/balloon_main.elf.dir/Drivers/STM32L4xx_HAL_Driver/Src/stm32l4xx_hal_i2c.c.obj
                0x08002484                HAL_I2C_AddrCallback
 .text.I2C_ITAddrCplt
                0x08002486       0xa0 CMakeFiles/balloon_main.elf.dir/Drivers/STM32L4xx_HAL_Driver/Src/stm32l4xx_hal_i2c.c.obj
 .text.HAL_I2C_ListenCpltCallback
                0x08002526        0x2 CMakeFiles/balloon_main.elf.dir/Drivers/STM32L4xx_HAL_Driver/Src/stm32l4xx_hal_i2c.c.obj
                0x08002526                HAL_I2C_ListenCpltCallback
 .text.I2C_ITListenCplt
                0x08002528       0x68 CMakeFiles/balloon_main.elf.dir/Drivers/STM32L4xx_HAL_Driver/Src/stm32l4xx_hal_i2c.c.obj
 .text.HAL_I2C_ErrorCallback
                0x08002590        0x2 CMakeFiles/balloon_main.elf.dir/Drivers/STM32L4xx_HAL_Driver/Src/stm32l4xx_hal_i2c.c.obj
                0x08002590                HAL_I2C_ErrorCallback
 .text.HAL_I2C_AbortCpltCallback
                0x08002592        0x2 CMakeFiles/balloon_main.elf.dir/Drivers/STM32L4xx_HAL_Driver/Src/stm32l4xx_hal_i2c.c.obj
                0x08002592                HAL_I2C_AbortCpltCallback
 .text.I2C_TreatErrorCallback
                0x08002594       0x2e CMakeFiles/balloon_main.elf.dir/Drivers/STM32L4xx_HAL_Driver/Src/stm32l4xx_hal_i2c.c.obj
 *fill*         0x080025c2        0x2 
 .text.I2C_ITError
                0x080025c4      0x130 CMakeFiles/balloon_main.elf.dir/Drivers/STM32L4xx_HAL_Driver/Src/stm32l4xx_hal_i2c.c.obj
 .text.I2C_ITSlaveCplt
                0x080026f4      0x174 CMakeFiles/balloon_main.elf.dir/Drivers/STM32L4xx_HAL_Driver/Src/stm32l4xx_hal_i2c.c.obj
 .text.I2C_Slave_ISR_IT
                0x08002868      0x14e CMakeFiles/balloon_main.elf.dir/Drivers/STM32L4xx_HAL_Driver/Src/stm32l4xx_hal_i2c.c.obj
 .text.HAL_I2C_ER_IRQHandler
                0x080029b6       0x6a CMakeFiles/balloon_main.elf.dir/Drivers/STM32L4xx_HAL_Driver/Src/stm32l4xx_hal_i2c.c.obj
                0x080029b6                HAL_I2C_ER_IRQHandler
 .text.I2C_DMAAbort
                0x08002a20       0x1a CMakeFiles/balloon_main.elf.dir/Drivers/STM32L4xx_HAL_Driver/Src/stm32l4xx_hal_i2c.c.obj
 .text.HAL_I2CEx_ConfigAnalogFilter
                0x08002a3a       0x5c CMakeFiles/balloon_main.elf.dir/Drivers/STM32L4xx_HAL_Driver/Src/stm32l4xx_hal_i2c_ex.c.obj
                0x08002a3a                HAL_I2CEx_ConfigAnalogFilter
 .text.HAL_I2CEx_ConfigDigitalFilter
                0x08002a96       0x58 CMakeFiles/balloon_main.elf.dir/Drivers/STM32L4xx_HAL_Driver/Src/stm32l4xx_hal_i2c_ex.c.obj
                0x08002a96                HAL_I2CEx_ConfigDigitalFilter
 *fill*         0x08002aee        0x2 
 .text.HAL_LPTIM_Init
                0x08002af0       0xbc CMakeFiles/balloon_main.elf.dir/Drivers/STM32L4xx_HAL_Driver/Src/stm32l4xx_hal_lptim.c.obj
                0x08002af0                HAL_LPTIM_Init
 .text.HAL_PWREx_GetVoltageRange
                0x08002bac       0x10 CMakeFiles/balloon_main.elf.dir/Drivers/STM32L4xx_HAL_Driver/Src/stm32l4xx_hal_pwr_ex.c.obj
                0x08002bac                HAL_PWREx_GetVoltageRange
 .text.HAL_PWREx_ControlVoltageScaling
                0x08002bbc       0x90 CMakeFiles/balloon_main.elf.dir/Drivers/STM32L4xx_HAL_Driver/Src/stm32l4xx_hal_pwr_ex.c.obj
                0x08002bbc                HAL_PWREx_ControlVoltageScaling
 .text.RCC_SetFlashLatencyFromMSIRange
                0x08002c4c       0x90 CMakeFiles/balloon_main.elf.dir/Drivers/STM32L4xx_HAL_Driver/Src/stm32l4xx_hal_rcc.c.obj
 .text.HAL_RCC_GetSysClockFreq
                0x08002cdc       0xb4 CMakeFiles/balloon_main.elf.dir/Drivers/STM32L4xx_HAL_Driver/Src/stm32l4xx_hal_rcc.c.obj
                0x08002cdc                HAL_RCC_GetSysClockFreq
 .text.HAL_RCC_OscConfig
                0x08002d90      0x66c CMakeFiles/balloon_main.elf.dir/Drivers/STM32L4xx_HAL_Driver/Src/stm32l4xx_hal_rcc.c.obj
                0x08002d90                HAL_RCC_OscConfig
 .text.HAL_RCC_ClockConfig
                0x080033fc      0x188 CMakeFiles/balloon_main.elf.dir/Drivers/STM32L4xx_HAL_Driver/Src/stm32l4xx_hal_rcc.c.obj
                0x080033fc                HAL_RCC_ClockConfig
 .text.HAL_RCC_GetHCLKFreq
                0x08003584        0xc CMakeFiles/balloon_main.elf.dir/Drivers/STM32L4xx_HAL_Driver/Src/stm32l4xx_hal_rcc.c.obj
                0x08003584                HAL_RCC_GetHCLKFreq
 .text.HAL_RCC_GetPCLK1Freq
                0x08003590       0x24 CMakeFiles/balloon_main.elf.dir/Drivers/STM32L4xx_HAL_Driver/Src/stm32l4xx_hal_rcc.c.obj
                0x08003590                HAL_RCC_GetPCLK1Freq
 .text.HAL_RCC_GetPCLK2Freq
                0x080035b4       0x24 CMakeFiles/balloon_main.elf.dir/Drivers/STM32L4xx_HAL_Driver/Src/stm32l4xx_hal_rcc.c.obj
                0x080035b4                HAL_RCC_GetPCLK2Freq
 .text.HAL_RCC_GetClockConfig
                0x080035d8       0x3c CMakeFiles/balloon_main.elf.dir/Drivers/STM32L4xx_HAL_Driver/Src/stm32l4xx_hal_rcc.c.obj
                0x080035d8                HAL_RCC_GetClockConfig
 .text.RCCEx_GetSAIxPeriphCLKFreq
                0x08003614       0xf0 CMakeFiles/balloon_main.elf.dir/Drivers/STM32L4xx_HAL_Driver/Src/stm32l4xx_hal_rcc_ex.c.obj
 .text.RCCEx_PLLSAI1_Config
                0x08003704      0x170 CMakeFiles/balloon_main.elf.dir/Drivers/STM32L4xx_HAL_Driver/Src/stm32l4xx_hal_rcc_ex.c.obj
 .text.HAL_RCCEx_PeriphCLKConfig
                0x08003874      0x31c CMakeFiles/balloon_main.elf.dir/Drivers/STM32L4xx_HAL_Driver/Src/stm32l4xx_hal_rcc_ex.c.obj
                0x08003874                HAL_RCCEx_PeriphCLKConfig
 .text.HAL_RCCEx_GetPeriphCLKFreq
                0x08003b90      0x5f8 CMakeFiles/balloon_main.elf.dir/Drivers/STM32L4xx_HAL_Driver/Src/stm32l4xx_hal_rcc_ex.c.obj
                0x08003b90                HAL_RCCEx_GetPeriphCLKFreq
 .text.HAL_RTC_WaitForSynchro
                0x08004188       0x34 CMakeFiles/balloon_main.elf.dir/Drivers/STM32L4xx_HAL_Driver/Src/stm32l4xx_hal_rtc.c.obj
                0x08004188                HAL_RTC_WaitForSynchro
 .text.RTC_EnterInitMode
                0x080041bc       0x44 CMakeFiles/balloon_main.elf.dir/Drivers/STM32L4xx_HAL_Driver/Src/stm32l4xx_hal_rtc.c.obj
                0x080041bc                RTC_EnterInitMode
 .text.RTC_ExitInitMode
                0x08004200       0x4c CMakeFiles/balloon_main.elf.dir/Drivers/STM32L4xx_HAL_Driver/Src/stm32l4xx_hal_rtc.c.obj
                0x08004200                RTC_ExitInitMode
 .text.HAL_RTC_Init
                0x0800424c       0xa6 CMakeFiles/balloon_main.elf.dir/Drivers/STM32L4xx_HAL_Driver/Src/stm32l4xx_hal_rtc.c.obj
                0x0800424c                HAL_RTC_Init
 .text.RTC_ByteToBcd2
                0x080042f2       0x16 CMakeFiles/balloon_main.elf.dir/Drivers/STM32L4xx_HAL_Driver/Src/stm32l4xx_hal_rtc.c.obj
                0x080042f2                RTC_ByteToBcd2
 .text.HAL_RTC_SetTime
                0x08004308       0xcc CMakeFiles/balloon_main.elf.dir/Drivers/STM32L4xx_HAL_Driver/Src/stm32l4xx_hal_rtc.c.obj
                0x08004308                HAL_RTC_SetTime
 .text.HAL_RTC_SetDate
                0x080043d4       0xa4 CMakeFiles/balloon_main.elf.dir/Drivers/STM32L4xx_HAL_Driver/Src/stm32l4xx_hal_rtc.c.obj
                0x080043d4                HAL_RTC_SetDate
 .text.HAL_RTC_SetAlarm
                0x08004478      0x18a CMakeFiles/balloon_main.elf.dir/Drivers/STM32L4xx_HAL_Driver/Src/stm32l4xx_hal_rtc.c.obj
                0x08004478                HAL_RTC_SetAlarm
 .text.SD_DMATransmitCplt
                0x08004602        0xe CMakeFiles/balloon_main.elf.dir/Drivers/STM32L4xx_HAL_Driver/Src/stm32l4xx_hal_sd.c.obj
 .text.SD_PowerON
                0x08004610       0xc0 CMakeFiles/balloon_main.elf.dir/Drivers/STM32L4xx_HAL_Driver/Src/stm32l4xx_hal_sd.c.obj
 .text.SD_Read_IT
                0x080046d0       0x38 CMakeFiles/balloon_main.elf.dir/Drivers/STM32L4xx_HAL_Driver/Src/stm32l4xx_hal_sd.c.obj
 .text.SD_Write_IT
                0x08004708       0x48 CMakeFiles/balloon_main.elf.dir/Drivers/STM32L4xx_HAL_Driver/Src/stm32l4xx_hal_sd.c.obj
 .text.SD_FindSCR
                0x08004750       0xfc CMakeFiles/balloon_main.elf.dir/Drivers/STM32L4xx_HAL_Driver/Src/stm32l4xx_hal_sd.c.obj
 .text.SD_WideBus_Enable
                0x0800484c       0x4e CMakeFiles/balloon_main.elf.dir/Drivers/STM32L4xx_HAL_Driver/Src/stm32l4xx_hal_sd.c.obj
 .text.SD_WideBus_Disable
                0x0800489a       0x4e CMakeFiles/balloon_main.elf.dir/Drivers/STM32L4xx_HAL_Driver/Src/stm32l4xx_hal_sd.c.obj
 .text.SD_SendStatus
                0x080048e8       0x2c CMakeFiles/balloon_main.elf.dir/Drivers/STM32L4xx_HAL_Driver/Src/stm32l4xx_hal_sd.c.obj
 .text.HAL_SD_ReadBlocks_DMA
                0x08004914      0x118 CMakeFiles/balloon_main.elf.dir/Drivers/STM32L4xx_HAL_Driver/Src/stm32l4xx_hal_sd.c.obj
                0x08004914                HAL_SD_ReadBlocks_DMA
 .text.HAL_SD_WriteBlocks_DMA
                0x08004a2c      0x110 CMakeFiles/balloon_main.elf.dir/Drivers/STM32L4xx_HAL_Driver/Src/stm32l4xx_hal_sd.c.obj
                0x08004a2c                HAL_SD_WriteBlocks_DMA
 .text.HAL_SD_ErrorCallback
                0x08004b3c        0x2 CMakeFiles/balloon_main.elf.dir/Drivers/STM32L4xx_HAL_Driver/Src/stm32l4xx_hal_sd.c.obj
                0x08004b3c                HAL_SD_ErrorCallback
 .text.SD_DMAReceiveCplt
                0x08004b3e       0x48 CMakeFiles/balloon_main.elf.dir/Drivers/STM32L4xx_HAL_Driver/Src/stm32l4xx_hal_sd.c.obj
 *fill*         0x08004b86        0x2 
 .text.HAL_SD_GetCardCSD
                0x08004b88      0x1b8 CMakeFiles/balloon_main.elf.dir/Drivers/STM32L4xx_HAL_Driver/Src/stm32l4xx_hal_sd.c.obj
                0x08004b88                HAL_SD_GetCardCSD
 .text.SD_InitCard
                0x08004d40      0x100 CMakeFiles/balloon_main.elf.dir/Drivers/STM32L4xx_HAL_Driver/Src/stm32l4xx_hal_sd.c.obj
 .text.HAL_SD_InitCard
                0x08004e40       0xdc CMakeFiles/balloon_main.elf.dir/Drivers/STM32L4xx_HAL_Driver/Src/stm32l4xx_hal_sd.c.obj
                0x08004e40                HAL_SD_InitCard
 .text.HAL_SD_Init
                0x08004f1c       0x36 CMakeFiles/balloon_main.elf.dir/Drivers/STM32L4xx_HAL_Driver/Src/stm32l4xx_hal_sd.c.obj
                0x08004f1c                HAL_SD_Init
 .text.HAL_SD_GetCardInfo
                0x08004f52       0x24 CMakeFiles/balloon_main.elf.dir/Drivers/STM32L4xx_HAL_Driver/Src/stm32l4xx_hal_sd.c.obj
                0x08004f52                HAL_SD_GetCardInfo
 *fill*         0x08004f76        0x2 
 .text.HAL_SD_ConfigWideBusOperation
                0x08004f78       0xf4 CMakeFiles/balloon_main.elf.dir/Drivers/STM32L4xx_HAL_Driver/Src/stm32l4xx_hal_sd.c.obj
                0x08004f78                HAL_SD_ConfigWideBusOperation
 .text.HAL_SD_GetCardState
                0x0800506c       0x22 CMakeFiles/balloon_main.elf.dir/Drivers/STM32L4xx_HAL_Driver/Src/stm32l4xx_hal_sd.c.obj
                0x0800506c                HAL_SD_GetCardState
 *fill*         0x0800508e        0x2 
 .text.SD_DMAError
                0x08005090       0x60 CMakeFiles/balloon_main.elf.dir/Drivers/STM32L4xx_HAL_Driver/Src/stm32l4xx_hal_sd.c.obj
 .text.SD_DMATxAbort
                0x080050f0       0x44 CMakeFiles/balloon_main.elf.dir/Drivers/STM32L4xx_HAL_Driver/Src/stm32l4xx_hal_sd.c.obj
 .text.SD_DMARxAbort
                0x08005134       0x44 CMakeFiles/balloon_main.elf.dir/Drivers/STM32L4xx_HAL_Driver/Src/stm32l4xx_hal_sd.c.obj
 .text.HAL_SD_IRQHandler
                0x08005178      0x1c8 CMakeFiles/balloon_main.elf.dir/Drivers/STM32L4xx_HAL_Driver/Src/stm32l4xx_hal_sd.c.obj
                0x08005178                HAL_SD_IRQHandler
 .text.HAL_SPI_Init
                0x08005340       0xde CMakeFiles/balloon_main.elf.dir/Drivers/STM32L4xx_HAL_Driver/Src/stm32l4xx_hal_spi.c.obj
                0x08005340                HAL_SPI_Init
 *fill*         0x0800541e        0x2 
 .text.TIM_OC1_SetConfig
                0x08005420       0x7c CMakeFiles/balloon_main.elf.dir/Drivers/STM32L4xx_HAL_Driver/Src/stm32l4xx_hal_tim.c.obj
 .text.TIM_OC3_SetConfig
                0x0800549c       0x70 CMakeFiles/balloon_main.elf.dir/Drivers/STM32L4xx_HAL_Driver/Src/stm32l4xx_hal_tim.c.obj
 .text.TIM_OC4_SetConfig
                0x0800550c       0x5c CMakeFiles/balloon_main.elf.dir/Drivers/STM32L4xx_HAL_Driver/Src/stm32l4xx_hal_tim.c.obj
 .text.TIM_OC5_SetConfig
                0x08005568       0x58 CMakeFiles/balloon_main.elf.dir/Drivers/STM32L4xx_HAL_Driver/Src/stm32l4xx_hal_tim.c.obj
 .text.TIM_OC6_SetConfig
                0x080055c0       0x5c CMakeFiles/balloon_main.elf.dir/Drivers/STM32L4xx_HAL_Driver/Src/stm32l4xx_hal_tim.c.obj
 .text.TIM_TI1_ConfigInputStage
                0x0800561c       0x26 CMakeFiles/balloon_main.elf.dir/Drivers/STM32L4xx_HAL_Driver/Src/stm32l4xx_hal_tim.c.obj
 .text.TIM_TI2_ConfigInputStage
                0x08005642       0x28 CMakeFiles/balloon_main.elf.dir/Drivers/STM32L4xx_HAL_Driver/Src/stm32l4xx_hal_tim.c.obj
 .text.TIM_ITRx_SetConfig
                0x0800566a       0x10 CMakeFiles/balloon_main.elf.dir/Drivers/STM32L4xx_HAL_Driver/Src/stm32l4xx_hal_tim.c.obj
 *fill*         0x0800567a        0x2 
 .text.HAL_TIM_Base_Start_IT
                0x0800567c       0x6c CMakeFiles/balloon_main.elf.dir/Drivers/STM32L4xx_HAL_Driver/Src/stm32l4xx_hal_tim.c.obj
                0x0800567c                HAL_TIM_Base_Start_IT
 .text.HAL_TIM_OC_MspInit
                0x080056e8        0x2 CMakeFiles/balloon_main.elf.dir/Drivers/STM32L4xx_HAL_Driver/Src/stm32l4xx_hal_tim.c.obj
                0x080056e8                HAL_TIM_OC_MspInit
 .text.HAL_TIM_OC_DelayElapsedCallback
                0x080056ea        0x2 CMakeFiles/balloon_main.elf.dir/Drivers/STM32L4xx_HAL_Driver/Src/stm32l4xx_hal_tim.c.obj
                0x080056ea                HAL_TIM_OC_DelayElapsedCallback
 .text.HAL_TIM_IC_CaptureCallback
                0x080056ec        0x2 CMakeFiles/balloon_main.elf.dir/Drivers/STM32L4xx_HAL_Driver/Src/stm32l4xx_hal_tim.c.obj
                0x080056ec                HAL_TIM_IC_CaptureCallback
 .text.HAL_TIM_PWM_PulseFinishedCallback
                0x080056ee        0x2 CMakeFiles/balloon_main.elf.dir/Drivers/STM32L4xx_HAL_Driver/Src/stm32l4xx_hal_tim.c.obj
                0x080056ee                HAL_TIM_PWM_PulseFinishedCallback
 .text.HAL_TIM_TriggerCallback
                0x080056f0        0x2 CMakeFiles/balloon_main.elf.dir/Drivers/STM32L4xx_HAL_Driver/Src/stm32l4xx_hal_tim.c.obj
                0x080056f0                HAL_TIM_TriggerCallback
 .text.HAL_TIM_IRQHandler
                0x080056f2      0x17a CMakeFiles/balloon_main.elf.dir/Drivers/STM32L4xx_HAL_Driver/Src/stm32l4xx_hal_tim.c.obj
                0x080056f2                HAL_TIM_IRQHandler
 .text.TIM_Base_SetConfig
                0x0800586c       0x70 CMakeFiles/balloon_main.elf.dir/Drivers/STM32L4xx_HAL_Driver/Src/stm32l4xx_hal_tim.c.obj
                0x0800586c                TIM_Base_SetConfig
 .text.HAL_TIM_Base_Init
                0x080058dc       0x60 CMakeFiles/balloon_main.elf.dir/Drivers/STM32L4xx_HAL_Driver/Src/stm32l4xx_hal_tim.c.obj
                0x080058dc                HAL_TIM_Base_Init
 .text.HAL_TIM_OC_Init
                0x0800593c       0x60 CMakeFiles/balloon_main.elf.dir/Drivers/STM32L4xx_HAL_Driver/Src/stm32l4xx_hal_tim.c.obj
                0x0800593c                HAL_TIM_OC_Init
 .text.TIM_OC2_SetConfig
                0x0800599c       0x74 CMakeFiles/balloon_main.elf.dir/Drivers/STM32L4xx_HAL_Driver/Src/stm32l4xx_hal_tim.c.obj
                0x0800599c                TIM_OC2_SetConfig
 .text.HAL_TIM_OC_ConfigChannel
                0x08005a10       0x7a CMakeFiles/balloon_main.elf.dir/Drivers/STM32L4xx_HAL_Driver/Src/stm32l4xx_hal_tim.c.obj
                0x08005a10                HAL_TIM_OC_ConfigChannel
 .text.TIM_ETR_SetConfig
                0x08005a8a       0x1a CMakeFiles/balloon_main.elf.dir/Drivers/STM32L4xx_HAL_Driver/Src/stm32l4xx_hal_tim.c.obj
                0x08005a8a                TIM_ETR_SetConfig
 .text.HAL_TIM_ConfigClockSource
                0x08005aa4      0x100 CMakeFiles/balloon_main.elf.dir/Drivers/STM32L4xx_HAL_Driver/Src/stm32l4xx_hal_tim.c.obj
                0x08005aa4                HAL_TIM_ConfigClockSource
 .text.HAL_TIMEx_MasterConfigSynchronization
                0x08005ba4       0x70 CMakeFiles/balloon_main.elf.dir/Drivers/STM32L4xx_HAL_Driver/Src/stm32l4xx_hal_tim_ex.c.obj
                0x08005ba4                HAL_TIMEx_MasterConfigSynchronization
 .text.HAL_TIMEx_ConfigBreakDeadTime
                0x08005c14       0x88 CMakeFiles/balloon_main.elf.dir/Drivers/STM32L4xx_HAL_Driver/Src/stm32l4xx_hal_tim_ex.c.obj
                0x08005c14                HAL_TIMEx_ConfigBreakDeadTime
 .text.HAL_TIMEx_CommutCallback
                0x08005c9c        0x2 CMakeFiles/balloon_main.elf.dir/Drivers/STM32L4xx_HAL_Driver/Src/stm32l4xx_hal_tim_ex.c.obj
                0x08005c9c                HAL_TIMEx_CommutCallback
 .text.HAL_TIMEx_BreakCallback
                0x08005c9e        0x2 CMakeFiles/balloon_main.elf.dir/Drivers/STM32L4xx_HAL_Driver/Src/stm32l4xx_hal_tim_ex.c.obj
                0x08005c9e                HAL_TIMEx_BreakCallback
 .text.HAL_TIMEx_Break2Callback
                0x08005ca0        0x2 CMakeFiles/balloon_main.elf.dir/Drivers/STM32L4xx_HAL_Driver/Src/stm32l4xx_hal_tim_ex.c.obj
                0x08005ca0                HAL_TIMEx_Break2Callback
 .text.LL_GPIO_SetPinMode
                0x08005ca2       0x3c CMakeFiles/balloon_main.elf.dir/Drivers/STM32L4xx_HAL_Driver/Src/stm32l4xx_ll_gpio.c.obj
 .text.LL_GPIO_SetPinSpeed
                0x08005cde       0x3c CMakeFiles/balloon_main.elf.dir/Drivers/STM32L4xx_HAL_Driver/Src/stm32l4xx_ll_gpio.c.obj
 .text.LL_GPIO_SetPinPull
                0x08005d1a       0x3c CMakeFiles/balloon_main.elf.dir/Drivers/STM32L4xx_HAL_Driver/Src/stm32l4xx_ll_gpio.c.obj
 .text.LL_GPIO_SetAFPin_0_7
                0x08005d56       0x3c CMakeFiles/balloon_main.elf.dir/Drivers/STM32L4xx_HAL_Driver/Src/stm32l4xx_ll_gpio.c.obj
 .text.LL_GPIO_SetAFPin_8_15
                0x08005d92       0x3e CMakeFiles/balloon_main.elf.dir/Drivers/STM32L4xx_HAL_Driver/Src/stm32l4xx_ll_gpio.c.obj
 .text.LL_GPIO_Init
                0x08005dd0       0x88 CMakeFiles/balloon_main.elf.dir/Drivers/STM32L4xx_HAL_Driver/Src/stm32l4xx_ll_gpio.c.obj
                0x08005dd0                LL_GPIO_Init
 .text.RCC_GetHCLKClockFreq
                0x08005e58       0x18 CMakeFiles/balloon_main.elf.dir/Drivers/STM32L4xx_HAL_Driver/Src/stm32l4xx_ll_rcc.c.obj
 .text.RCC_GetPCLK1ClockFreq
                0x08005e70       0x18 CMakeFiles/balloon_main.elf.dir/Drivers/STM32L4xx_HAL_Driver/Src/stm32l4xx_ll_rcc.c.obj
 .text.RCC_GetPCLK2ClockFreq
                0x08005e88       0x18 CMakeFiles/balloon_main.elf.dir/Drivers/STM32L4xx_HAL_Driver/Src/stm32l4xx_ll_rcc.c.obj
 .text.RCC_PLL_GetFreqDomain_SYS
                0x08005ea0       0xfc CMakeFiles/balloon_main.elf.dir/Drivers/STM32L4xx_HAL_Driver/Src/stm32l4xx_ll_rcc.c.obj
 .text.RCC_GetSystemClockFreq
                0x08005f9c       0xe8 CMakeFiles/balloon_main.elf.dir/Drivers/STM32L4xx_HAL_Driver/Src/stm32l4xx_ll_rcc.c.obj
 .text.LL_RCC_GetUSARTClockFreq
                0x08006084      0x134 CMakeFiles/balloon_main.elf.dir/Drivers/STM32L4xx_HAL_Driver/Src/stm32l4xx_ll_rcc.c.obj
                0x08006084                LL_RCC_GetUSARTClockFreq
 .text.SDMMC_GetCmdError
                0x080061b8       0x38 CMakeFiles/balloon_main.elf.dir/Drivers/STM32L4xx_HAL_Driver/Src/stm32l4xx_ll_sdmmc.c.obj
 .text.SDMMC_Init
                0x080061f0       0x34 CMakeFiles/balloon_main.elf.dir/Drivers/STM32L4xx_HAL_Driver/Src/stm32l4xx_ll_sdmmc.c.obj
                0x080061f0                SDMMC_Init
 .text.SDMMC_ReadFIFO
                0x08006224        0x6 CMakeFiles/balloon_main.elf.dir/Drivers/STM32L4xx_HAL_Driver/Src/stm32l4xx_ll_sdmmc.c.obj
                0x08006224                SDMMC_ReadFIFO
 .text.SDMMC_WriteFIFO
                0x0800622a        0xa CMakeFiles/balloon_main.elf.dir/Drivers/STM32L4xx_HAL_Driver/Src/stm32l4xx_ll_sdmmc.c.obj
                0x0800622a                SDMMC_WriteFIFO
 .text.SDMMC_PowerState_ON
                0x08006234       0x10 CMakeFiles/balloon_main.elf.dir/Drivers/STM32L4xx_HAL_Driver/Src/stm32l4xx_ll_sdmmc.c.obj
                0x08006234                SDMMC_PowerState_ON
 .text.SDMMC_GetPowerState
                0x08006244        0x8 CMakeFiles/balloon_main.elf.dir/Drivers/STM32L4xx_HAL_Driver/Src/stm32l4xx_ll_sdmmc.c.obj
                0x08006244                SDMMC_GetPowerState
 .text.SDMMC_SendCommand
                0x0800624c       0x20 CMakeFiles/balloon_main.elf.dir/Drivers/STM32L4xx_HAL_Driver/Src/stm32l4xx_ll_sdmmc.c.obj
                0x0800624c                SDMMC_SendCommand
 .text.SDMMC_GetCommandResponse
                0x0800626c        0x6 CMakeFiles/balloon_main.elf.dir/Drivers/STM32L4xx_HAL_Driver/Src/stm32l4xx_ll_sdmmc.c.obj
                0x0800626c                SDMMC_GetCommandResponse
 .text.SDMMC_GetResponse
                0x08006272        0x6 CMakeFiles/balloon_main.elf.dir/Drivers/STM32L4xx_HAL_Driver/Src/stm32l4xx_ll_sdmmc.c.obj
                0x08006272                SDMMC_GetResponse
 .text.SDMMC_ConfigData
                0x08006278       0x24 CMakeFiles/balloon_main.elf.dir/Drivers/STM32L4xx_HAL_Driver/Src/stm32l4xx_ll_sdmmc.c.obj
                0x08006278                SDMMC_ConfigData
 .text.SDMMC_CmdGoIdleState
                0x0800629c       0x26 CMakeFiles/balloon_main.elf.dir/Drivers/STM32L4xx_HAL_Driver/Src/stm32l4xx_ll_sdmmc.c.obj
                0x0800629c                SDMMC_CmdGoIdleState
 *fill*         0x080062c2        0x2 
 .text.SDMMC_GetCmdResp1
                0x080062c4      0x154 CMakeFiles/balloon_main.elf.dir/Drivers/STM32L4xx_HAL_Driver/Src/stm32l4xx_ll_sdmmc.c.obj
                0x080062c4                SDMMC_GetCmdResp1
 .text.SDMMC_CmdBlockLength
                0x08006418       0x30 CMakeFiles/balloon_main.elf.dir/Drivers/STM32L4xx_HAL_Driver/Src/stm32l4xx_ll_sdmmc.c.obj
                0x08006418                SDMMC_CmdBlockLength
 .text.SDMMC_CmdReadSingleBlock
                0x08006448       0x30 CMakeFiles/balloon_main.elf.dir/Drivers/STM32L4xx_HAL_Driver/Src/stm32l4xx_ll_sdmmc.c.obj
                0x08006448                SDMMC_CmdReadSingleBlock
 .text.SDMMC_CmdReadMultiBlock
                0x08006478       0x30 CMakeFiles/balloon_main.elf.dir/Drivers/STM32L4xx_HAL_Driver/Src/stm32l4xx_ll_sdmmc.c.obj
                0x08006478                SDMMC_CmdReadMultiBlock
 .text.SDMMC_CmdWriteSingleBlock
                0x080064a8       0x30 CMakeFiles/balloon_main.elf.dir/Drivers/STM32L4xx_HAL_Driver/Src/stm32l4xx_ll_sdmmc.c.obj
                0x080064a8                SDMMC_CmdWriteSingleBlock
 .text.SDMMC_CmdWriteMultiBlock
                0x080064d8       0x30 CMakeFiles/balloon_main.elf.dir/Drivers/STM32L4xx_HAL_Driver/Src/stm32l4xx_ll_sdmmc.c.obj
                0x080064d8                SDMMC_CmdWriteMultiBlock
 .text.SDMMC_CmdStopTransfer
                0x08006508       0x34 CMakeFiles/balloon_main.elf.dir/Drivers/STM32L4xx_HAL_Driver/Src/stm32l4xx_ll_sdmmc.c.obj
                0x08006508                SDMMC_CmdStopTransfer
 .text.SDMMC_CmdSelDesel
                0x0800653c       0x30 CMakeFiles/balloon_main.elf.dir/Drivers/STM32L4xx_HAL_Driver/Src/stm32l4xx_ll_sdmmc.c.obj
                0x0800653c                SDMMC_CmdSelDesel
 .text.SDMMC_CmdAppCommand
                0x0800656c       0x30 CMakeFiles/balloon_main.elf.dir/Drivers/STM32L4xx_HAL_Driver/Src/stm32l4xx_ll_sdmmc.c.obj
                0x0800656c                SDMMC_CmdAppCommand
 .text.SDMMC_CmdBusWidth
                0x0800659c       0x30 CMakeFiles/balloon_main.elf.dir/Drivers/STM32L4xx_HAL_Driver/Src/stm32l4xx_ll_sdmmc.c.obj
                0x0800659c                SDMMC_CmdBusWidth
 .text.SDMMC_CmdSendSCR
                0x080065cc       0x30 CMakeFiles/balloon_main.elf.dir/Drivers/STM32L4xx_HAL_Driver/Src/stm32l4xx_ll_sdmmc.c.obj
                0x080065cc                SDMMC_CmdSendSCR
 .text.SDMMC_CmdSendStatus
                0x080065fc       0x30 CMakeFiles/balloon_main.elf.dir/Drivers/STM32L4xx_HAL_Driver/Src/stm32l4xx_ll_sdmmc.c.obj
                0x080065fc                SDMMC_CmdSendStatus
 .text.SDMMC_GetCmdResp2
                0x0800662c       0x5c CMakeFiles/balloon_main.elf.dir/Drivers/STM32L4xx_HAL_Driver/Src/stm32l4xx_ll_sdmmc.c.obj
                0x0800662c                SDMMC_GetCmdResp2
 .text.SDMMC_CmdSendCID
                0x08006688       0x2a CMakeFiles/balloon_main.elf.dir/Drivers/STM32L4xx_HAL_Driver/Src/stm32l4xx_ll_sdmmc.c.obj
                0x08006688                SDMMC_CmdSendCID
 .text.SDMMC_CmdSendCSD
                0x080066b2       0x2a CMakeFiles/balloon_main.elf.dir/Drivers/STM32L4xx_HAL_Driver/Src/stm32l4xx_ll_sdmmc.c.obj
                0x080066b2                SDMMC_CmdSendCSD
 .text.SDMMC_GetCmdResp3
                0x080066dc       0x4c CMakeFiles/balloon_main.elf.dir/Drivers/STM32L4xx_HAL_Driver/Src/stm32l4xx_ll_sdmmc.c.obj
                0x080066dc                SDMMC_GetCmdResp3
 .text.SDMMC_CmdAppOperCommand
                0x08006728       0x32 CMakeFiles/balloon_main.elf.dir/Drivers/STM32L4xx_HAL_Driver/Src/stm32l4xx_ll_sdmmc.c.obj
                0x08006728                SDMMC_CmdAppOperCommand
 *fill*         0x0800675a        0x2 
 .text.SDMMC_GetCmdResp6
                0x0800675c       0xa0 CMakeFiles/balloon_main.elf.dir/Drivers/STM32L4xx_HAL_Driver/Src/stm32l4xx_ll_sdmmc.c.obj
                0x0800675c                SDMMC_GetCmdResp6
 .text.SDMMC_CmdSetRelAdd
                0x080067fc       0x30 CMakeFiles/balloon_main.elf.dir/Drivers/STM32L4xx_HAL_Driver/Src/stm32l4xx_ll_sdmmc.c.obj
                0x080067fc                SDMMC_CmdSetRelAdd
 .text.SDMMC_GetCmdResp7
                0x0800682c       0x64 CMakeFiles/balloon_main.elf.dir/Drivers/STM32L4xx_HAL_Driver/Src/stm32l4xx_ll_sdmmc.c.obj
                0x0800682c                SDMMC_GetCmdResp7
 .text.SDMMC_CmdOperCond
                0x08006890       0x2e CMakeFiles/balloon_main.elf.dir/Drivers/STM32L4xx_HAL_Driver/Src/stm32l4xx_ll_sdmmc.c.obj
                0x08006890                SDMMC_CmdOperCond
 .text.LL_USART_SetBaudRate
                0x080068be       0x2e CMakeFiles/balloon_main.elf.dir/Drivers/STM32L4xx_HAL_Driver/Src/stm32l4xx_ll_usart.c.obj
 .text.LL_USART_Init
                0x080068ec       0x9c CMakeFiles/balloon_main.elf.dir/Drivers/STM32L4xx_HAL_Driver/Src/stm32l4xx_ll_usart.c.obj
                0x080068ec                LL_USART_Init
 .text.MX_FATFS_Init
                0x08006988       0x1c CMakeFiles/balloon_main.elf.dir/FATFS/App/fatfs.c.obj
                0x08006988                MX_FATFS_Init
 .text.BSP_SD_ReadBlocks_DMA
                0x080069a4       0x18 CMakeFiles/balloon_main.elf.dir/FATFS/Target/bsp_driver_sd.c.obj
                0x080069a4                BSP_SD_ReadBlocks_DMA
 .text.BSP_SD_WriteBlocks_DMA
                0x080069bc       0x18 CMakeFiles/balloon_main.elf.dir/FATFS/Target/bsp_driver_sd.c.obj
                0x080069bc                BSP_SD_WriteBlocks_DMA
 .text.BSP_SD_GetCardState
                0x080069d4       0x14 CMakeFiles/balloon_main.elf.dir/FATFS/Target/bsp_driver_sd.c.obj
                0x080069d4                BSP_SD_GetCardState
 .text.BSP_SD_GetCardInfo
                0x080069e8       0x10 CMakeFiles/balloon_main.elf.dir/FATFS/Target/bsp_driver_sd.c.obj
                0x080069e8                BSP_SD_GetCardInfo
 .text.BSP_SD_AbortCallback
                0x080069f8        0x2 CMakeFiles/balloon_main.elf.dir/FATFS/Target/bsp_driver_sd.c.obj
                0x080069f8                BSP_SD_AbortCallback
 .text.HAL_SD_AbortCallback
                0x080069fa        0x8 CMakeFiles/balloon_main.elf.dir/FATFS/Target/bsp_driver_sd.c.obj
                0x080069fa                HAL_SD_AbortCallback
 .text.HAL_SD_TxCpltCallback
                0x08006a02        0x8 CMakeFiles/balloon_main.elf.dir/FATFS/Target/bsp_driver_sd.c.obj
                0x08006a02                HAL_SD_TxCpltCallback
 .text.HAL_SD_RxCpltCallback
                0x08006a0a        0x8 CMakeFiles/balloon_main.elf.dir/FATFS/Target/bsp_driver_sd.c.obj
                0x08006a0a                HAL_SD_RxCpltCallback
 .text.BSP_SD_IsDetected
                0x08006a12       0x20 CMakeFiles/balloon_main.elf.dir/FATFS/Target/bsp_driver_sd.c.obj
                0x08006a12                BSP_SD_IsDetected
 *fill*         0x08006a32        0x2 
 .text.BSP_SD_Init
                0x08006a34       0x34 CMakeFiles/balloon_main.elf.dir/FATFS/Target/bsp_driver_sd.c.obj
                0x08006a34                BSP_SD_Init
 .text.BSP_PlatformIsDetected
                0x08006a68       0x1c CMakeFiles/balloon_main.elf.dir/FATFS/Target/fatfs_platform.c.obj
                0x08006a68                BSP_PlatformIsDetected
 .text.SD_CheckStatus
                0x08006a84       0x24 CMakeFiles/balloon_main.elf.dir/FATFS/Target/sd_diskio.c.obj
 .text.SD_initialize
                0x08006aa8       0x68 CMakeFiles/balloon_main.elf.dir/FATFS/Target/sd_diskio.c.obj
                0x08006aa8                SD_initialize
 .text.SD_status
                0x08006b10        0x8 CMakeFiles/balloon_main.elf.dir/FATFS/Target/sd_diskio.c.obj
                0x08006b10                SD_status
 .text.SD_CheckStatusWithTimeout
                0x08006b18       0x26 CMakeFiles/balloon_main.elf.dir/FATFS/Target/sd_diskio.c.obj
 *fill*         0x08006b3e        0x2 
 .text.SD_read  0x08006b40       0x78 CMakeFiles/balloon_main.elf.dir/FATFS/Target/sd_diskio.c.obj
                0x08006b40                SD_read
 .text.SD_write
                0x08006bb8       0x78 CMakeFiles/balloon_main.elf.dir/FATFS/Target/sd_diskio.c.obj
                0x08006bb8                SD_write
 .text.SD_ioctl
                0x08006c30       0x58 CMakeFiles/balloon_main.elf.dir/FATFS/Target/sd_diskio.c.obj
                0x08006c30                SD_ioctl
 .text.BSP_SD_WriteCpltCallback
                0x08006c88       0x24 CMakeFiles/balloon_main.elf.dir/FATFS/Target/sd_diskio.c.obj
                0x08006c88                BSP_SD_WriteCpltCallback
 .text.BSP_SD_ReadCpltCallback
                0x08006cac       0x24 CMakeFiles/balloon_main.elf.dir/FATFS/Target/sd_diskio.c.obj
                0x08006cac                BSP_SD_ReadCpltCallback
 .text.FATFS_LinkDriverEx
                0x08006cd0       0x54 CMakeFiles/balloon_main.elf.dir/Middlewares/Third_Party/FatFs/src/ff_gen_drv.c.obj
                0x08006cd0                FATFS_LinkDriverEx
 .text.FATFS_LinkDriver
                0x08006d24        0xa CMakeFiles/balloon_main.elf.dir/Middlewares/Third_Party/FatFs/src/ff_gen_drv.c.obj
                0x08006d24                FATFS_LinkDriver
 .text.SysTick_Handler
                0x08006d2e       0x18 CMakeFiles/balloon_main.elf.dir/Middlewares/Third_Party/FreeRTOS/Source/CMSIS_RTOS_V2/cmsis_os2.c.obj
                0x08006d2e                SysTick_Handler
 *fill*         0x08006d46        0x2 
 .text.osKernelInitialize
                0x08006d48       0x24 CMakeFiles/balloon_main.elf.dir/Middlewares/Third_Party/FreeRTOS/Source/CMSIS_RTOS_V2/cmsis_os2.c.obj
                0x08006d48                osKernelInitialize
 .text.osKernelGetState
                0x08006d6c       0x24 CMakeFiles/balloon_main.elf.dir/Middlewares/Third_Party/FreeRTOS/Source/CMSIS_RTOS_V2/cmsis_os2.c.obj
                0x08006d6c                osKernelGetState
 .text.osKernelStart
                0x08006d90       0x38 CMakeFiles/balloon_main.elf.dir/Middlewares/Third_Party/FreeRTOS/Source/CMSIS_RTOS_V2/cmsis_os2.c.obj
                0x08006d90                osKernelStart
 .text.osKernelGetTickCount
                0x08006dc8       0x14 CMakeFiles/balloon_main.elf.dir/Middlewares/Third_Party/FreeRTOS/Source/CMSIS_RTOS_V2/cmsis_os2.c.obj
                0x08006dc8                osKernelGetTickCount
 .text.osThreadNew
                0x08006ddc       0xbe CMakeFiles/balloon_main.elf.dir/Middlewares/Third_Party/FreeRTOS/Source/CMSIS_RTOS_V2/cmsis_os2.c.obj
                0x08006ddc                osThreadNew
 .text.osDelay  0x08006e9a       0x1c CMakeFiles/balloon_main.elf.dir/Middlewares/Third_Party/FreeRTOS/Source/CMSIS_RTOS_V2/cmsis_os2.c.obj
                0x08006e9a                osDelay
 .text.osMessageQueueNew
                0x08006eb6       0x96 CMakeFiles/balloon_main.elf.dir/Middlewares/Third_Party/FreeRTOS/Source/CMSIS_RTOS_V2/cmsis_os2.c.obj
                0x08006eb6                osMessageQueueNew
 .text.osMessageQueuePut
                0x08006f4c       0x84 CMakeFiles/balloon_main.elf.dir/Middlewares/Third_Party/FreeRTOS/Source/CMSIS_RTOS_V2/cmsis_os2.c.obj
                0x08006f4c                osMessageQueuePut
 .text.osMessageQueueGet
                0x08006fd0       0x82 CMakeFiles/balloon_main.elf.dir/Middlewares/Third_Party/FreeRTOS/Source/CMSIS_RTOS_V2/cmsis_os2.c.obj
                0x08006fd0                osMessageQueueGet
 *fill*         0x08007052        0x2 
 .text.vApplicationGetIdleTaskMemory
                0x08007054       0x18 CMakeFiles/balloon_main.elf.dir/Middlewares/Third_Party/FreeRTOS/Source/CMSIS_RTOS_V2/cmsis_os2.c.obj
                0x08007054                vApplicationGetIdleTaskMemory
 .text.vApplicationGetTimerTaskMemory
                0x0800706c       0x18 CMakeFiles/balloon_main.elf.dir/Middlewares/Third_Party/FreeRTOS/Source/CMSIS_RTOS_V2/cmsis_os2.c.obj
                0x0800706c                vApplicationGetTimerTaskMemory
 .text.vListInitialise
                0x08007084       0x16 CMakeFiles/balloon_main.elf.dir/Middlewares/Third_Party/FreeRTOS/Source/list.c.obj
                0x08007084                vListInitialise
 .text.vListInitialiseItem
                0x0800709a        0x6 CMakeFiles/balloon_main.elf.dir/Middlewares/Third_Party/FreeRTOS/Source/list.c.obj
                0x0800709a                vListInitialiseItem
 .text.vListInsertEnd
                0x080070a0       0x16 CMakeFiles/balloon_main.elf.dir/Middlewares/Third_Party/FreeRTOS/Source/list.c.obj
                0x080070a0                vListInsertEnd
 .text.vListInsert
                0x080070b6       0x32 CMakeFiles/balloon_main.elf.dir/Middlewares/Third_Party/FreeRTOS/Source/list.c.obj
                0x080070b6                vListInsert
 .text.uxListRemove
                0x080070e8       0x26 CMakeFiles/balloon_main.elf.dir/Middlewares/Third_Party/FreeRTOS/Source/list.c.obj
                0x080070e8                uxListRemove
 *fill*         0x0800710e        0x2 
 .text.prvTaskExitError
                0x08007110       0x40 CMakeFiles/balloon_main.elf.dir/Middlewares/Third_Party/FreeRTOS/Source/portable/GCC/ARM_CM4F/port.c.obj
 .text.prvPortStartFirstTask
                0x08007150       0x28 CMakeFiles/balloon_main.elf.dir/Middlewares/Third_Party/FreeRTOS/Source/portable/GCC/ARM_CM4F/port.c.obj
 .text.vPortEnableVFP
                0x08007178       0x14 CMakeFiles/balloon_main.elf.dir/Middlewares/Third_Party/FreeRTOS/Source/portable/GCC/ARM_CM4F/port.c.obj
 .text.pxPortInitialiseStack
                0x0800718c       0x2c CMakeFiles/balloon_main.elf.dir/Middlewares/Third_Party/FreeRTOS/Source/portable/GCC/ARM_CM4F/port.c.obj
                0x0800718c                pxPortInitialiseStack
 *fill*         0x080071b8        0x8 
 .text.SVC_Handler
                0x080071c0       0x24 CMakeFiles/balloon_main.elf.dir/Middlewares/Third_Party/FreeRTOS/Source/portable/GCC/ARM_CM4F/port.c.obj
                0x080071c0                SVC_Handler
 .text.vPortEnterCritical
                0x080071e4       0x44 CMakeFiles/balloon_main.elf.dir/Middlewares/Third_Party/FreeRTOS/Source/portable/GCC/ARM_CM4F/port.c.obj
                0x080071e4                vPortEnterCritical
 .text.vPortExitCritical
                0x08007228       0x2c CMakeFiles/balloon_main.elf.dir/Middlewares/Third_Party/FreeRTOS/Source/portable/GCC/ARM_CM4F/port.c.obj
                0x08007228                vPortExitCritical
 *fill*         0x08007254        0xc 
 .text.PendSV_Handler
                0x08007260       0x64 CMakeFiles/balloon_main.elf.dir/Middlewares/Third_Party/FreeRTOS/Source/portable/GCC/ARM_CM4F/port.c.obj
                0x08007260                PendSV_Handler
 .text.xPortSysTickHandler
                0x080072c4       0x2c CMakeFiles/balloon_main.elf.dir/Middlewares/Third_Party/FreeRTOS/Source/portable/GCC/ARM_CM4F/port.c.obj
                0x080072c4                xPortSysTickHandler
 .text.vPortSetupTimerInterrupt
                0x080072f0       0x28 CMakeFiles/balloon_main.elf.dir/Middlewares/Third_Party/FreeRTOS/Source/portable/GCC/ARM_CM4F/port.c.obj
                0x080072f0                vPortSetupTimerInterrupt
 .text.xPortStartScheduler
                0x08007318      0x118 CMakeFiles/balloon_main.elf.dir/Middlewares/Third_Party/FreeRTOS/Source/portable/GCC/ARM_CM4F/port.c.obj
                0x08007318                xPortStartScheduler
 .text.vPortValidateInterruptPriority
                0x08007430       0x5c CMakeFiles/balloon_main.elf.dir/Middlewares/Third_Party/FreeRTOS/Source/portable/GCC/ARM_CM4F/port.c.obj
                0x08007430                vPortValidateInterruptPriority
 .text.prvHeapInit
                0x0800748c       0x68 CMakeFiles/balloon_main.elf.dir/Middlewares/Third_Party/FreeRTOS/Source/portable/MemMang/heap_4.c.obj
 .text.prvInsertBlockIntoFreeList
                0x080074f4       0x64 CMakeFiles/balloon_main.elf.dir/Middlewares/Third_Party/FreeRTOS/Source/portable/MemMang/heap_4.c.obj
 .text.pvPortMalloc
                0x08007558      0x104 CMakeFiles/balloon_main.elf.dir/Middlewares/Third_Party/FreeRTOS/Source/portable/MemMang/heap_4.c.obj
                0x08007558                pvPortMalloc
 .text.vPortFree
                0x0800765c       0x7c CMakeFiles/balloon_main.elf.dir/Middlewares/Third_Party/FreeRTOS/Source/portable/MemMang/heap_4.c.obj
                0x0800765c                vPortFree
 .text.prvIsQueueFull
                0x080076d8       0x1e CMakeFiles/balloon_main.elf.dir/Middlewares/Third_Party/FreeRTOS/Source/queue.c.obj
 .text.prvIsQueueEmpty
                0x080076f6       0x1a CMakeFiles/balloon_main.elf.dir/Middlewares/Third_Party/FreeRTOS/Source/queue.c.obj
 .text.prvCopyDataToQueue
                0x08007710       0x76 CMakeFiles/balloon_main.elf.dir/Middlewares/Third_Party/FreeRTOS/Source/queue.c.obj
 .text.prvCopyDataFromQueue
                0x08007786       0x24 CMakeFiles/balloon_main.elf.dir/Middlewares/Third_Party/FreeRTOS/Source/queue.c.obj
 .text.prvUnlockQueue
                0x080077aa       0x6e CMakeFiles/balloon_main.elf.dir/Middlewares/Third_Party/FreeRTOS/Source/queue.c.obj
 .text.xQueueGenericReset
                0x08007818       0x84 CMakeFiles/balloon_main.elf.dir/Middlewares/Third_Party/FreeRTOS/Source/queue.c.obj
                0x08007818                xQueueGenericReset
 .text.prvInitialiseNewQueue
                0x0800789c       0x22 CMakeFiles/balloon_main.elf.dir/Middlewares/Third_Party/FreeRTOS/Source/queue.c.obj
 .text.xQueueGenericCreateStatic
                0x080078be       0x94 CMakeFiles/balloon_main.elf.dir/Middlewares/Third_Party/FreeRTOS/Source/queue.c.obj
                0x080078be                xQueueGenericCreateStatic
 .text.xQueueGenericCreate
                0x08007952       0x48 CMakeFiles/balloon_main.elf.dir/Middlewares/Third_Party/FreeRTOS/Source/queue.c.obj
                0x08007952                xQueueGenericCreate
 .text.xQueueGenericSend
                0x0800799a      0x188 CMakeFiles/balloon_main.elf.dir/Middlewares/Third_Party/FreeRTOS/Source/queue.c.obj
                0x0800799a                xQueueGenericSend
 .text.xQueueGenericSendFromISR
                0x08007b22       0xce CMakeFiles/balloon_main.elf.dir/Middlewares/Third_Party/FreeRTOS/Source/queue.c.obj
                0x08007b22                xQueueGenericSendFromISR
 .text.xQueueReceive
                0x08007bf0      0x15e CMakeFiles/balloon_main.elf.dir/Middlewares/Third_Party/FreeRTOS/Source/queue.c.obj
                0x08007bf0                xQueueReceive
 .text.xQueueReceiveFromISR
                0x08007d4e       0xae CMakeFiles/balloon_main.elf.dir/Middlewares/Third_Party/FreeRTOS/Source/queue.c.obj
                0x08007d4e                xQueueReceiveFromISR
 .text.vQueueAddToRegistry
                0x08007dfc       0x28 CMakeFiles/balloon_main.elf.dir/Middlewares/Third_Party/FreeRTOS/Source/queue.c.obj
                0x08007dfc                vQueueAddToRegistry
 .text.vQueueWaitForMessageRestricted
                0x08007e24       0x52 CMakeFiles/balloon_main.elf.dir/Middlewares/Third_Party/FreeRTOS/Source/queue.c.obj
                0x08007e24                vQueueWaitForMessageRestricted
 *fill*         0x08007e76        0x2 
 .text.prvResetNextTaskUnblockTime
                0x08007e78       0x2c CMakeFiles/balloon_main.elf.dir/Middlewares/Third_Party/FreeRTOS/Source/tasks.c.obj
 .text.prvInitialiseNewTask
                0x08007ea4      0x104 CMakeFiles/balloon_main.elf.dir/Middlewares/Third_Party/FreeRTOS/Source/tasks.c.obj
 .text.prvInitialiseTaskLists
                0x08007fa8       0x68 CMakeFiles/balloon_main.elf.dir/Middlewares/Third_Party/FreeRTOS/Source/tasks.c.obj
 .text.prvAddNewTaskToReadyList
                0x08008010       0xac CMakeFiles/balloon_main.elf.dir/Middlewares/Third_Party/FreeRTOS/Source/tasks.c.obj
 .text.prvDeleteTCB
                0x080080bc       0x40 CMakeFiles/balloon_main.elf.dir/Middlewares/Third_Party/FreeRTOS/Source/tasks.c.obj
 .text.prvCheckTasksWaitingTermination
                0x080080fc       0x4c CMakeFiles/balloon_main.elf.dir/Middlewares/Third_Party/FreeRTOS/Source/tasks.c.obj
 .text.prvIdleTask
                0x08008148       0x28 CMakeFiles/balloon_main.elf.dir/Middlewares/Third_Party/FreeRTOS/Source/tasks.c.obj
 .text.prvAddCurrentTaskToDelayedList
                0x08008170       0x7c CMakeFiles/balloon_main.elf.dir/Middlewares/Third_Party/FreeRTOS/Source/tasks.c.obj
 .text.xTaskCreateStatic
                0x080081ec       0x7a CMakeFiles/balloon_main.elf.dir/Middlewares/Third_Party/FreeRTOS/Source/tasks.c.obj
                0x080081ec                xTaskCreateStatic
 .text.xTaskCreate
                0x08008266       0x66 CMakeFiles/balloon_main.elf.dir/Middlewares/Third_Party/FreeRTOS/Source/tasks.c.obj
                0x08008266                xTaskCreate
 .text.vTaskStartScheduler
                0x080082cc       0xac CMakeFiles/balloon_main.elf.dir/Middlewares/Third_Party/FreeRTOS/Source/tasks.c.obj
                0x080082cc                vTaskStartScheduler
 .text.vTaskSuspendAll
                0x08008378       0x10 CMakeFiles/balloon_main.elf.dir/Middlewares/Third_Party/FreeRTOS/Source/tasks.c.obj
                0x08008378                vTaskSuspendAll
 .text.xTaskGetTickCount
                0x08008388        0xc CMakeFiles/balloon_main.elf.dir/Middlewares/Third_Party/FreeRTOS/Source/tasks.c.obj
                0x08008388                xTaskGetTickCount
 .text.xTaskGetTickCountFromISR
                0x08008394       0x10 CMakeFiles/balloon_main.elf.dir/Middlewares/Third_Party/FreeRTOS/Source/tasks.c.obj
                0x08008394                xTaskGetTickCountFromISR
 .text.xTaskIncrementTick
                0x080083a4      0x118 CMakeFiles/balloon_main.elf.dir/Middlewares/Third_Party/FreeRTOS/Source/tasks.c.obj
                0x080083a4                xTaskIncrementTick
 .text.xTaskResumeAll
                0x080084bc       0xf8 CMakeFiles/balloon_main.elf.dir/Middlewares/Third_Party/FreeRTOS/Source/tasks.c.obj
                0x080084bc                xTaskResumeAll
 .text.vTaskDelay
                0x080085b4       0x4c CMakeFiles/balloon_main.elf.dir/Middlewares/Third_Party/FreeRTOS/Source/tasks.c.obj
                0x080085b4                vTaskDelay
 .text.vTaskSwitchContext
                0x08008600       0xa4 CMakeFiles/balloon_main.elf.dir/Middlewares/Third_Party/FreeRTOS/Source/tasks.c.obj
                0x08008600                vTaskSwitchContext
 .text.vTaskPlaceOnEventList
                0x080086a4       0x30 CMakeFiles/balloon_main.elf.dir/Middlewares/Third_Party/FreeRTOS/Source/tasks.c.obj
                0x080086a4                vTaskPlaceOnEventList
 .text.vTaskPlaceOnEventListRestricted
                0x080086d4       0x38 CMakeFiles/balloon_main.elf.dir/Middlewares/Third_Party/FreeRTOS/Source/tasks.c.obj
                0x080086d4                vTaskPlaceOnEventListRestricted
 .text.xTaskRemoveFromEventList
                0x0800870c       0x8c CMakeFiles/balloon_main.elf.dir/Middlewares/Third_Party/FreeRTOS/Source/tasks.c.obj
                0x0800870c                xTaskRemoveFromEventList
 .text.vTaskInternalSetTimeOutState
                0x08008798       0x18 CMakeFiles/balloon_main.elf.dir/Middlewares/Third_Party/FreeRTOS/Source/tasks.c.obj
                0x08008798                vTaskInternalSetTimeOutState
 .text.xTaskCheckForTimeOut
                0x080087b0       0x84 CMakeFiles/balloon_main.elf.dir/Middlewares/Third_Party/FreeRTOS/Source/tasks.c.obj
                0x080087b0                xTaskCheckForTimeOut
 .text.vTaskMissedYield
                0x08008834        0xc CMakeFiles/balloon_main.elf.dir/Middlewares/Third_Party/FreeRTOS/Source/tasks.c.obj
                0x08008834                vTaskMissedYield
 .text.xTaskGetSchedulerState
                0x08008840       0x20 CMakeFiles/balloon_main.elf.dir/Middlewares/Third_Party/FreeRTOS/Source/tasks.c.obj
                0x08008840                xTaskGetSchedulerState
 .text.xTaskPriorityDisinherit
                0x08008860       0x90 CMakeFiles/balloon_main.elf.dir/Middlewares/Third_Party/FreeRTOS/Source/tasks.c.obj
                0x08008860                xTaskPriorityDisinherit
 .text.prvGetNextExpireTime
                0x080088f0       0x20 CMakeFiles/balloon_main.elf.dir/Middlewares/Third_Party/FreeRTOS/Source/timers.c.obj
 .text.prvInsertTimerInActiveList
                0x08008910       0x48 CMakeFiles/balloon_main.elf.dir/Middlewares/Third_Party/FreeRTOS/Source/timers.c.obj
 .text.prvCheckForValidListAndQueue
                0x08008958       0x70 CMakeFiles/balloon_main.elf.dir/Middlewares/Third_Party/FreeRTOS/Source/timers.c.obj
 .text.xTimerCreateTimerTask
                0x080089c8       0x64 CMakeFiles/balloon_main.elf.dir/Middlewares/Third_Party/FreeRTOS/Source/timers.c.obj
                0x080089c8                xTimerCreateTimerTask
 .text.xTimerGenericCommand
                0x08008a2c       0x6c CMakeFiles/balloon_main.elf.dir/Middlewares/Third_Party/FreeRTOS/Source/timers.c.obj
                0x08008a2c                xTimerGenericCommand
 .text.prvSwitchTimerLists
                0x08008a98       0x7c CMakeFiles/balloon_main.elf.dir/Middlewares/Third_Party/FreeRTOS/Source/timers.c.obj
 .text.prvSampleTimeNow
                0x08008b14       0x2c CMakeFiles/balloon_main.elf.dir/Middlewares/Third_Party/FreeRTOS/Source/timers.c.obj
 .text.prvProcessExpiredTimer
                0x08008b40       0x6c CMakeFiles/balloon_main.elf.dir/Middlewares/Third_Party/FreeRTOS/Source/timers.c.obj
 .text.prvProcessTimerOrBlockTask
                0x08008bac       0x74 CMakeFiles/balloon_main.elf.dir/Middlewares/Third_Party/FreeRTOS/Source/timers.c.obj
 .text.prvProcessReceivedCommands
                0x08008c20      0x10c CMakeFiles/balloon_main.elf.dir/Middlewares/Third_Party/FreeRTOS/Source/timers.c.obj
 .text.prvTimerTask
                0x08008d2c       0x16 CMakeFiles/balloon_main.elf.dir/Middlewares/Third_Party/FreeRTOS/Source/timers.c.obj
 *fill*         0x08008d42        0x2 
 .text.stdio_exit_handler
                0x08008d44       0x18 C:/arm-gnu-toolchain-13.2.Rel1-mingw-w64-i686-arm-none-eabi/bin/../lib/gcc/arm-none-eabi/13.2.1/thumb/v7e-m+fp/hard\libg.a(libc_a-findfp.o)
 .text.cleanup_stdio
                0x08008d5c       0x40 C:/arm-gnu-toolchain-13.2.Rel1-mingw-w64-i686-arm-none-eabi/bin/../lib/gcc/arm-none-eabi/13.2.1/thumb/v7e-m+fp/hard\libg.a(libc_a-findfp.o)
 .text.global_stdio_init.part.0
                0x08008d9c       0xf0 C:/arm-gnu-toolchain-13.2.Rel1-mingw-w64-i686-arm-none-eabi/bin/../lib/gcc/arm-none-eabi/13.2.1/thumb/v7e-m+fp/hard\libg.a(libc_a-findfp.o)
 .text.__sinit  0x08008e8c       0x3c C:/arm-gnu-toolchain-13.2.Rel1-mingw-w64-i686-arm-none-eabi/bin/../lib/gcc/arm-none-eabi/13.2.1/thumb/v7e-m+fp/hard\libg.a(libc_a-findfp.o)
                0x08008e8c                __sinit
 .text.__sfp_lock_acquire
                0x08008ec8        0xc C:/arm-gnu-toolchain-13.2.Rel1-mingw-w64-i686-arm-none-eabi/bin/../lib/gcc/arm-none-eabi/13.2.1/thumb/v7e-m+fp/hard\libg.a(libc_a-findfp.o)
                0x08008ec8                __sfp_lock_acquire
 .text.__sfp_lock_release
                0x08008ed4        0xc C:/arm-gnu-toolchain-13.2.Rel1-mingw-w64-i686-arm-none-eabi/bin/../lib/gcc/arm-none-eabi/13.2.1/thumb/v7e-m+fp/hard\libg.a(libc_a-findfp.o)
                0x08008ed4                __sfp_lock_release
 .text._fwalk_sglue
                0x08008ee0       0x44 C:/arm-gnu-toolchain-13.2.Rel1-mingw-w64-i686-arm-none-eabi/bin/../lib/gcc/arm-none-eabi/13.2.1/thumb/v7e-m+fp/hard\libg.a(libc_a-fwalk.o)
                0x08008ee0                _fwalk_sglue
 .text._puts_r  0x08008f24       0x98 C:/arm-gnu-toolchain-13.2.Rel1-mingw-w64-i686-arm-none-eabi/bin/../lib/gcc/arm-none-eabi/13.2.1/thumb/v7e-m+fp/hard\libg.a(libc_a-puts.o)
                0x08008f24                _puts_r
 .text.puts     0x08008fbc       0x10 C:/arm-gnu-toolchain-13.2.Rel1-mingw-w64-i686-arm-none-eabi/bin/../lib/gcc/arm-none-eabi/13.2.1/thumb/v7e-m+fp/hard\libg.a(libc_a-puts.o)
                0x08008fbc                puts
 .text.setbuf   0x08008fcc       0x10 C:/arm-gnu-toolchain-13.2.Rel1-mingw-w64-i686-arm-none-eabi/bin/../lib/gcc/arm-none-eabi/13.2.1/thumb/v7e-m+fp/hard\libg.a(libc_a-setbuf.o)
                0x08008fcc                setbuf
 .text.setvbuf  0x08008fdc      0x1a4 C:/arm-gnu-toolchain-13.2.Rel1-mingw-w64-i686-arm-none-eabi/bin/../lib/gcc/arm-none-eabi/13.2.1/thumb/v7e-m+fp/hard\libg.a(libc_a-setvbuf.o)
                0x08008fdc                setvbuf
 .text.__sread  0x08009180       0x24 C:/arm-gnu-toolchain-13.2.Rel1-mingw-w64-i686-arm-none-eabi/bin/../lib/gcc/arm-none-eabi/13.2.1/thumb/v7e-m+fp/hard\libg.a(libc_a-stdio.o)
                0x08009180                __sread
 .text.__swrite
                0x080091a4       0x40 C:/arm-gnu-toolchain-13.2.Rel1-mingw-w64-i686-arm-none-eabi/bin/../lib/gcc/arm-none-eabi/13.2.1/thumb/v7e-m+fp/hard\libg.a(libc_a-stdio.o)
                0x080091a4                __swrite
 .text.__sseek  0x080091e4       0x24 C:/arm-gnu-toolchain-13.2.Rel1-mingw-w64-i686-arm-none-eabi/bin/../lib/gcc/arm-none-eabi/13.2.1/thumb/v7e-m+fp/hard\libg.a(libc_a-stdio.o)
                0x080091e4                __sseek
 .text.__sclose
                0x08009208        0x8 C:/arm-gnu-toolchain-13.2.Rel1-mingw-w64-i686-arm-none-eabi/bin/../lib/gcc/arm-none-eabi/13.2.1/thumb/v7e-m+fp/hard\libg.a(libc_a-stdio.o)
                0x08009208                __sclose
 .text.memset   0x08009210       0xa4 C:/arm-gnu-toolchain-13.2.Rel1-mingw-w64-i686-arm-none-eabi/bin/../lib/gcc/arm-none-eabi/13.2.1/thumb/v7e-m+fp/hard\libg.a(libc_a-memset.o)
                0x08009210                memset
 .text._close_r
                0x080092b4       0x24 C:/arm-gnu-toolchain-13.2.Rel1-mingw-w64-i686-arm-none-eabi/bin/../lib/gcc/arm-none-eabi/13.2.1/thumb/v7e-m+fp/hard\libg.a(libc_a-closer.o)
                0x080092b4                _close_r
 .text._reclaim_reent
                0x080092d8       0x5c C:/arm-gnu-toolchain-13.2.Rel1-mingw-w64-i686-arm-none-eabi/bin/../lib/gcc/arm-none-eabi/13.2.1/thumb/v7e-m+fp/hard\libg.a(libc_a-reent.o)
                0x080092d8                _reclaim_reent
 .text._lseek_r
                0x08009334       0x2c C:/arm-gnu-toolchain-13.2.Rel1-mingw-w64-i686-arm-none-eabi/bin/../lib/gcc/arm-none-eabi/13.2.1/thumb/v7e-m+fp/hard\libg.a(libc_a-lseekr.o)
                0x08009334                _lseek_r
 .text._read_r  0x08009360       0x2c C:/arm-gnu-toolchain-13.2.Rel1-mingw-w64-i686-arm-none-eabi/bin/../lib/gcc/arm-none-eabi/13.2.1/thumb/v7e-m+fp/hard\libg.a(libc_a-readr.o)
                0x08009360                _read_r
 .text._write_r
                0x0800938c       0x2c C:/arm-gnu-toolchain-13.2.Rel1-mingw-w64-i686-arm-none-eabi/bin/../lib/gcc/arm-none-eabi/13.2.1/thumb/v7e-m+fp/hard\libg.a(libc_a-writer.o)
                0x0800938c                _write_r
 .text.__errno  0x080093b8        0xc C:/arm-gnu-toolchain-13.2.Rel1-mingw-w64-i686-arm-none-eabi/bin/../lib/gcc/arm-none-eabi/13.2.1/thumb/v7e-m+fp/hard\libg.a(libc_a-errno.o)
                0x080093b8                __errno
 .text.__libc_init_array
                0x080093c4       0x50 C:/arm-gnu-toolchain-13.2.Rel1-mingw-w64-i686-arm-none-eabi/bin/../lib/gcc/arm-none-eabi/13.2.1/thumb/v7e-m+fp/hard\libg.a(libc_a-init.o)
                0x080093c4                __libc_init_array
 .text.__retarget_lock_init_recursive
                0x08009414        0x4 C:/arm-gnu-toolchain-13.2.Rel1-mingw-w64-i686-arm-none-eabi/bin/../lib/gcc/arm-none-eabi/13.2.1/thumb/v7e-m+fp/hard\libg.a(libc_a-lock.o)
                0x08009414                __retarget_lock_init_recursive
 .text.__retarget_lock_close_recursive
                0x08009418        0x4 C:/arm-gnu-toolchain-13.2.Rel1-mingw-w64-i686-arm-none-eabi/bin/../lib/gcc/arm-none-eabi/13.2.1/thumb/v7e-m+fp/hard\libg.a(libc_a-lock.o)
                0x08009418                __retarget_lock_close_recursive
 .text.__retarget_lock_acquire_recursive
                0x0800941c        0x4 C:/arm-gnu-toolchain-13.2.Rel1-mingw-w64-i686-arm-none-eabi/bin/../lib/gcc/arm-none-eabi/13.2.1/thumb/v7e-m+fp/hard\libg.a(libc_a-lock.o)
                0x0800941c                __retarget_lock_acquire_recursive
 .text.__retarget_lock_release_recursive
                0x08009420        0x4 C:/arm-gnu-toolchain-13.2.Rel1-mingw-w64-i686-arm-none-eabi/bin/../lib/gcc/arm-none-eabi/13.2.1/thumb/v7e-m+fp/hard\libg.a(libc_a-lock.o)
                0x08009420                __retarget_lock_release_recursive
 .text.startup.register_fini
                0x08009424       0x14 C:/arm-gnu-toolchain-13.2.Rel1-mingw-w64-i686-arm-none-eabi/bin/../lib/gcc/arm-none-eabi/13.2.1/thumb/v7e-m+fp/hard\libg.a(libc_a-__call_atexit.o)
 .text.atexit   0x08009438        0xc C:/arm-gnu-toolchain-13.2.Rel1-mingw-w64-i686-arm-none-eabi/bin/../lib/gcc/arm-none-eabi/13.2.1/thumb/v7e-m+fp/hard\libg.a(libc_a-atexit.o)
                0x08009438                atexit
 .text._malloc_trim_r
                0x08009444       0xb8 C:/arm-gnu-toolchain-13.2.Rel1-mingw-w64-i686-arm-none-eabi/bin/../lib/gcc/arm-none-eabi/13.2.1/thumb/v7e-m+fp/hard\libg.a(libc_a-freer.o)
                0x08009444                _malloc_trim_r
 .text._free_r  0x080094fc      0x1f8 C:/arm-gnu-toolchain-13.2.Rel1-mingw-w64-i686-arm-none-eabi/bin/../lib/gcc/arm-none-eabi/13.2.1/thumb/v7e-m+fp/hard\libg.a(libc_a-freer.o)
                0x080094fc                _free_r
 .text.malloc   0x080096f4       0x10 C:/arm-gnu-toolchain-13.2.Rel1-mingw-w64-i686-arm-none-eabi/bin/../lib/gcc/arm-none-eabi/13.2.1/thumb/v7e-m+fp/hard\libg.a(libc_a-malloc.o)
                0x080096f4                malloc
 .text._malloc_r
                0x08009704      0x564 C:/arm-gnu-toolchain-13.2.Rel1-mingw-w64-i686-arm-none-eabi/bin/../lib/gcc/arm-none-eabi/13.2.1/thumb/v7e-m+fp/hard\libg.a(libc_a-mallocr.o)
                0x08009704                _malloc_r
 .text.__malloc_lock
                0x08009c68        0xc C:/arm-gnu-toolchain-13.2.Rel1-mingw-w64-i686-arm-none-eabi/bin/../lib/gcc/arm-none-eabi/13.2.1/thumb/v7e-m+fp/hard\libg.a(libc_a-mlock.o)
                0x08009c68                __malloc_lock
 .text.__malloc_unlock
                0x08009c74        0xc C:/arm-gnu-toolchain-13.2.Rel1-mingw-w64-i686-arm-none-eabi/bin/../lib/gcc/arm-none-eabi/13.2.1/thumb/v7e-m+fp/hard\libg.a(libc_a-mlock.o)
                0x08009c74                __malloc_unlock
 .text._fclose_r
                0x08009c80       0xc0 C:/arm-gnu-toolchain-13.2.Rel1-mingw-w64-i686-arm-none-eabi/bin/../lib/gcc/arm-none-eabi/13.2.1/thumb/v7e-m+fp/hard\libg.a(libc_a-fclose.o)
                0x08009c80                _fclose_r
 .text.__sflush_r
                0x08009d40      0x138 C:/arm-gnu-toolchain-13.2.Rel1-mingw-w64-i686-arm-none-eabi/bin/../lib/gcc/arm-none-eabi/13.2.1/thumb/v7e-m+fp/hard\libg.a(libc_a-fflush.o)
                0x08009d40                __sflush_r
 .text._fflush_r
                0x08009e78       0x54 C:/arm-gnu-toolchain-13.2.Rel1-mingw-w64-i686-arm-none-eabi/bin/../lib/gcc/arm-none-eabi/13.2.1/thumb/v7e-m+fp/hard\libg.a(libc_a-fflush.o)
                0x08009e78                _fflush_r
 .text.__sfvwrite_r
                0x08009ecc      0x300 C:/arm-gnu-toolchain-13.2.Rel1-mingw-w64-i686-arm-none-eabi/bin/../lib/gcc/arm-none-eabi/13.2.1/thumb/v7e-m+fp/hard\libg.a(libc_a-fvwrite.o)
                0x08009ecc                __sfvwrite_r
 .text.__smakebuf_r
                0x0800a1cc       0xdc C:/arm-gnu-toolchain-13.2.Rel1-mingw-w64-i686-arm-none-eabi/bin/../lib/gcc/arm-none-eabi/13.2.1/thumb/v7e-m+fp/hard\libg.a(libc_a-makebuf.o)
                0x0800a1cc                __smakebuf_r
 .text.__swhatbuf_r
                0x0800a2a8       0x60 C:/arm-gnu-toolchain-13.2.Rel1-mingw-w64-i686-arm-none-eabi/bin/../lib/gcc/arm-none-eabi/13.2.1/thumb/v7e-m+fp/hard\libg.a(libc_a-makebuf.o)
                0x0800a2a8                __swhatbuf_r
 .text.__swsetup_r
                0x0800a308       0xc4 C:/arm-gnu-toolchain-13.2.Rel1-mingw-w64-i686-arm-none-eabi/bin/../lib/gcc/arm-none-eabi/13.2.1/thumb/v7e-m+fp/hard\libg.a(libc_a-wsetup.o)
                0x0800a308                __swsetup_r
 .text.memmove  0x0800a3cc      0x100 C:/arm-gnu-toolchain-13.2.Rel1-mingw-w64-i686-arm-none-eabi/bin/../lib/gcc/arm-none-eabi/13.2.1/thumb/v7e-m+fp/hard\libg.a(libc_a-memmove.o)
                0x0800a3cc                memmove
 .text._fstat_r
                0x0800a4cc       0x2c C:/arm-gnu-toolchain-13.2.Rel1-mingw-w64-i686-arm-none-eabi/bin/../lib/gcc/arm-none-eabi/13.2.1/thumb/v7e-m+fp/hard\libg.a(libc_a-fstatr.o)
                0x0800a4cc                _fstat_r
 .text._isatty_r
                0x0800a4f8       0x24 C:/arm-gnu-toolchain-13.2.Rel1-mingw-w64-i686-arm-none-eabi/bin/../lib/gcc/arm-none-eabi/13.2.1/thumb/v7e-m+fp/hard\libg.a(libc_a-isattyr.o)
                0x0800a4f8                _isatty_r
 .text._sbrk_r  0x0800a51c       0x24 C:/arm-gnu-toolchain-13.2.Rel1-mingw-w64-i686-arm-none-eabi/bin/../lib/gcc/arm-none-eabi/13.2.1/thumb/v7e-m+fp/hard\libg.a(libc_a-sbrkr.o)
                0x0800a51c                _sbrk_r
 .text.__libc_fini_array
                0x0800a540       0x28 C:/arm-gnu-toolchain-13.2.Rel1-mingw-w64-i686-arm-none-eabi/bin/../lib/gcc/arm-none-eabi/13.2.1/thumb/v7e-m+fp/hard\libg.a(libc_a-fini.o)
                0x0800a540                __libc_fini_array
 .text.sysconf  0x0800a568       0x1c C:/arm-gnu-toolchain-13.2.Rel1-mingw-w64-i686-arm-none-eabi/bin/../lib/gcc/arm-none-eabi/13.2.1/thumb/v7e-m+fp/hard\libg.a(libc_a-sysconf.o)
                0x0800a568                sysconf
 .text.__register_exitproc
                0x0800a584       0x80 C:/arm-gnu-toolchain-13.2.Rel1-mingw-w64-i686-arm-none-eabi/bin/../lib/gcc/arm-none-eabi/13.2.1/thumb/v7e-m+fp/hard\libg.a(libc_a-__atexit.o)
                0x0800a584                __register_exitproc
 .text._realloc_r
                0x0800a604      0x344 C:/arm-gnu-toolchain-13.2.Rel1-mingw-w64-i686-arm-none-eabi/bin/../lib/gcc/arm-none-eabi/13.2.1/thumb/v7e-m+fp/hard\libg.a(libc_a-reallocr.o)
                0x0800a604                _realloc_r
 *(.glue_7)
 .glue_7        0x0800a948        0x0 linker stubs
 *(.glue_7t)
 .glue_7t       0x0800a948        0x0 linker stubs
 *(.eh_frame)
 .eh_frame      0x0800a948        0x0 C:/arm-gnu-toolchain-13.2.Rel1-mingw-w64-i686-arm-none-eabi/bin/../lib/gcc/arm-none-eabi/13.2.1/thumb/v7e-m+fp/hard/crtbegin.o
 *(.init)
 .init          0x0800a948        0x4 C:/arm-gnu-toolchain-13.2.Rel1-mingw-w64-i686-arm-none-eabi/bin/../lib/gcc/arm-none-eabi/13.2.1/thumb/v7e-m+fp/hard/crti.o
                0x0800a948                _init
 .init          0x0800a94c        0x8 C:/arm-gnu-toolchain-13.2.Rel1-mingw-w64-i686-arm-none-eabi/bin/../lib/gcc/arm-none-eabi/13.2.1/thumb/v7e-m+fp/hard/crtn.o
 *(.fini)
 .fini          0x0800a954        0x4 C:/arm-gnu-toolchain-13.2.Rel1-mingw-w64-i686-arm-none-eabi/bin/../lib/gcc/arm-none-eabi/13.2.1/thumb/v7e-m+fp/hard/crti.o
                0x0800a954                _fini
 .fini          0x0800a958        0x8 C:/arm-gnu-toolchain-13.2.Rel1-mingw-w64-i686-arm-none-eabi/bin/../lib/gcc/arm-none-eabi/13.2.1/thumb/v7e-m+fp/hard/crtn.o
                0x0800a960                        . = ALIGN (0x4)
                0x0800a960                        _etext = .

.vfp11_veneer   0x0800a960        0x0
 .vfp11_veneer  0x0800a960        0x0 linker stubs

.v4_bx          0x0800a960        0x0
 .v4_bx         0x0800a960        0x0 linker stubs

.iplt           0x0800a960        0x0
 .iplt          0x0800a960        0x0 C:/arm-gnu-toolchain-13.2.Rel1-mingw-w64-i686-arm-none-eabi/bin/../lib/gcc/arm-none-eabi/13.2.1/thumb/v7e-m+fp/hard/crtbegin.o

.rodata         0x0800a960      0x14c
                0x0800a960                        . = ALIGN (0x4)
 *(.rodata)
 *(.rodata*)
 .rodata.main.str1.4
                0x0800a960       0xa0 CMakeFiles/balloon_main.elf.dir/Core/Src/main.c.obj
                                  0xf (size before relaxing)
 .rodata.uart1_desc
                0x0800aa00       0x24 CMakeFiles/balloon_main.elf.dir/Core/Src/main.c.obj
                0x0800aa00                uart1_desc
 .rodata.str1.4
                0x0800aa24        0xc CMakeFiles/balloon_main.elf.dir/Core/Src/main.c.obj
 .rodata.defaultTask_attributes
                0x0800aa24       0x24 CMakeFiles/balloon_main.elf.dir/Core/Src/main.c.obj
                0x0800aa24                defaultTask_attributes
 .rodata.MSIRangeTable
                0x0800aa48       0x30 CMakeFiles/balloon_main.elf.dir/Core/Src/system_stm32l4xx.c.obj
                0x0800aa48                MSIRangeTable
 .rodata.APBPrescTable
                0x0800aa78        0x8 CMakeFiles/balloon_main.elf.dir/Core/Src/system_stm32l4xx.c.obj
                0x0800aa78                APBPrescTable
 .rodata.AHBPrescTable
                0x0800aa80       0x10 CMakeFiles/balloon_main.elf.dir/Core/Src/system_stm32l4xx.c.obj
                0x0800aa80                AHBPrescTable
 .rodata.usart_rx_dma_thread.str1.4
                0x0800aa90       0x6a CMakeFiles/balloon_main.elf.dir/Core/support/uart_dma/uart_dma.c.obj
 .rodata.CHANNEL_OFFSET_TAB
                0x0800aa90        0x7 CMakeFiles/balloon_main.elf.dir/Core/support/uart_dma/uart_dma.c.obj
 *fill*         0x0800aa97        0x1 
 .rodata.SD_Driver
                0x0800aa98       0x14 CMakeFiles/balloon_main.elf.dir/FATFS/Target/sd_diskio.c.obj
                0x0800aa98                SD_Driver
 .rodata.vTaskStartScheduler.str1.4
                0x0800aaac        0x5 CMakeFiles/balloon_main.elf.dir/Middlewares/Third_Party/FreeRTOS/Source/tasks.c.obj
 .rodata.prvCheckForValidListAndQueue.str1.4
                0x0800aaac        0x5 CMakeFiles/balloon_main.elf.dir/Middlewares/Third_Party/FreeRTOS/Source/timers.c.obj
 .rodata.xTimerCreateTimerTask.str1.4
                0x0800aaac        0x8 CMakeFiles/balloon_main.elf.dir/Middlewares/Third_Party/FreeRTOS/Source/timers.c.obj
 .rodata._puts_r.str1.4
                0x0800aaac        0x2 C:/arm-gnu-toolchain-13.2.Rel1-mingw-w64-i686-arm-none-eabi/bin/../lib/gcc/arm-none-eabi/13.2.1/thumb/v7e-m+fp/hard\libg.a(libc_a-puts.o)
                0x0800aab4                        . = ALIGN (0x4)

.ARM.extab      0x0800aaac        0x0
                0x0800aaac                        . = ALIGN (0x4)
 *(.ARM.extab* .gnu.linkonce.armextab.*)
                0x0800aaac                        . = ALIGN (0x4)

.ARM            0x0800aaac        0x8
                0x0800aaac                        . = ALIGN (0x4)
                0x0800aaac                        __exidx_start = .
 *(.ARM.exidx*)
 .ARM.exidx     0x0800aaac        0x8 C:/arm-gnu-toolchain-13.2.Rel1-mingw-w64-i686-arm-none-eabi/bin/../lib/gcc/arm-none-eabi/13.2.1/thumb/v7e-m+fp/hard\libg.a(libc_a-memcpy.o)
 .ARM.exidx     0x0800aab4        0x0 C:/arm-gnu-toolchain-13.2.Rel1-mingw-w64-i686-arm-none-eabi/bin/../lib/gcc/arm-none-eabi/13.2.1/thumb/v7e-m+fp/hard\libg.a(libc_a-strlen.o)
                                  0x8 (size before relaxing)
 .ARM.exidx     0x0800aab4        0x0 C:/arm-gnu-toolchain-13.2.Rel1-mingw-w64-i686-arm-none-eabi/bin/../lib/gcc/arm-none-eabi/13.2.1/thumb/v7e-m+fp/hard\libg.a(libc_a-memchr.o)
                                  0x8 (size before relaxing)
                0x0800aab4                        __exidx_end = .
                0x0800aab4                        . = ALIGN (0x4)

.rel.dyn        0x0800aab4        0x0