Archive member included to satisfy reference by file (symbol)

/Applications/STM32CubeIDE.app/Contents/Eclipse/plugins/com.st.stm32cube.ide.mcu.externaltools.gnu-tools-for-stm32.12.3.rel1.macos64_1.0.100.202403111906/tools/bin/../lib/gcc/arm-none-eabi/12.3.1/../../../../arm-none-eabi/lib/thumb/v7e-m+fp/hard/libm.a(libm_a-sf_floor.o)
                              ./Core/support/neopixel/ARGB.o (floorf)
/Applications/STM32CubeIDE.app/Contents/Eclipse/plugins/com.st.stm32cube.ide.mcu.externaltools.gnu-tools-for-stm32.12.3.rel1.macos64_1.0.100.202403111906/tools/bin/../lib/gcc/arm-none-eabi/12.3.1/../../../../arm-none-eabi/lib/thumb/v7e-m+fp/hard/libc_nano.a(libc_a-exit.o)
                              /Applications/STM32CubeIDE.app/Contents/Eclipse/plugins/com.st.stm32cube.ide.mcu.externaltools.gnu-tools-for-stm32.12.3.rel1.macos64_1.0.100.202403111906/tools/bin/../lib/gcc/arm-none-eabi/12.3.1/../../../../arm-none-eabi/lib/thumb/v7e-m+fp/hard/crt0.o (exit)
/Applications/STM32CubeIDE.app/Contents/Eclipse/plugins/com.st.stm32cube.ide.mcu.externaltools.gnu-tools-for-stm32.12.3.rel1.macos64_1.0.100.202403111906/tools/bin/../lib/gcc/arm-none-eabi/12.3.1/../../../../arm-none-eabi/lib/thumb/v7e-m+fp/hard/libc_nano.a(libc_a-nano-vfprintf_float.o)
                              (_printf_float)
/Applications/STM32CubeIDE.app/Contents/Eclipse/plugins/com.st.stm32cube.ide.mcu.externaltools.gnu-tools-for-stm32.12.3.rel1.macos64_1.0.100.202403111906/tools/bin/../lib/gcc/arm-none-eabi/12.3.1/../../../../arm-none-eabi/lib/thumb/v7e-m+fp/hard/libc_nano.a(libc_a-nano-vfprintf_i.o)
                              /Applications/STM32CubeIDE.app/Contents/Eclipse/plugins/com.st.stm32cube.ide.mcu.externaltools.gnu-tools-for-stm32.12.3.rel1.macos64_1.0.100.202403111906/tools/bin/../lib/gcc/arm-none-eabi/12.3.1/../../../../arm-none-eabi/lib/thumb/v7e-m+fp/hard/libc_nano.a(libc_a-nano-vfprintf_float.o) (_printf_common)
/Applications/STM32CubeIDE.app/Contents/Eclipse/plugins/com.st.stm32cube.ide.mcu.externaltools.gnu-tools-for-stm32.12.3.rel1.macos64_1.0.100.202403111906/tools/bin/../lib/gcc/arm-none-eabi/12.3.1/../../../../arm-none-eabi/lib/thumb/v7e-m+fp/hard/libc_nano.a(libc_a-sprintf.o)
                              ./Core/Src/main.o (sprintf)
/Applications/STM32CubeIDE.app/Contents/Eclipse/plugins/com.st.stm32cube.ide.mcu.externaltools.gnu-tools-for-stm32.12.3.rel1.macos64_1.0.100.202403111906/tools/bin/../lib/gcc/arm-none-eabi/12.3.1/../../../../arm-none-eabi/lib/thumb/v7e-m+fp/hard/libc_nano.a(libc_a-findfp.o)
                              ./Middlewares/Third_Party/FreeRTOS/Source/tasks.o (__sf)
/Applications/STM32CubeIDE.app/Contents/Eclipse/plugins/com.st.stm32cube.ide.mcu.externaltools.gnu-tools-for-stm32.12.3.rel1.macos64_1.0.100.202403111906/tools/bin/../lib/gcc/arm-none-eabi/12.3.1/../../../../arm-none-eabi/lib/thumb/v7e-m+fp/hard/libc_nano.a(libc_a-strtol.o)
                              ./Core/device/gnss/minmea.o (strtol)
/Applications/STM32CubeIDE.app/Contents/Eclipse/plugins/com.st.stm32cube.ide.mcu.externaltools.gnu-tools-for-stm32.12.3.rel1.macos64_1.0.100.202403111906/tools/bin/../lib/gcc/arm-none-eabi/12.3.1/../../../../arm-none-eabi/lib/thumb/v7e-m+fp/hard/libc_nano.a(libc_a-fwalk.o)
                              /Applications/STM32CubeIDE.app/Contents/Eclipse/plugins/com.st.stm32cube.ide.mcu.externaltools.gnu-tools-for-stm32.12.3.rel1.macos64_1.0.100.202403111906/tools/bin/../lib/gcc/arm-none-eabi/12.3.1/../../../../arm-none-eabi/lib/thumb/v7e-m+fp/hard/libc_nano.a(libc_a-findfp.o) (_fwalk_sglue)
/Applications/STM32CubeIDE.app/Contents/Eclipse/plugins/com.st.stm32cube.ide.mcu.externaltools.gnu-tools-for-stm32.12.3.rel1.macos64_1.0.100.202403111906/tools/bin/../lib/gcc/arm-none-eabi/12.3.1/../../../../arm-none-eabi/lib/thumb/v7e-m+fp/hard/libc_nano.a(libc_a-printf.o)
                              ./Core/device/sd/sd.o (printf)
/Applications/STM32CubeIDE.app/Contents/Eclipse/plugins/com.st.stm32cube.ide.mcu.externaltools.gnu-tools-for-stm32.12.3.rel1.macos64_1.0.100.202403111906/tools/bin/../lib/gcc/arm-none-eabi/12.3.1/../../../../arm-none-eabi/lib/thumb/v7e-m+fp/hard/libc_nano.a(libc_a-putchar.o)
                              ./Core/Src/main.o (putchar)
/Applications/STM32CubeIDE.app/Contents/Eclipse/plugins/com.st.stm32cube.ide.mcu.externaltools.gnu-tools-for-stm32.12.3.rel1.macos64_1.0.100.202403111906/tools/bin/../lib/gcc/arm-none-eabi/12.3.1/../../../../arm-none-eabi/lib/thumb/v7e-m+fp/hard/libc_nano.a(libc_a-puts.o)
                              ./Core/Src/main.o (puts)
/Applications/STM32CubeIDE.app/Contents/Eclipse/plugins/com.st.stm32cube.ide.mcu.externaltools.gnu-tools-for-stm32.12.3.rel1.macos64_1.0.100.202403111906/tools/bin/../lib/gcc/arm-none-eabi/12.3.1/../../../../arm-none-eabi/lib/thumb/v7e-m+fp/hard/libc_nano.a(libc_a-memset.o)
[...]
Memory Configuration

Name             Origin             Length             Attributes
RAM              0x20000000         0x00010000         xrw
RAM2             0x10000000         0x00004000         xrw
FLASH            0x08000000         0x00020000         xr
*default*        0x00000000         0xffffffff

Linker script and memory map

LOAD /Applications/STM32CubeIDE.app/Contents/Eclipse/plugins/com.st.stm32cube.ide.mcu.externaltools.gnu-tools-for-stm32.12.3.rel1.macos64_1.0.100.202403111906/tools/bin/../lib/gcc/arm-none-eabi/12.3.1/thumb/v7e-m+fp/hard/crti.o
LOAD /Applications/STM32CubeIDE.app/Contents/Eclipse/plugins/com.st.stm32cube.ide.mcu.externaltools.gnu-tools-for-stm32.12.3.rel1.macos64_1.0.100.202403111906/tools/bin/../lib/gcc/arm-none-eabi/12.3.1/thumb/v7e-m+fp/hard/crtbegin.o
LOAD /Applications/STM32CubeIDE.app/Contents/Eclipse/plugins/com.st.stm32cube.ide.mcu.externaltools.gnu-tools-for-stm32.12.3.rel1.macos64_1.0.100.202403111906/tools/bin/../lib/gcc/arm-none-eabi/12.3.1/../../../../arm-none-eabi/lib/thumb/v7e-m+fp/hard/crt0.o
LOAD ./Core/Src/freertos.o
LOAD ./Core/Src/main.o
LOAD ./Core/Src/stm32l4xx_hal_msp.o
LOAD ./Core/Src/stm32l4xx_hal_timebase_tim.o
LOAD ./Core/Src/stm32l4xx_it.o
LOAD ./Core/Src/syscalls.o
LOAD ./Core/Src/sysmem.o
LOAD ./Core/Src/system_stm32l4xx.o
LOAD ./Core/Startup/startup_stm32l431rbtx.o
LOAD ./Core/device/env/bme280.o
LOAD ./Core/device/env/bme280_support.o
LOAD ./Core/device/env/env.o
LOAD ./Core/device/gnss/gnss.o
LOAD ./Core/device/gnss/minmea.o
LOAD ./Core/device/lora/lora.o
LOAD ./Core/device/power/power.o
LOAD ./Core/device/sd/sd.o
LOAD ./Core/support/neopixel/ARGB.o
LOAD ./Core/support/neopixel/example.o
LOAD ./Drivers/STM32L4xx_HAL_Driver/Src/stm32l4xx_hal.o
LOAD ./Drivers/STM32L4xx_HAL_Driver/Src/stm32l4xx_hal_cortex.o
LOAD ./Drivers/STM32L4xx_HAL_Driver/Src/stm32l4xx_hal_crc.o
LOAD ./Drivers/STM32L4xx_HAL_Driver/Src/stm32l4xx_hal_crc_ex.o
LOAD ./Drivers/STM32L4xx_HAL_Driver/Src/stm32l4xx_hal_dma.o
LOAD ./Drivers/STM32L4xx_HAL_Driver/Src/stm32l4xx_hal_dma_ex.o
LOAD ./Drivers/STM32L4xx_HAL_Driver/Src/stm32l4xx_hal_exti.o
LOAD ./Drivers/STM32L4xx_HAL_Driver/Src/stm32l4xx_hal_flash.o
LOAD ./Drivers/STM32L4xx_HAL_Driver/Src/stm32l4xx_hal_flash_ex.o
LOAD ./Drivers/STM32L4xx_HAL_Driver/Src/stm32l4xx_hal_flash_ramfunc.o
LOAD ./Drivers/STM32L4xx_HAL_Driver/Src/stm32l4xx_hal_gpio.o
LOAD ./Drivers/STM32L4xx_HAL_Driver/Src/stm32l4xx_hal_i2c.o
LOAD ./Drivers/STM32L4xx_HAL_Driver/Src/stm32l4xx_hal_i2c_ex.o
LOAD ./Drivers/STM32L4xx_HAL_Driver/Src/stm32l4xx_hal_lptim.o
LOAD ./Drivers/STM32L4xx_HAL_Driver/Src/stm32l4xx_hal_pwr.o
LOAD ./Drivers/STM32L4xx_HAL_Driver/Src/stm32l4xx_hal_pwr_ex.o
LOAD ./Drivers/STM32L4xx_HAL_Driver/Src/stm32l4xx_hal_rcc.o
LOAD ./Drivers/STM32L4xx_HAL_Driver/Src/stm32l4xx_hal_rcc_ex.o
LOAD ./Drivers/STM32L4xx_HAL_Driver/Src/stm32l4xx_hal_rtc.o
LOAD ./Drivers/STM32L4xx_HAL_Driver/Src/stm32l4xx_hal_rtc_ex.o
LOAD ./Drivers/STM32L4xx_HAL_Driver/Src/stm32l4xx_hal_sd.o
LOAD ./Drivers/STM32L4xx_HAL_Driver/Src/stm32l4xx_hal_sd_ex.o
LOAD ./Drivers/STM32L4xx_HAL_Driver/Src/stm32l4xx_hal_spi.o
LOAD ./Drivers/STM32L4xx_HAL_Driver/Src/stm32l4xx_hal_spi_ex.o
LOAD ./Drivers/STM32L4xx_HAL_Driver/Src/stm32l4xx_hal_tim.o
LOAD ./Drivers/STM32L4xx_HAL_Driver/Src/stm32l4xx_hal_tim_ex.o
LOAD ./Drivers/STM32L4xx_HAL_Driver/Src/stm32l4xx_hal_uart.o
LOAD ./Drivers/STM32L4xx_HAL_Driver/Src/stm32l4xx_hal_uart_ex.o
LOAD ./Drivers/STM32L4xx_HAL_Driver/Src/stm32l4xx_ll_sdmmc.o
LOAD ./FATFS/App/fatfs.o
LOAD ./FATFS/Target/bsp_driver_sd.o
LOAD ./FATFS/Target/sd_diskio.o
LOAD ./Middlewares/Third_Party/FatFs/src/diskio.o
LOAD ./Middlewares/Third_Party/FatFs/src/ff.o
LOAD ./Middlewares/Third_Party/FatFs/src/ff_gen_drv.o
LOAD ./Middlewares/Third_Party/FatFs/src/option/syscall.o
LOAD ./Middlewares/Third_Party/FreeRTOS/Source/CMSIS_RTOS_V2/cmsis_os2.o
LOAD ./Middlewares/Third_Party/FreeRTOS/Source/croutine.o
LOAD ./Middlewares/Third_Party/FreeRTOS/Source/event_groups.o
LOAD ./Middlewares/Third_Party/FreeRTOS/Source/list.o
LOAD ./Middlewares/Third_Party/FreeRTOS/Source/queue.o
LOAD ./Middlewares/Third_Party/FreeRTOS/Source/stream_buffer.o
LOAD ./Middlewares/Third_Party/FreeRTOS/Source/tasks.o
LOAD ./Middlewares/Third_Party/FreeRTOS/Source/timers.o
LOAD ./Middlewares/Third_Party/FreeRTOS/Source/portable/GCC/ARM_CM4F/port.o
LOAD ./Middlewares/Third_Party/FreeRTOS/Source/portable/MemMang/heap_1.o
START GROUP
LOAD /Applications/STM32CubeIDE.app/Contents/Eclipse/plugins/com.st.stm32cube.ide.mcu.externaltools.gnu-tools-for-stm32.12.3.rel1.macos64_1.0.100.202403111906/tools/bin/../lib/gcc/arm-none-eabi/12.3.1/../../../../arm-none-eabi/lib/thumb/v7e-m+fp/hard/libstdc++_nano.a
LOAD /Applications/STM32CubeIDE.app/Contents/Eclipse/plugins/com.st.stm32cube.ide.mcu.externaltools.gnu-tools-for-stm32.12.3.rel1.macos64_1.0.100.202403111906/tools/bin/../lib/gcc/arm-none-eabi/12.3.1/../../../../arm-none-eabi/lib/thumb/v7e-m+fp/hard/libsupc++_nano.a
END GROUP
LOAD /Applications/STM32CubeIDE.app/Contents/Eclipse/plugins/com.st.stm32cube.ide.mcu.externaltools.gnu-tools-for-stm32.12.3.rel1.macos64_1.0.100.202403111906/tools/bin/../lib/gcc/arm-none-eabi/12.3.1/../../../../arm-none-eabi/lib/thumb/v7e-m+fp/hard/libstdc++_nano.a
LOAD /Applications/STM32CubeIDE.app/Contents/Eclipse/plugins/com.st.stm32cube.ide.mcu.externaltools.gnu-tools-for-stm32.12.3.rel1.macos64_1.0.100.202403111906/tools/bin/../lib/gcc/arm-none-eabi/12.3.1/../../../../arm-none-eabi/lib/thumb/v7e-m+fp/hard/libm.a
LOAD /Applications/STM32CubeIDE.app/Contents/Eclipse/plugins/com.st.stm32cube.ide.mcu.externaltools.gnu-tools-for-stm32.12.3.rel1.macos64_1.0.100.202403111906/tools/bin/../lib/gcc/arm-none-eabi/12.3.1/../../../../arm-none-eabi/lib/thumb/v7e-m+fp/hard/libc_nano.a
START GROUP
LOAD /Applications/STM32CubeIDE.app/Contents/Eclipse/plugins/com.st.stm32cube.ide.mcu.externaltools.gnu-tools-for-stm32.12.3.rel1.macos64_1.0.100.202403111906/tools/bin/../lib/gcc/arm-none-eabi/12.3.1/thumb/v7e-m+fp/hard/libgcc.a
LOAD /Applications/STM32CubeIDE.app/Contents/Eclipse/plugins/com.st.stm32cube.ide.mcu.externaltools.gnu-tools-for-stm32.12.3.rel1.macos64_1.0.100.202403111906/tools/bin/../lib/gcc/arm-none-eabi/12.3.1/../../../../arm-none-eabi/lib/thumb/v7e-m+fp/hard/libc_nano.a
END GROUP
START GROUP
LOAD /Applications/STM32CubeIDE.app/Contents/Eclipse/plugins/com.st.stm32cube.ide.mcu.externaltools.gnu-tools-for-stm32.12.3.rel1.macos64_1.0.100.202403111906/tools/bin/../lib/gcc/arm-none-eabi/12.3.1/thumb/v7e-m+fp/hard/libgcc.a
LOAD /Applications/STM32CubeIDE.app/Contents/Eclipse/plugins/com.st.stm32cube.ide.mcu.externaltools.gnu-tools-for-stm32.12.3.rel1.macos64_1.0.100.202403111906/tools/bin/../lib/gcc/arm-none-eabi/12.3.1/../../../../arm-none-eabi/lib/thumb/v7e-m+fp/hard/libc_nano.a
END GROUP
LOAD /Applications/STM32CubeIDE.app/Contents/Eclipse/plugins/com.st.stm32cube.ide.mcu.externaltools.gnu-tools-for-stm32.12.3.rel1.macos64_1.0.100.202403111906/tools/bin/../lib/gcc/arm-none-eabi/12.3.1/thumb/v7e-m+fp/hard/crtend.o
LOAD /Applications/STM32CubeIDE.app/Contents/Eclipse/plugins/com.st.stm32cube.ide.mcu.externaltools.gnu-tools-for-stm32.12.3.rel1.macos64_1.0.100.202403111906/tools/bin/../lib/gcc/arm-none-eabi/12.3.1/thumb/v7e-m+fp/hard/crtn.o
                0x20010000                        _estack = (ORIGIN (RAM) + LENGTH (RAM))
                0x00000400                        _Min_Heap_Size = 0x400
                0x00000800                        _Min_Stack_Size = 0x800

.isr_vector     0x08000000      0x18c
                0x08000000                        . = ALIGN (0x4)
 *(.isr_vector)
 .isr_vector    0x08000000      0x18c ./Core/Startup/startup_stm32l431rbtx.o
                0x08000000                g_pfnVectors
                0x0800018c                        . = ALIGN (0x4)

.text           0x08000190     0xd4a0
                0x08000190                        . = ALIGN (0x4)
 *(.text)
 .text          0x08000190       0x40 /Applications/STM32CubeIDE.app/Contents/Eclipse/plugins/com.st.stm32cube.ide.mcu.externaltools.gnu-tools-for-stm32.12.3.rel1.macos64_1.0.100.202403111906/tools/bin/../lib/gcc/arm-none-eabi/12.3.1/thumb/v7e-m+fp/hard/crtbegin.o
 .text          0x080001d0       0xa0 /Applications/STM32CubeIDE.app/Contents/Eclipse/plugins/com.st.stm32cube.ide.mcu.externaltools.gnu-tools-for-stm32.12.3.rel1.macos64_1.0.100.202403111906/tools/bin/../lib/gcc/arm-none-eabi/12.3.1/../../../../arm-none-eabi/lib/thumb/v7e-m+fp/hard/libc_nano.a(libc_a-memchr.o)
                0x080001d0                memchr
 .text          0x08000270       0x10 /Applications/STM32CubeIDE.app/Contents/Eclipse/plugins/com.st.stm32cube.ide.mcu.externaltools.gnu-tools-for-stm32.12.3.rel1.macos64_1.0.100.202403111906/tools/bin/../lib/gcc/arm-none-eabi/12.3.1/../../../../arm-none-eabi/lib/thumb/v7e-m+fp/hard/libc_nano.a(libc_a-strlen.o)
                0x08000270                strlen
 .text          0x08000280       0x14 /Applications/STM32CubeIDE.app/Contents/Eclipse/plugins/com.st.stm32cube.ide.mcu.externaltools.gnu-tools-for-stm32.12.3.rel1.macos64_1.0.100.202403111906/tools/bin/../lib/gcc/arm-none-eabi/12.3.1/../../../../arm-none-eabi/lib/thumb/v7e-m+fp/hard/libc_nano.a(libc_a-strcmp.o)
                0x08000280                strcmp
 .text          0x08000294      0x378 /Applications/STM32CubeIDE.app/Contents/Eclipse/plugins/com.st.stm32cube.ide.mcu.externaltools.gnu-tools-for-stm32.12.3.rel1.macos64_1.0.100.202403111906/tools/bin/../lib/gcc/arm-none-eabi/12.3.1/thumb/v7e-m+fp/hard/libgcc.a(_arm_addsubdf3.o)
                0x08000294                __aeabi_drsub
                0x0800029c                __subdf3
                0x0800029c                __aeabi_dsub
                0x080002a0                __aeabi_dadd
                0x080002a0                __adddf3
                0x08000518                __aeabi_ui2d
                0x08000518                __floatunsidf
                0x08000538                __floatsidf
                0x08000538                __aeabi_i2d
                0x0800055c                __extendsfdf2
                0x0800055c                __aeabi_f2d
                0x080005a0                __aeabi_ul2d
                0x080005a0                __floatundidf
                0x080005b0                __aeabi_l2d
                0x080005b0                __floatdidf
 .text          0x0800060c      0x424 /Applications/STM32CubeIDE.app/Contents/Eclipse/plugins/com.st.stm32cube.ide.mcu.externaltools.gnu-tools-for-stm32.12.3.rel1.macos64_1.0.100.202403111906/tools/bin/../lib/gcc/arm-none-eabi/12.3.1/thumb/v7e-m+fp/hard/libgcc.a(_arm_muldivdf3.o)
                0x0800060c                __aeabi_dmul
                0x0800060c                __muldf3
                0x08000860                __aeabi_ddiv
                0x08000860                __divdf3
 .text          0x08000a30      0x110 /Applications/STM32CubeIDE.app/Contents/Eclipse/plugins/com.st.stm32cube.ide.mcu.externaltools.gnu-tools-for-stm32.12.3.rel1.macos64_1.0.100.202403111906/tools/bin/../lib/gcc/arm-none-eabi/12.3.1/thumb/v7e-m+fp/hard/libgcc.a(_arm_cmpdf2.o)
                0x08000a30                __gedf2
                0x08000a30                __gtdf2
                0x08000a38                __ledf2
                0x08000a38                __ltdf2
                0x08000a40                __cmpdf2
                0x08000a40                __eqdf2
                0x08000a40                __nedf2
                0x08000abc                __aeabi_cdrcmple
                0x08000acc                __aeabi_cdcmple
                0x08000acc                __aeabi_cdcmpeq
                0x08000adc                __aeabi_dcmpeq
                0x08000af0                __aeabi_dcmplt
                0x08000b04                __aeabi_dcmple
                0x08000b18                __aeabi_dcmpge
                0x08000b2c                __aeabi_dcmpgt
 .text          0x08000b40       0x2c /Applications/STM32CubeIDE.app/Contents/Eclipse/plugins/com.st.stm32cube.ide.mcu.externaltools.gnu-tools-for-stm32.12.3.rel1.macos64_1.0.100.202403111906/tools/bin/../lib/gcc/arm-none-eabi/12.3.1/thumb/v7e-m+fp/hard/libgcc.a(_arm_unorddf2.o)
                0x08000b40                __aeabi_dcmpun
                0x08000b40                __unorddf2
 .text          0x08000b6c       0x50 /Applications/STM32CubeIDE.app/Contents/Eclipse/plugins/com.st.stm32cube.ide.mcu.externaltools.gnu-tools-for-stm32.12.3.rel1.macos64_1.0.100.202403111906/tools/bin/../lib/gcc/arm-none-eabi/12.3.1/thumb/v7e-m+fp/hard/libgcc.a(_arm_fixdfsi.o)
                0x08000b6c                __fixdfsi
                0x08000b6c                __aeabi_d2iz
 .text          0x08000bbc       0x40 /Applications/STM32CubeIDE.app/Contents/Eclipse/plugins/com.st.stm32cube.ide.mcu.externaltools.gnu-tools-for-stm32.12.3.rel1.macos64_1.0.100.202403111906/tools/bin/../lib/gcc/arm-none-eabi/12.3.1/thumb/v7e-m+fp/hard/libgcc.a(_arm_fixunsdfsi.o)
                0x08000bbc                __fixunsdfsi
                0x08000bbc                __aeabi_d2uiz
 .text          0x08000bfc       0x30 /Applications/STM32CubeIDE.app/Contents/Eclipse/plugins/com.st.stm32cube.ide.mcu.externaltools.gnu-tools-for-stm32.12.3.rel1.macos64_1.0.100.202403111906/tools/bin/../lib/gcc/arm-none-eabi/12.3.1/thumb/v7e-m+fp/hard/libgcc.a(_aeabi_uldivmod.o)
                0x08000bfc                __aeabi_uldivmod
 .text          0x08000c2c      0x2bc /Applications/STM32CubeIDE.app/Contents/Eclipse/plugins/com.st.stm32cube.ide.mcu.externaltools.gnu-tools-for-stm32.12.3.rel1.macos64_1.0.100.202403111906/tools/bin/../lib/gcc/arm-none-eabi/12.3.1/thumb/v7e-m+fp/hard/libgcc.a(_udivmoddi4.o)
                0x08000c2c                __udivmoddi4
 .text          0x08000ee8        0x4 /Applications/STM32CubeIDE.app/Contents/Eclipse/plugins/com.st.stm32cube.ide.mcu.externaltools.gnu-tools-for-stm32.12.3.rel1.macos64_1.0.100.202403111906/tools/bin/../lib/gcc/arm-none-eabi/12.3.1/thumb/v7e-m+fp/hard/libgcc.a(_dvmd_tls.o)
                0x08000ee8                __aeabi_ldiv0
                0x08000ee8                __aeabi_idiv0
 *(.text*)
 .text.vApplicationStackOverflowHook
                0x08000eec        0x2 ./Core/Src/freertos.o
                0x08000eec                vApplicationStackOverflowHook
 .text.vApplicationMallocFailedHook
                0x08000eee        0x2 ./Core/Src/freertos.o
                0x08000eee                vApplicationMallocFailedHook
 .text.minmea_tofloat
                0x08000ef0       0x24 ./Core/Src/main.o
 .text.DownLink
                0x08000f14        0xc ./Core/Src/main.o
                0x08000f14                DownLink
 .text.StartMainTask
                0x08000f20       0xb8 ./Core/Src/main.o
                0x08000f20                StartMainTask
 .text.SaveFile
                0x08000fd8      0x174 ./Core/Src/main.o
                0x08000fd8                SaveFile
 .text.SystemClock_Config
                0x0800114c       0x7c ./Core/Src/main.o
                0x0800114c                SystemClock_Config
 .text.startup.main
                0x080011c8      0x63c ./Core/Src/main.o
                0x080011c8                main
 .text._write   0x08001804       0x30 ./Core/Src/main.o
                0x08001804                _write
 .text.HAL_Delay
                0x08001834        0x4 ./Core/Src/main.o
                0x08001834                HAL_Delay
 .text.HAL_UART_RxCpltCallback
                0x08001838       0xb0 ./Core/Src/main.o
                0x08001838                HAL_UART_RxCpltCallback
 .text.BSP_SD_ReadBlocks_DMA
                0x080018e8       0x44 ./Core/Src/main.o
                0x080018e8                BSP_SD_ReadBlocks_DMA
 .text.BSP_SD_WriteBlocks_DMA
                0x0800192c       0x48 ./Core/Src/main.o
                0x0800192c                BSP_SD_WriteBlocks_DMA
 .text.HAL_TIM_PeriodElapsedCallback
                0x08001974       0x14 ./Core/Src/main.o
                0x08001974                HAL_TIM_PeriodElapsedCallback
 .text.Error_Handler
                0x08001988        0x4 ./Core/Src/main.o
                0x08001988                Error_Handler
 .text.HAL_MspInit
                0x0800198c       0x3c ./Core/Src/stm32l4xx_hal_msp.o
                0x0800198c                HAL_MspInit
 .text.HAL_CRC_MspInit
                0x080019c8       0x28 ./Core/Src/stm32l4xx_hal_msp.o
                0x080019c8                HAL_CRC_MspInit
 .text.HAL_I2C_MspInit
                0x080019f0      0x1c0 ./Core/Src/stm32l4xx_hal_msp.o
                0x080019f0                HAL_I2C_MspInit
 .text.HAL_LPTIM_MspInit
                0x08001bb0       0x84 ./Core/Src/stm32l4xx_hal_msp.o
                0x08001bb0                HAL_LPTIM_MspInit
 .text.HAL_RTC_MspInit
                0x08001c34       0x4c ./Core/Src/stm32l4xx_hal_msp.o
                0x08001c34                HAL_RTC_MspInit
 .text.HAL_SD_MspInit
                0x08001c80      0x108 ./Core/Src/stm32l4xx_hal_msp.o
                0x08001c80                HAL_SD_MspInit
 .text.HAL_SPI_MspInit
                0x08001d88       0xd8 ./Core/Src/stm32l4xx_hal_msp.o
                0x08001d88                HAL_SPI_MspInit
 .text.HAL_TIM_Base_MspInit
                0x08001e60       0x64 ./Core/Src/stm32l4xx_hal_msp.o
                0x08001e60                HAL_TIM_Base_MspInit
 .text.HAL_TIM_MspPostInit
                0x08001ec4       0x50 ./Core/Src/stm32l4xx_hal_msp.o
                0x08001ec4                HAL_TIM_MspPostInit
 .text.HAL_UART_MspInit
                0x08001f14      0x204 ./Core/Src/stm32l4xx_hal_msp.o
                0x08001f14                HAL_UART_MspInit
 .text.HAL_InitTick
                0x08002118       0x9c ./Core/Src/stm32l4xx_hal_timebase_tim.o
                0x08002118                HAL_InitTick
 .text.NMI_Handler
                0x080021b4        0x2 ./Core/Src/stm32l4xx_it.o
                0x080021b4                NMI_Handler
 .text.HardFault_Handler
                0x080021b6        0x2 ./Core/Src/stm32l4xx_it.o
                0x080021b6                HardFault_Handler
 .text.MemManage_Handler
                0x080021b8        0x2 ./Core/Src/stm32l4xx_it.o
                0x080021b8                MemManage_Handler
 .text.BusFault_Handler
                0x080021ba        0x2 ./Core/Src/stm32l4xx_it.o
                0x080021ba                BusFault_Handler
 .text.UsageFault_Handler
                0x080021bc        0x2 ./Core/Src/stm32l4xx_it.o
                0x080021bc                UsageFault_Handler
 .text.DebugMon_Handler
                0x080021be        0x2 ./Core/Src/stm32l4xx_it.o
                0x080021be                DebugMon_Handler
 .text.DMA1_Channel2_IRQHandler
                0x080021c0        0xc ./Core/Src/stm32l4xx_it.o
                0x080021c0                DMA1_Channel2_IRQHandler
 .text.DMA1_Channel3_IRQHandler
                0x080021cc        0xc ./Core/Src/stm32l4xx_it.o
                0x080021cc                DMA1_Channel3_IRQHandler
 .text.DMA1_Channel4_IRQHandler
                0x080021d8        0xc ./Core/Src/stm32l4xx_it.o
                0x080021d8                DMA1_Channel4_IRQHandler
 .text.DMA1_Channel5_IRQHandler
                0x080021e4        0xc ./Core/Src/stm32l4xx_it.o
                0x080021e4                DMA1_Channel5_IRQHandler
 .text.DMA1_Channel6_IRQHandler
                0x080021f0        0xc ./Core/Src/stm32l4xx_it.o
                0x080021f0                DMA1_Channel6_IRQHandler
 .text.DMA1_Channel7_IRQHandler
                0x080021fc        0xc ./Core/Src/stm32l4xx_it.o
                0x080021fc                DMA1_Channel7_IRQHandler
 .text.I2C1_ER_IRQHandler
                0x08002208        0xc ./Core/Src/stm32l4xx_it.o
                0x08002208                I2C1_ER_IRQHandler
 .text.USART1_IRQHandler
                0x08002214        0xc ./Core/Src/stm32l4xx_it.o
                0x08002214                USART1_IRQHandler
 .text.USART2_IRQHandler
                0x08002220        0xc ./Core/Src/stm32l4xx_it.o
                0x08002220                USART2_IRQHandler
 .text.USART3_IRQHandler
                0x0800222c        0xc ./Core/Src/stm32l4xx_it.o
                0x0800222c                USART3_IRQHandler
 .text.SDMMC1_IRQHandler
                0x08002238        0xc ./Core/Src/stm32l4xx_it.o
                0x08002238                SDMMC1_IRQHandler
 .text.TIM6_DAC_IRQHandler
                0x08002244        0xc ./Core/Src/stm32l4xx_it.o
                0x08002244                TIM6_DAC_IRQHandler
 .text.DMA2_Channel4_IRQHandler
                0x08002250       0x2c ./Core/Src/stm32l4xx_it.o
                0x08002250                DMA2_Channel4_IRQHandler
 .text._getpid  0x0800227c        0x4 ./Core/Src/syscalls.o
                0x0800227c                _getpid
 .text._kill    0x08002280       0x10 ./Core/Src/syscalls.o
                0x08002280                _kill
 .text._exit    0x08002290        0xc ./Core/Src/syscalls.o
                0x08002290                _exit
 .text._read    0x0800229c       0x1c ./Core/Src/syscalls.o
                0x0800229c                _read
 .text._close   0x080022b8        0x6 ./Core/Src/syscalls.o
                0x080022b8                _close
 .text._fstat   0x080022be        0xa ./Core/Src/syscalls.o
                0x080022be                _fstat
 .text._isatty  0x080022c8        0x4 ./Core/Src/syscalls.o
                0x080022c8                _isatty
 .text._lseek   0x080022cc        0x4 ./Core/Src/syscalls.o
                0x080022cc                _lseek
 .text._sbrk    0x080022d0       0x40 ./Core/Src/sysmem.o
                0x080022d0                _sbrk
 .text.SystemInit
                0x08002310       0x14 ./Core/Src/system_stm32l4xx.o
                0x08002310                SystemInit
 .text.Reset_Handler
                0x08002324       0x50 ./Core/Startup/startup_stm32l431rbtx.o
                0x08002324                Reset_Handler
 .text.Default_Handler
                0x08002374        0x2 ./Core/Startup/startup_stm32l431rbtx.o
                0x08002374                TIM1_BRK_TIM15_IRQHandler
                0x08002374                EXTI2_IRQHandler
                0x08002374                TIM1_CC_IRQHandler
                0x08002374                TSC_IRQHandler
                0x08002374                TAMP_STAMP_IRQHandler
                0x08002374                EXTI3_IRQHandler
                0x08002374                LPTIM2_IRQHandler
                0x08002374                I2C3_ER_IRQHandler
                0x08002374                EXTI0_IRQHandler
                0x08002374                I2C2_EV_IRQHandler
                0x08002374                CAN1_RX0_IRQHandler
                0x08002374                FPU_IRQHandler
                0x08002374                TIM1_UP_TIM16_IRQHandler
                0x08002374                SPI1_IRQHandler
                0x08002374                DMA2_Channel2_IRQHandler
                0x08002374                ADC1_IRQHandler
                0x08002374                CAN1_RX1_IRQHandler
                0x08002374                DMA2_Channel1_IRQHandler
                0x08002374                QUADSPI_IRQHandler
                0x08002374                I2C1_EV_IRQHandler
                0x08002374                RCC_IRQHandler
                0x08002374                TIM1_TRG_COM_IRQHandler
                0x08002374                DMA1_Channel1_IRQHandler
                0x08002374                Default_Handler
                0x08002374                DMA2_Channel7_IRQHandler
                0x08002374                EXTI15_10_IRQHandler
                0x08002374                TIM7_IRQHandler
                0x08002374                I2C3_EV_IRQHandler
                0x08002374                EXTI9_5_IRQHandler
                0x08002374                RTC_WKUP_IRQHandler
                0x08002374                PVD_PVM_IRQHandler
                0x08002374                SPI2_IRQHandler
                0x08002374                CAN1_TX_IRQHandler
                0x08002374                DMA2_Channel5_IRQHandler
                0x08002374                CRS_IRQHandler
                0x08002374                EXTI4_IRQHandler
                0x08002374                RNG_IRQHandler
                0x08002374                COMP_IRQHandler
                0x08002374                WWDG_IRQHandler
                0x08002374                LPUART1_IRQHandler
                0x08002374                DMA2_Channel6_IRQHandler
                0x08002374                TIM2_IRQHandler
                0x08002374                EXTI1_IRQHandler
                0x08002374                I2C2_ER_IRQHandler
                0x08002374                CAN1_SCE_IRQHandler
                0x08002374                FLASH_IRQHandler
                0x08002374                SPI3_IRQHandler
                0x08002374                SWPMI1_IRQHandler
                0x08002374                LPTIM1_IRQHandler
                0x08002374                SAI1_IRQHandler
                0x08002374                DMA2_Channel3_IRQHandler
                0x08002374                RTC_Alarm_IRQHandler
 *fill*         0x08002376        0x2 
 .text.bme280_read_uncomp_temperature
                0x08002378       0x50 ./Core/device/env/bme280.o
                0x08002378                bme280_read_uncomp_temperature
 .text.bme280_compensate_temperature_int32
                0x080023c8       0x38 ./Core/device/env/bme280.o
                0x080023c8                bme280_compensate_temperature_int32
 .text.bme280_read_uncomp_pressure
                0x08002400       0x50 ./Core/device/env/bme280.o
                0x08002400                bme280_read_uncomp_pressure
 .text.bme280_compensate_pressure_int32
                0x08002450       0xa8 ./Core/device/env/bme280.o
                0x08002450                bme280_compensate_pressure_int32
 .text.bme280_read_uncomp_humidity
                0x080024f8       0x38 ./Core/device/env/bme280.o
                0x080024f8                bme280_read_uncomp_humidity
 .text.bme280_compensate_humidity_int32
                0x08002530       0x70 ./Core/device/env/bme280.o
                0x08002530                bme280_compensate_humidity_int32
 .text.bme280_read_uncomp_pressure_temperature_humidity
                0x080025a0       0x78 ./Core/device/env/bme280.o
                0x080025a0                bme280_read_uncomp_pressure_temperature_humidity
 .text.bme280_read_pressure_temperature_humidity
                0x08002618       0x4c ./Core/device/env/bme280.o
                0x08002618                bme280_read_pressure_temperature_humidity
 .text.bme280_get_calib_param
                0x08002664       0xe8 ./Core/device/env/bme280.o
                0x08002664                bme280_get_calib_param
 .text.bme280_init
                0x0800274c       0x58 ./Core/device/env/bme280.o
                0x0800274c                bme280_init
 .text.bme280_get_power_mode
                0x080027a4       0x38 ./Core/device/env/bme280.o
                0x080027a4                bme280_get_power_mode
 .text.bme280_set_soft_rst
                0x080027dc       0x2c ./Core/device/env/bme280.o
                0x080027dc                bme280_set_soft_rst
 .text.bme280_write_register
                0x08002808       0x28 ./Core/device/env/bme280.o
                0x08002808                bme280_write_register
 .text.bme280_read_register
                0x08002830       0x28 ./Core/device/env/bme280.o
                0x08002830                bme280_read_register
 .text.bme280_set_oversamp_temperature
                0x08002858       0xe8 ./Core/device/env/bme280.o
                0x08002858                bme280_set_oversamp_temperature
 .text.bme280_set_oversamp_pressure
                0x08002940       0xec ./Core/device/env/bme280.o
                0x08002940                bme280_set_oversamp_pressure
 .text.bme280_set_oversamp_humidity
                0x08002a2c      0x11c ./Core/device/env/bme280.o
                0x08002a2c                bme280_set_oversamp_humidity
 .text.bme280_set_power_mode
                0x08002b48       0xf4 ./Core/device/env/bme280.o
                0x08002b48                bme280_set_power_mode
 .text.bme280_set_standby_durn
                0x08002c3c       0xf8 ./Core/device/env/bme280.o
                0x08002c3c                bme280_set_standby_durn
 .text.BME280_delay_msek
                0x08002d34        0x8 ./Core/device/env/bme280_support.o
                0x08002d34                BME280_delay_msek
 .text.BME280_SPI_bus_read
                0x08002d3c       0x84 ./Core/device/env/bme280_support.o
                0x08002d3c                BME280_SPI_bus_read
 .text.BME280_SPI_bus_write
                0x08002dc0       0x70 ./Core/device/env/bme280_support.o
                0x08002dc0                BME280_SPI_bus_write
 .text.SPI_routine
                0x08002e30       0x44 ./Core/device/env/bme280_support.o
                0x08002e30                SPI_routine
 .text.bme280_data_readout_template
                0x08002e74       0xf0 ./Core/device/env/bme280_support.o
                0x08002e74                bme280_data_readout_template
 .text.read_env_data
                0x08002f64       0x14 ./Core/device/env/env.o
                0x08002f64                read_env_data
 .text.feed_nmea
                0x08002f78       0xb4 ./Core/device/gnss/gnss.o
                0x08002f78                feed_nmea
 .text.minmea_isfield
                0x0800302c       0x24 ./Core/device/gnss/minmea.o
 .text.hex2int  0x08003050       0x2c ./Core/device/gnss/minmea.o
 .text.minmea_check
                0x0800307c       0x68 ./Core/device/gnss/minmea.o
                0x0800307c                minmea_check
 .text.minmea_scan
                0x080030e4      0x42c ./Core/device/gnss/minmea.o
                0x080030e4                minmea_scan
 .text.minmea_sentence_id
                0x08003510       0xdc ./Core/device/gnss/minmea.o
                0x08003510                minmea_sentence_id
 .text.minmea_parse_gga
                0x080035ec       0x88 ./Core/device/gnss/minmea.o
                0x080035ec                minmea_parse_gga
 .text.minmea_parse_gsa
                0x08003674       0x90 ./Core/device/gnss/minmea.o
                0x08003674                minmea_parse_gsa
 .text.minmea_parse_zda
                0x08003704       0x64 ./Core/device/gnss/minmea.o
                0x08003704                minmea_parse_zda
 .text.minmea_getdatetime
                0x08003768       0x50 ./Core/device/gnss/minmea.o
                0x08003768                minmea_getdatetime
 .text.lora_init
                0x080037b8       0x88 ./Core/device/lora/lora.o
                0x080037b8                lora_init
 .text.lora_send
                0x08003840       0x54 ./Core/device/lora/lora.o
                0x08003840                lora_send
 .text.reset_sense_power
                0x08003894       0x24 ./Core/device/power/power.o
                0x08003894                reset_sense_power
 .text.reset_comm_power
                0x080038b8       0x24 ./Core/device/power/power.o
                0x080038b8                reset_comm_power
 .text.ARGB_TIM_DMADelayPulseHalfCplt
                0x080038dc      0x108 ./Core/support/neopixel/ARGB.o
 .text.ARGB_TIM_DMADelayPulseCplt
                0x080039e4      0x1e0 ./Core/support/neopixel/ARGB.o
 *fill*         0x08003bc4        0x4 
 .text.ARGB_Init
                0x08003bc8       0xa8 ./Core/support/neopixel/ARGB.o
                0x08003bc8                ARGB_Init
 .text.ARGB_SetRGB
                0x08003c70       0x60 ./Core/support/neopixel/ARGB.o
                0x08003c70                ARGB_SetRGB
 .text.ARGB_FillRGB
                0x08003cd0       0x3a ./Core/support/neopixel/ARGB.o
                0x08003cd0                ARGB_FillRGB
 *fill*         0x08003d0a        0x2 
 .text.ARGB_Show
                0x08003d0c      0x1e4 ./Core/support/neopixel/ARGB.o
                0x08003d0c                ARGB_Show
 .text.HAL_Init
                0x08003ef0       0x1e ./Drivers/STM32L4xx_HAL_Driver/Src/stm32l4xx_hal.o
                0x08003ef0                HAL_Init
 *fill*         0x08003f0e        0x2 
 .text.HAL_IncTick
                0x08003f10       0x18 ./Drivers/STM32L4xx_HAL_Driver/Src/stm32l4xx_hal.o
                0x08003f10                HAL_IncTick
 .text.HAL_GetTick
                0x08003f28        0xc ./Drivers/STM32L4xx_HAL_Driver/Src/stm32l4xx_hal.o
                0x08003f28                HAL_GetTick
 .text.HAL_NVIC_SetPriorityGrouping
                0x08003f34       0x24 ./Drivers/STM32L4xx_HAL_Driver/Src/stm32l4xx_hal_cortex.o
                0x08003f34                HAL_NVIC_SetPriorityGrouping
 .text.HAL_NVIC_SetPriority
                0x08003f58       0x64 ./Drivers/STM32L4xx_HAL_Driver/Src/stm32l4xx_hal_cortex.o
                0x08003f58                HAL_NVIC_SetPriority
 .text.HAL_NVIC_EnableIRQ
                0x08003fbc       0x1c ./Drivers/STM32L4xx_HAL_Driver/Src/stm32l4xx_hal_cortex.o
                0x08003fbc                HAL_NVIC_EnableIRQ
 .text.HAL_CRC_Init
                0x08003fd8       0x74 ./Drivers/STM32L4xx_HAL_Driver/Src/stm32l4xx_hal_crc.o
                0x08003fd8                HAL_CRC_Init
 .text.HAL_CRCEx_Polynomial_Set
                0x0800404c       0x4e ./Drivers/STM32L4xx_HAL_Driver/Src/stm32l4xx_hal_crc_ex.o
                0x0800404c                HAL_CRCEx_Polynomial_Set
 *fill*         0x0800409a        0x2 
 .text.HAL_DMA_Init
                0x0800409c       0xd0 ./Drivers/STM32L4xx_HAL_Driver/Src/stm32l4xx_hal_dma.o
                0x0800409c                HAL_DMA_Init
 .text.HAL_DMA_DeInit
                0x0800416c       0x9c ./Drivers/STM32L4xx_HAL_Driver/Src/stm32l4xx_hal_dma.o
                0x0800416c                HAL_DMA_DeInit
 .text.HAL_DMA_Start_IT
                0x08004208       0x7c ./Drivers/STM32L4xx_HAL_Driver/Src/stm32l4xx_hal_dma.o
                0x08004208                HAL_DMA_Start_IT
 .text.HAL_DMA_Abort
                0x08004284       0x42 ./Drivers/STM32L4xx_HAL_Driver/Src/stm32l4xx_hal_dma.o
                0x08004284                HAL_DMA_Abort
 .text.HAL_DMA_Abort_IT
                0x080042c6       0x48 ./Drivers/STM32L4xx_HAL_Driver/Src/stm32l4xx_hal_dma.o
                0x080042c6                HAL_DMA_Abort_IT
 .text.HAL_DMA_IRQHandler
                0x0800430e       0x94 ./Drivers/STM32L4xx_HAL_Driver/Src/stm32l4xx_hal_dma.o
                0x0800430e                HAL_DMA_IRQHandler
 .text.HAL_DMA_GetState
                0x080043a2        0x6 ./Drivers/STM32L4xx_HAL_Driver/Src/stm32l4xx_hal_dma.o
                0x080043a2                HAL_DMA_GetState
 .text.HAL_GPIO_Init
                0x080043a8      0x188 ./Drivers/STM32L4xx_HAL_Driver/Src/stm32l4xx_hal_gpio.o
                0x080043a8                HAL_GPIO_Init
 .text.HAL_GPIO_WritePin
                0x08004530        0xa ./Drivers/STM32L4xx_HAL_Driver/Src/stm32l4xx_hal_gpio.o
                0x08004530                HAL_GPIO_WritePin
 .text.I2C_Flush_TXDR
                0x0800453a       0x1c ./Drivers/STM32L4xx_HAL_Driver/Src/stm32l4xx_hal_i2c.o
 .text.I2C_Disable_IRQ
                0x08004556       0x42 ./Drivers/STM32L4xx_HAL_Driver/Src/stm32l4xx_hal_i2c.o
 .text.HAL_I2C_Init
                0x08004598       0xaa ./Drivers/STM32L4xx_HAL_Driver/Src/stm32l4xx_hal_i2c.o
                0x08004598                HAL_I2C_Init
 .text.HAL_I2C_SlaveTxCpltCallback
                0x08004642        0x2 ./Drivers/STM32L4xx_HAL_Driver/Src/stm32l4xx_hal_i2c.o
                0x08004642                HAL_I2C_SlaveTxCpltCallback
 .text.HAL_I2C_SlaveRxCpltCallback
                0x08004644        0x2 ./Drivers/STM32L4xx_HAL_Driver/Src/stm32l4xx_hal_i2c.o
                0x08004644                HAL_I2C_SlaveRxCpltCallback
 .text.I2C_ITSlaveSeqCplt
                0x08004646       0x6c ./Drivers/STM32L4xx_HAL_Driver/Src/stm32l4xx_hal_i2c.o
 .text.HAL_I2C_AddrCallback
                0x080046b2        0x2 ./Drivers/STM32L4xx_HAL_Driver/Src/stm32l4xx_hal_i2c.o
                0x080046b2                HAL_I2C_AddrCallback
 .text.I2C_ITAddrCplt.constprop.0
                0x080046b4       0x86 ./Drivers/STM32L4xx_HAL_Driver/Src/stm32l4xx_hal_i2c.o
 .text.HAL_I2C_ListenCpltCallback
                0x0800473a        0x2 ./Drivers/STM32L4xx_HAL_Driver/Src/stm32l4xx_hal_i2c.o
                0x0800473a                HAL_I2C_ListenCpltCallback
 .text.I2C_ITListenCplt
                0x0800473c       0x60 ./Drivers/STM32L4xx_HAL_Driver/Src/stm32l4xx_hal_i2c.o
 .text.HAL_I2C_ErrorCallback
                0x0800479c        0x2 ./Drivers/STM32L4xx_HAL_Driver/Src/stm32l4xx_hal_i2c.o
                0x0800479c                HAL_I2C_ErrorCallback
 .text.HAL_I2C_AbortCpltCallback
                0x0800479e        0x2 ./Drivers/STM32L4xx_HAL_Driver/Src/stm32l4xx_hal_i2c.o
                0x0800479e                HAL_I2C_AbortCpltCallback
 .text.I2C_TreatErrorCallback
                0x080047a0       0x2c ./Drivers/STM32L4xx_HAL_Driver/Src/stm32l4xx_hal_i2c.o
 .text.I2C_ITError
                0x080047cc      0x108 ./Drivers/STM32L4xx_HAL_Driver/Src/stm32l4xx_hal_i2c.o
 .text.HAL_I2C_ER_IRQHandler
                0x080048d4       0x60 ./Drivers/STM32L4xx_HAL_Driver/Src/stm32l4xx_hal_i2c.o
                0x080048d4                HAL_I2C_ER_IRQHandler
 .text.I2C_ITSlaveCplt.constprop.0
                0x08004934      0x148 ./Drivers/STM32L4xx_HAL_Driver/Src/stm32l4xx_hal_i2c.o
 .text.I2C_Slave_ISR_IT
                0x08004a7c      0x112 ./Drivers/STM32L4xx_HAL_Driver/Src/stm32l4xx_hal_i2c.o
 .text.I2C_DMAAbort
                0x08004b8e       0x16 ./Drivers/STM32L4xx_HAL_Driver/Src/stm32l4xx_hal_i2c.o
 .text.HAL_I2CEx_ConfigAnalogFilter
                0x08004ba4       0x4c ./Drivers/STM32L4xx_HAL_Driver/Src/stm32l4xx_hal_i2c_ex.o
                0x08004ba4                HAL_I2CEx_ConfigAnalogFilter
 .text.HAL_I2CEx_ConfigDigitalFilter
                0x08004bf0       0x4a ./Drivers/STM32L4xx_HAL_Driver/Src/stm32l4xx_hal_i2c_ex.o
                0x08004bf0                HAL_I2CEx_ConfigDigitalFilter
 *fill*         0x08004c3a        0x2 
 .text.HAL_LPTIM_Init
                0x08004c3c       0xb8 ./Drivers/STM32L4xx_HAL_Driver/Src/stm32l4xx_hal_lptim.o
                0x08004c3c                HAL_LPTIM_Init
 .text.HAL_PWREx_GetVoltageRange
                0x08004cf4       0x10 ./Drivers/STM32L4xx_HAL_Driver/Src/stm32l4xx_hal_pwr_ex.o
                0x08004cf4                HAL_PWREx_GetVoltageRange
 .text.HAL_PWREx_ControlVoltageScaling
                0x08004d04       0x6c ./Drivers/STM32L4xx_HAL_Driver/Src/stm32l4xx_hal_pwr_ex.o
                0x08004d04                HAL_PWREx_ControlVoltageScaling
 .text.RCC_SetFlashLatencyFromMSIRange
                0x08004d70       0x84 ./Drivers/STM32L4xx_HAL_Driver/Src/stm32l4xx_hal_rcc.o
 .text.HAL_RCC_GetSysClockFreq
                0x08004df4       0x9c ./Drivers/STM32L4xx_HAL_Driver/Src/stm32l4xx_hal_rcc.o
                0x08004df4                HAL_RCC_GetSysClockFreq
 .text.HAL_RCC_OscConfig
                0x08004e90      0x544 ./Drivers/STM32L4xx_HAL_Driver/Src/stm32l4xx_hal_rcc.o
                0x08004e90                HAL_RCC_OscConfig
 .text.HAL_RCC_ClockConfig
                0x080053d4      0x154 ./Drivers/STM32L4xx_HAL_Driver/Src/stm32l4xx_hal_rcc.o
                0x080053d4                HAL_RCC_ClockConfig
 .text.HAL_RCC_GetPCLK1Freq
                0x08005528       0x24 ./Drivers/STM32L4xx_HAL_Driver/Src/stm32l4xx_hal_rcc.o
                0x08005528                HAL_RCC_GetPCLK1Freq
 .text.HAL_RCC_GetPCLK2Freq
                0x0800554c       0x24 ./Drivers/STM32L4xx_HAL_Driver/Src/stm32l4xx_hal_rcc.o
                0x0800554c                HAL_RCC_GetPCLK2Freq
 .text.HAL_RCC_GetClockConfig
                0x08005570       0x3c ./Drivers/STM32L4xx_HAL_Driver/Src/stm32l4xx_hal_rcc.o
                0x08005570                HAL_RCC_GetClockConfig
 .text.RCCEx_PLLSAI1_Config
                0x080055ac      0x10c ./Drivers/STM32L4xx_HAL_Driver/Src/stm32l4xx_hal_rcc_ex.o
 .text.HAL_RCCEx_PeriphCLKConfig
                0x080056b8      0x2cc ./Drivers/STM32L4xx_HAL_Driver/Src/stm32l4xx_hal_rcc_ex.o
                0x080056b8                HAL_RCCEx_PeriphCLKConfig
 .text.HAL_RCCEx_GetPeriphCLKFreq
                0x08005984      0x3b0 ./Drivers/STM32L4xx_HAL_Driver/Src/stm32l4xx_hal_rcc_ex.o
                0x08005984                HAL_RCCEx_GetPeriphCLKFreq
 .text.HAL_RTC_WaitForSynchro
                0x08005d34       0x30 ./Drivers/STM32L4xx_HAL_Driver/Src/stm32l4xx_hal_rtc.o
                0x08005d34                HAL_RTC_WaitForSynchro
 .text.RTC_EnterInitMode
                0x08005d64       0x48 ./Drivers/STM32L4xx_HAL_Driver/Src/stm32l4xx_hal_rtc.o
                0x08005d64                RTC_EnterInitMode
 .text.RTC_ExitInitMode
                0x08005dac       0x44 ./Drivers/STM32L4xx_HAL_Driver/Src/stm32l4xx_hal_rtc.o
                0x08005dac                RTC_ExitInitMode
 .text.HAL_RTC_Init
                0x08005df0       0x9a ./Drivers/STM32L4xx_HAL_Driver/Src/stm32l4xx_hal_rtc.o
                0x08005df0                HAL_RTC_Init
 .text.RTC_ByteToBcd2
                0x08005e8a       0x16 ./Drivers/STM32L4xx_HAL_Driver/Src/stm32l4xx_hal_rtc.o
                0x08005e8a                RTC_ByteToBcd2
 .text.HAL_RTC_SetTime
                0x08005ea0       0xc2 ./Drivers/STM32L4xx_HAL_Driver/Src/stm32l4xx_hal_rtc.o
                0x08005ea0                HAL_RTC_SetTime
 .text.HAL_RTC_SetDate
                0x08005f62       0x98 ./Drivers/STM32L4xx_HAL_Driver/Src/stm32l4xx_hal_rtc.o
                0x08005f62                HAL_RTC_SetDate
 .text.HAL_RTC_SetAlarm
                0x08005ffa      0x15e ./Drivers/STM32L4xx_HAL_Driver/Src/stm32l4xx_hal_rtc.o
                0x08005ffa                HAL_RTC_SetAlarm
 .text.SD_DMATransmitCplt
                0x08006158        0xe ./Drivers/STM32L4xx_HAL_Driver/Src/stm32l4xx_hal_sd.o
 *fill*         0x08006166        0x2 
 .text.HAL_SD_ReadBlocks_DMA
                0x08006168      0x108 ./Drivers/STM32L4xx_HAL_Driver/Src/stm32l4xx_hal_sd.o
                0x08006168                HAL_SD_ReadBlocks_DMA
 .text.HAL_SD_WriteBlocks_DMA
                0x08006270       0xf4 ./Drivers/STM32L4xx_HAL_Driver/Src/stm32l4xx_hal_sd.o
                0x08006270                HAL_SD_WriteBlocks_DMA
 .text.HAL_SD_ErrorCallback
                0x08006364        0x2 ./Drivers/STM32L4xx_HAL_Driver/Src/stm32l4xx_hal_sd.o
                0x08006364                HAL_SD_ErrorCallback
 .text.SD_DMAReceiveCplt
                0x08006366       0x40 ./Drivers/STM32L4xx_HAL_Driver/Src/stm32l4xx_hal_sd.o
 *fill*         0x080063a6        0x2 
 .text.HAL_SD_GetCardCSD
                0x080063a8      0x16c ./Drivers/STM32L4xx_HAL_Driver/Src/stm32l4xx_hal_sd.o
                0x080063a8                HAL_SD_GetCardCSD
 .text.HAL_SD_InitCard
                0x08006514      0x238 ./Drivers/STM32L4xx_HAL_Driver/Src/stm32l4xx_hal_sd.o
                0x08006514                HAL_SD_InitCard
 .text.HAL_SD_Init
                0x0800674c       0x36 ./Drivers/STM32L4xx_HAL_Driver/Src/stm32l4xx_hal_sd.o
                0x0800674c                HAL_SD_Init
 .text.HAL_SD_GetCardInfo
                0x08006782       0x24 ./Drivers/STM32L4xx_HAL_Driver/Src/stm32l4xx_hal_sd.o
                0x08006782                HAL_SD_GetCardInfo
 .text.HAL_SD_GetCardState
                0x080067a6       0x28 ./Drivers/STM32L4xx_HAL_Driver/Src/stm32l4xx_hal_sd.o
                0x080067a6                HAL_SD_GetCardState
 *fill*         0x080067ce        0x2 
 .text.SD_DMAError
                0x080067d0       0x58 ./Drivers/STM32L4xx_HAL_Driver/Src/stm32l4xx_hal_sd.o
 .text.SD_DMATxAbort
                0x08006828       0x42 ./Drivers/STM32L4xx_HAL_Driver/Src/stm32l4xx_hal_sd.o
 *fill*         0x0800686a        0x2 
 .text.HAL_SD_IRQHandler
                0x0800686c      0x200 ./Drivers/STM32L4xx_HAL_Driver/Src/stm32l4xx_hal_sd.o
                0x0800686c                HAL_SD_IRQHandler
 .text.SD_DMARxAbort
                0x08006a6c        0x4 ./Drivers/STM32L4xx_HAL_Driver/Src/stm32l4xx_hal_sd.o
 .text.SPI_WaitFlagStateUntilTimeout.constprop.0
                0x08006a70       0xa4 ./Drivers/STM32L4xx_HAL_Driver/Src/stm32l4xx_hal_spi.o
 .text.SPI_WaitFifoStateUntilTimeout.constprop.0
                0x08006b14       0xc8 ./Drivers/STM32L4xx_HAL_Driver/Src/stm32l4xx_hal_spi.o
 .text.SPI_EndRxTxTransaction
                0x08006bdc       0x44 ./Drivers/STM32L4xx_HAL_Driver/Src/stm32l4xx_hal_spi.o
 .text.HAL_SPI_Init
                0x08006c20       0xd4 ./Drivers/STM32L4xx_HAL_Driver/Src/stm32l4xx_hal_spi.o
                0x08006c20                HAL_SPI_Init
 .text.HAL_SPI_Transmit
                0x08006cf4      0x194 ./Drivers/STM32L4xx_HAL_Driver/Src/stm32l4xx_hal_spi.o
                0x08006cf4                HAL_SPI_Transmit
 .text.HAL_SPI_TransmitReceive
                0x08006e88      0x260 ./Drivers/STM32L4xx_HAL_Driver/Src/stm32l4xx_hal_spi.o
                0x08006e88                HAL_SPI_TransmitReceive
 .text.TIM_OC1_SetConfig
                0x080070e8       0x78 ./Drivers/STM32L4xx_HAL_Driver/Src/stm32l4xx_hal_tim.o
 .text.TIM_OC3_SetConfig
                0x08007160       0x6c ./Drivers/STM32L4xx_HAL_Driver/Src/stm32l4xx_hal_tim.o
 .text.TIM_OC4_SetConfig
                0x080071cc       0x58 ./Drivers/STM32L4xx_HAL_Driver/Src/stm32l4xx_hal_tim.o
 .text.TIM_OC5_SetConfig
                0x08007224       0x58 ./Drivers/STM32L4xx_HAL_Driver/Src/stm32l4xx_hal_tim.o
 .text.TIM_OC6_SetConfig
                0x0800727c       0x58 ./Drivers/STM32L4xx_HAL_Driver/Src/stm32l4xx_hal_tim.o
 .text.HAL_TIM_Base_Start_IT
                0x080072d4       0x54 ./Drivers/STM32L4xx_HAL_Driver/Src/stm32l4xx_hal_tim.o
                0x080072d4                HAL_TIM_Base_Start_IT
 .text.HAL_TIM_PWM_MspInit
                0x08007328        0x2 ./Drivers/STM32L4xx_HAL_Driver/Src/stm32l4xx_hal_tim.o
                0x08007328                HAL_TIM_PWM_MspInit
 .text.HAL_TIM_OC_DelayElapsedCallback
                0x0800732a        0x2 ./Drivers/STM32L4xx_HAL_Driver/Src/stm32l4xx_hal_tim.o
                0x0800732a                HAL_TIM_OC_DelayElapsedCallback
 .text.HAL_TIM_IC_CaptureCallback
                0x0800732c        0x2 ./Drivers/STM32L4xx_HAL_Driver/Src/stm32l4xx_hal_tim.o
                0x0800732c                HAL_TIM_IC_CaptureCallback
 .text.HAL_TIM_PWM_PulseFinishedCallback
                0x0800732e        0x2 ./Drivers/STM32L4xx_HAL_Driver/Src/stm32l4xx_hal_tim.o
                0x0800732e                HAL_TIM_PWM_PulseFinishedCallback
 .text.HAL_TIM_TriggerCallback
                0x08007330        0x2 ./Drivers/STM32L4xx_HAL_Driver/Src/stm32l4xx_hal_tim.o
                0x08007330                HAL_TIM_TriggerCallback
 .text.HAL_TIM_IRQHandler
                0x08007332      0x13e ./Drivers/STM32L4xx_HAL_Driver/Src/stm32l4xx_hal_tim.o
                0x08007332                HAL_TIM_IRQHandler
 .text.HAL_TIM_ErrorCallback
                0x08007470        0x2 ./Drivers/STM32L4xx_HAL_Driver/Src/stm32l4xx_hal_tim.o
                0x08007470                HAL_TIM_ErrorCallback
 .text.TIM_DMAError
                0x08007472       0x58 ./Drivers/STM32L4xx_HAL_Driver/Src/stm32l4xx_hal_tim.o
                0x08007472                TIM_DMAError
 *fill*         0x080074ca        0x2 
 .text.TIM_Base_SetConfig
                0x080074cc       0x74 ./Drivers/STM32L4xx_HAL_Driver/Src/stm32l4xx_hal_tim.o
                0x080074cc                TIM_Base_SetConfig
 .text.HAL_TIM_Base_Init
                0x08007540       0x60 ./Drivers/STM32L4xx_HAL_Driver/Src/stm32l4xx_hal_tim.o
                0x08007540                HAL_TIM_Base_Init
 .text.HAL_TIM_PWM_Init
                0x080075a0       0x60 ./Drivers/STM32L4xx_HAL_Driver/Src/stm32l4xx_hal_tim.o
                0x080075a0                HAL_TIM_PWM_Init
 .text.TIM_OC2_SetConfig
                0x08007600       0x70 ./Drivers/STM32L4xx_HAL_Driver/Src/stm32l4xx_hal_tim.o
                0x08007600                TIM_OC2_SetConfig
 .text.HAL_TIM_PWM_ConfigChannel
                0x08007670       0xf8 ./Drivers/STM32L4xx_HAL_Driver/Src/stm32l4xx_hal_tim.o
                0x08007670                HAL_TIM_PWM_ConfigChannel
 .text.TIM_ETR_SetConfig
                0x08007768       0x14 ./Drivers/STM32L4xx_HAL_Driver/Src/stm32l4xx_hal_tim.o
                0x08007768                TIM_ETR_SetConfig
 .text.HAL_TIM_ConfigClockSource
                0x0800777c      0x134 ./Drivers/STM32L4xx_HAL_Driver/Src/stm32l4xx_hal_tim.o
                0x0800777c                HAL_TIM_ConfigClockSource
 .text.TIM_CCxChannelCmd
                0x080078b0       0x1c ./Drivers/STM32L4xx_HAL_Driver/Src/stm32l4xx_hal_tim.o
                0x080078b0                TIM_CCxChannelCmd
 .text.HAL_TIMEx_MasterConfigSynchronization
                0x080078cc       0x64 ./Drivers/STM32L4xx_HAL_Driver/Src/stm32l4xx_hal_tim_ex.o
                0x080078cc                HAL_TIMEx_MasterConfigSynchronization
 .text.HAL_TIMEx_ConfigBreakDeadTime
                0x08007930       0x7c ./Drivers/STM32L4xx_HAL_Driver/Src/stm32l4xx_hal_tim_ex.o
                0x08007930                HAL_TIMEx_ConfigBreakDeadTime
 .text.HAL_TIMEx_CommutCallback
                0x080079ac        0x2 ./Drivers/STM32L4xx_HAL_Driver/Src/stm32l4xx_hal_tim_ex.o
                0x080079ac                HAL_TIMEx_CommutCallback
 .text.HAL_TIMEx_BreakCallback
                0x080079ae        0x2 ./Drivers/STM32L4xx_HAL_Driver/Src/stm32l4xx_hal_tim_ex.o
                0x080079ae                HAL_TIMEx_BreakCallback
 .text.HAL_TIMEx_Break2Callback
                0x080079b0        0x2 ./Drivers/STM32L4xx_HAL_Driver/Src/stm32l4xx_hal_tim_ex.o
                0x080079b0                HAL_TIMEx_Break2Callback
 .text.UART_EndRxTransfer
                0x080079b2       0x50 ./Drivers/STM32L4xx_HAL_Driver/Src/stm32l4xx_hal_uart.o
 .text.HAL_UART_TxCpltCallback
                0x08007a02        0x2 ./Drivers/STM32L4xx_HAL_Driver/Src/stm32l4xx_hal_uart.o
                0x08007a02                HAL_UART_TxCpltCallback
 .text.HAL_UART_ErrorCallback
                0x08007a04        0x2 ./Drivers/STM32L4xx_HAL_Driver/Src/stm32l4xx_hal_uart.o
                0x08007a04                HAL_UART_ErrorCallback
 .text.UART_DMAAbortOnError
                0x08007a06       0x14 ./Drivers/STM32L4xx_HAL_Driver/Src/stm32l4xx_hal_uart.o
 .text.HAL_UARTEx_RxEventCallback
                0x08007a1a        0x2 ./Drivers/STM32L4xx_HAL_Driver/Src/stm32l4xx_hal_uart.o
                0x08007a1a                HAL_UARTEx_RxEventCallback
 .text.HAL_UART_IRQHandler
                0x08007a1c      0x2a0 ./Drivers/STM32L4xx_HAL_Driver/Src/stm32l4xx_hal_uart.o
                0x08007a1c                HAL_UART_IRQHandler
 .text.UART_RxISR_8BIT
                0x08007cbc       0xcc ./Drivers/STM32L4xx_HAL_Driver/Src/stm32l4xx_hal_uart.o
 .text.UART_RxISR_16BIT
                0x08007d88       0xc8 ./Drivers/STM32L4xx_HAL_Driver/Src/stm32l4xx_hal_uart.o
 .text.UART_SetConfig
                0x08007e50      0x1e0 ./Drivers/STM32L4xx_HAL_Driver/Src/stm32l4xx_hal_uart.o
                0x08007e50                UART_SetConfig
 .text.UART_AdvFeatureConfig
                0x08008030       0xa8 ./Drivers/STM32L4xx_HAL_Driver/Src/stm32l4xx_hal_uart.o
                0x08008030                UART_AdvFeatureConfig
 .text.UART_WaitOnFlagUntilTimeout
                0x080080d8       0x88 ./Drivers/STM32L4xx_HAL_Driver/Src/stm32l4xx_hal_uart.o
                0x080080d8                UART_WaitOnFlagUntilTimeout
 .text.HAL_UART_Transmit
                0x08008160       0xa2 ./Drivers/STM32L4xx_HAL_Driver/Src/stm32l4xx_hal_uart.o
                0x08008160                HAL_UART_Transmit
 .text.UART_CheckIdleState
                0x08008202       0xb2 ./Drivers/STM32L4xx_HAL_Driver/Src/stm32l4xx_hal_uart.o
                0x08008202                UART_CheckIdleState
 .text.HAL_UART_Init
                0x080082b4       0x5c ./Drivers/STM32L4xx_HAL_Driver/Src/stm32l4xx_hal_uart.o
                0x080082b4                HAL_UART_Init
 .text.UART_Start_Receive_IT
                0x08008310       0xb4 ./Drivers/STM32L4xx_HAL_Driver/Src/stm32l4xx_hal_uart.o
                0x08008310                UART_Start_Receive_IT
 .text.HAL_UART_Receive_IT
                0x080083c4       0x44 ./Drivers/STM32L4xx_HAL_Driver/Src/stm32l4xx_hal_uart.o
                0x080083c4                HAL_UART_Receive_IT
 .text.HAL_UARTEx_WakeupCallback
                0x08008408        0x2 ./Drivers/STM32L4xx_HAL_Driver/Src/stm32l4xx_hal_uart_ex.o
                0x08008408                HAL_UARTEx_WakeupCallback
 .text.SDMMC_Init
                0x0800840a       0x36 ./Drivers/STM32L4xx_HAL_Driver/Src/stm32l4xx_ll_sdmmc.o
                0x0800840a                SDMMC_Init
 .text.SDMMC_ReadFIFO
                0x08008440        0x6 ./Drivers/STM32L4xx_HAL_Driver/Src/stm32l4xx_ll_sdmmc.o
                0x08008440                SDMMC_ReadFIFO
 .text.SDMMC_WriteFIFO
                0x08008446        0xa ./Drivers/STM32L4xx_HAL_Driver/Src/stm32l4xx_ll_sdmmc.o
                0x08008446                SDMMC_WriteFIFO
 .text.SDMMC_PowerState_ON
                0x08008450       0x10 ./Drivers/STM32L4xx_HAL_Driver/Src/stm32l4xx_ll_sdmmc.o
                0x08008450                SDMMC_PowerState_ON
 .text.SDMMC_GetPowerState
                0x08008460        0x8 ./Drivers/STM32L4xx_HAL_Driver/Src/stm32l4xx_ll_sdmmc.o
                0x08008460                SDMMC_GetPowerState
 .text.SDMMC_SendCommand
                0x08008468       0x26 ./Drivers/STM32L4xx_HAL_Driver/Src/stm32l4xx_ll_sdmmc.o
                0x08008468                SDMMC_SendCommand
 .text.SDMMC_GetResponse
                0x0800848e        0x6 ./Drivers/STM32L4xx_HAL_Driver/Src/stm32l4xx_ll_sdmmc.o
                0x0800848e                SDMMC_GetResponse
 .text.SDMMC_ConfigData
                0x08008494       0x26 ./Drivers/STM32L4xx_HAL_Driver/Src/stm32l4xx_ll_sdmmc.o
                0x08008494                SDMMC_ConfigData
 *fill*         0x080084ba        0x2 
 .text.SDMMC_CmdGoIdleState
                0x080084bc       0x4c ./Drivers/STM32L4xx_HAL_Driver/Src/stm32l4xx_ll_sdmmc.o
                0x080084bc                SDMMC_CmdGoIdleState
 .text.SDMMC_GetCmdResp1
                0x08008508      0x11c ./Drivers/STM32L4xx_HAL_Driver/Src/stm32l4xx_ll_sdmmc.o
                0x08008508                SDMMC_GetCmdResp1
 .text.SDMMC_CmdBlockLength
                0x08008624       0x32 ./Drivers/STM32L4xx_HAL_Driver/Src/stm32l4xx_ll_sdmmc.o
                0x08008624                SDMMC_CmdBlockLength
 .text.SDMMC_CmdReadSingleBlock
                0x08008656       0x32 ./Drivers/STM32L4xx_HAL_Driver/Src/stm32l4xx_ll_sdmmc.o
                0x08008656                SDMMC_CmdReadSingleBlock
 .text.SDMMC_CmdReadMultiBlock
                0x08008688       0x32 ./Drivers/STM32L4xx_HAL_Driver/Src/stm32l4xx_ll_sdmmc.o
                0x08008688                SDMMC_CmdReadMultiBlock
 .text.SDMMC_CmdWriteSingleBlock
                0x080086ba       0x32 ./Drivers/STM32L4xx_HAL_Driver/Src/stm32l4xx_ll_sdmmc.o
                0x080086ba                SDMMC_CmdWriteSingleBlock
 .text.SDMMC_CmdWriteMultiBlock
                0x080086ec       0x32 ./Drivers/STM32L4xx_HAL_Driver/Src/stm32l4xx_ll_sdmmc.o
                0x080086ec                SDMMC_CmdWriteMultiBlock
 *fill*         0x0800871e        0x2 
 .text.SDMMC_CmdStopTransfer
                0x08008720       0x34 ./Drivers/STM32L4xx_HAL_Driver/Src/stm32l4xx_ll_sdmmc.o
                0x08008720                SDMMC_CmdStopTransfer
 .text.SDMMC_CmdSelDesel
                0x08008754       0x32 ./Drivers/STM32L4xx_HAL_Driver/Src/stm32l4xx_ll_sdmmc.o
                0x08008754                SDMMC_CmdSelDesel
 .text.SDMMC_CmdAppCommand
                0x08008786       0x32 ./Drivers/STM32L4xx_HAL_Driver/Src/stm32l4xx_ll_sdmmc.o
                0x08008786                SDMMC_CmdAppCommand
 .text.SDMMC_CmdSendStatus
                0x080087b8       0x32 ./Drivers/STM32L4xx_HAL_Driver/Src/stm32l4xx_ll_sdmmc.o
                0x080087b8                SDMMC_CmdSendStatus
 *fill*         0x080087ea        0x2 
 .text.SDMMC_GetCmdResp2
                0x080087ec       0x4c ./Drivers/STM32L4xx_HAL_Driver/Src/stm32l4xx_ll_sdmmc.o
                0x080087ec                SDMMC_GetCmdResp2
 .text.SDMMC_CmdSendCID
                0x08008838       0x2c ./Drivers/STM32L4xx_HAL_Driver/Src/stm32l4xx_ll_sdmmc.o
                0x08008838                SDMMC_CmdSendCID
 .text.SDMMC_CmdSendCSD
                0x08008864       0x2c ./Drivers/STM32L4xx_HAL_Driver/Src/stm32l4xx_ll_sdmmc.o
                0x08008864                SDMMC_CmdSendCSD
 .text.SDMMC_GetCmdResp3
                0x08008890       0x40 ./Drivers/STM32L4xx_HAL_Driver/Src/stm32l4xx_ll_sdmmc.o
                0x08008890                SDMMC_GetCmdResp3
 .text.SDMMC_CmdAppOperCommand
                0x080088d0       0x34 ./Drivers/STM32L4xx_HAL_Driver/Src/stm32l4xx_ll_sdmmc.o
                0x080088d0                SDMMC_CmdAppOperCommand
 .text.SDMMC_GetCmdResp6
                0x08008904       0x80 ./Drivers/STM32L4xx_HAL_Driver/Src/stm32l4xx_ll_sdmmc.o
                0x08008904                SDMMC_GetCmdResp6
 .text.SDMMC_CmdSetRelAdd
                0x08008984       0x32 ./Drivers/STM32L4xx_HAL_Driver/Src/stm32l4xx_ll_sdmmc.o
                0x08008984                SDMMC_CmdSetRelAdd
 *fill*         0x080089b6        0x2 
 .text.SDMMC_GetCmdResp7
                0x080089b8       0x54 ./Drivers/STM32L4xx_HAL_Driver/Src/stm32l4xx_ll_sdmmc.o
                0x080089b8                SDMMC_GetCmdResp7
 .text.SDMMC_CmdOperCond
                0x08008a0c       0x30 ./Drivers/STM32L4xx_HAL_Driver/Src/stm32l4xx_ll_sdmmc.o
                0x08008a0c                SDMMC_CmdOperCond
 .text.MX_FATFS_Init
                0x08008a3c       0x1c ./FATFS/App/fatfs.o
                0x08008a3c                MX_FATFS_Init
 .text.BSP_SD_GetCardState
                0x08008a58       0x14 ./FATFS/Target/bsp_driver_sd.o
                0x08008a58                BSP_SD_GetCardState
 .text.BSP_SD_GetCardInfo
                0x08008a6c        0xc ./FATFS/Target/bsp_driver_sd.o
                0x08008a6c                BSP_SD_GetCardInfo
 .text.BSP_SD_AbortCallback
                0x08008a78        0x2 ./FATFS/Target/bsp_driver_sd.o
                0x08008a78                BSP_SD_AbortCallback
 .text.HAL_SD_AbortCallback
                0x08008a7a        0x8 ./FATFS/Target/bsp_driver_sd.o
                0x08008a7a                HAL_SD_AbortCallback
 .text.HAL_SD_TxCpltCallback
                0x08008a82        0x8 ./FATFS/Target/bsp_driver_sd.o
                0x08008a82                HAL_SD_TxCpltCallback
 .text.HAL_SD_RxCpltCallback
                0x08008a8a        0x8 ./FATFS/Target/bsp_driver_sd.o
                0x08008a8a                HAL_SD_RxCpltCallback
 .text.BSP_SD_IsDetected
                0x08008a92       0x10 ./FATFS/Target/bsp_driver_sd.o
                0x08008a92                BSP_SD_IsDetected
 *fill*         0x08008aa2        0x2 
 .text.BSP_SD_Init
                0x08008aa4       0x1c ./FATFS/Target/bsp_driver_sd.o
                0x08008aa4                BSP_SD_Init
 .text.SD_ioctl
                0x08008ac0       0x50 ./FATFS/Target/sd_diskio.o
                0x08008ac0                SD_ioctl
 .text.SD_status
                0x08008b10       0x20 ./FATFS/Target/sd_diskio.o
                0x08008b10                SD_status
 .text.SD_CheckStatusWithTimeout.constprop.0
                0x08008b30       0x26 ./FATFS/Target/sd_diskio.o
 *fill*         0x08008b56        0x2 
 .text.SD_write
                0x08008b58       0x6c ./FATFS/Target/sd_diskio.o
                0x08008b58                SD_write
 .text.SD_read  0x08008bc4       0x6c ./FATFS/Target/sd_diskio.o
                0x08008bc4                SD_read
 .text.SD_initialize
                0x08008c30       0x2c ./FATFS/Target/sd_diskio.o
                0x08008c30                SD_initialize
 .text.BSP_SD_WriteCpltCallback
                0x08008c5c        0xc ./FATFS/Target/sd_diskio.o
                0x08008c5c                BSP_SD_WriteCpltCallback
 .text.BSP_SD_ReadCpltCallback
                0x08008c68        0xc ./FATFS/Target/sd_diskio.o
                0x08008c68                BSP_SD_ReadCpltCallback
 .text.FATFS_LinkDriverEx
                0x08008c74       0x40 ./Middlewares/Third_Party/FatFs/src/ff_gen_drv.o
                0x08008c74                FATFS_LinkDriverEx
 .text.FATFS_LinkDriver
                0x08008cb4        0x6 ./Middlewares/Third_Party/FatFs/src/ff_gen_drv.o
                0x08008cb4                FATFS_LinkDriver
 .text.SysTick_Handler
                0x08008cba       0x1a ./Middlewares/Third_Party/FreeRTOS/Source/CMSIS_RTOS_V2/cmsis_os2.o
                0x08008cba                SysTick_Handler
 .text.osKernelInitialize
                0x08008cd4       0x24 ./Middlewares/Third_Party/FreeRTOS/Source/CMSIS_RTOS_V2/cmsis_os2.o
                0x08008cd4                osKernelInitialize
 .text.osKernelStart
                0x08008cf8       0x34 ./Middlewares/Third_Party/FreeRTOS/Source/CMSIS_RTOS_V2/cmsis_os2.o
                0x08008cf8                osKernelStart
 .text.osThreadNew
                0x08008d2c       0x8e ./Middlewares/Third_Party/FreeRTOS/Source/CMSIS_RTOS_V2/cmsis_os2.o
                0x08008d2c                osThreadNew
 .text.osDelay  0x08008dba       0x18 ./Middlewares/Third_Party/FreeRTOS/Source/CMSIS_RTOS_V2/cmsis_os2.o
                0x08008dba                osDelay
 .text.osMessageQueueNew
                0x08008dd2       0x76 ./Middlewares/Third_Party/FreeRTOS/Source/CMSIS_RTOS_V2/cmsis_os2.o
                0x08008dd2                osMessageQueueNew
 .text.vApplicationGetIdleTaskMemory
                0x08008e48       0x18 ./Middlewares/Third_Party/FreeRTOS/Source/CMSIS_RTOS_V2/cmsis_os2.o
                0x08008e48                vApplicationGetIdleTaskMemory
 .text.vApplicationGetTimerTaskMemory
                0x08008e60       0x18 ./Middlewares/Third_Party/FreeRTOS/Source/CMSIS_RTOS_V2/cmsis_os2.o
                0x08008e60                vApplicationGetTimerTaskMemory
 .text.vListInitialise
                0x08008e78       0x16 ./Middlewares/Third_Party/FreeRTOS/Source/list.o
                0x08008e78                vListInitialise
 .text.vListInitialiseItem
                0x08008e8e        0x6 ./Middlewares/Third_Party/FreeRTOS/Source/list.o
                0x08008e8e                vListInitialiseItem
 .text.vListInsertEnd
                0x08008e94       0x16 ./Middlewares/Third_Party/FreeRTOS/Source/list.o
                0x08008e94                vListInsertEnd
 .text.vListInsert
                0x08008eaa       0x2e ./Middlewares/Third_Party/FreeRTOS/Source/list.o
                0x08008eaa                vListInsert
 .text.uxListRemove
                0x08008ed8       0x20 ./Middlewares/Third_Party/FreeRTOS/Source/list.o
                0x08008ed8                uxListRemove
 .text.prvIsQueueEmpty
                0x08008ef8       0x16 ./Middlewares/Third_Party/FreeRTOS/Source/queue.o
 .text.prvCopyDataToQueue
                0x08008f0e       0x66 ./Middlewares/Third_Party/FreeRTOS/Source/queue.o
 .text.prvCopyDataFromQueue
                0x08008f74       0x2c ./Middlewares/Third_Party/FreeRTOS/Source/queue.o
 .text.prvUnlockQueue
                0x08008fa0       0x70 ./Middlewares/Third_Party/FreeRTOS/Source/queue.o
 .text.xQueueGenericReset
                0x08009010       0x7e ./Middlewares/Third_Party/FreeRTOS/Source/queue.o
                0x08009010                xQueueGenericReset
 .text.xQueueGenericCreateStatic
                0x0800908e       0x9c ./Middlewares/Third_Party/FreeRTOS/Source/queue.o
                0x0800908e                xQueueGenericCreateStatic
 .text.xQueueGenericCreate
                0x0800912a       0x4e ./Middlewares/Third_Party/FreeRTOS/Source/queue.o
                0x0800912a                xQueueGenericCreate
 .text.xQueueGenericSend
                0x08009178      0x164 ./Middlewares/Third_Party/FreeRTOS/Source/queue.o
                0x08009178                xQueueGenericSend
 .text.xQueueGenericSendFromISR
                0x080092dc       0xba ./Middlewares/Third_Party/FreeRTOS/Source/queue.o
                0x080092dc                xQueueGenericSendFromISR
 .text.xQueueReceive
                0x08009396      0x13c ./Middlewares/Third_Party/FreeRTOS/Source/queue.o
                0x08009396                xQueueReceive
 .text.uxQueueMessagesWaiting
                0x080094d2       0x26 ./Middlewares/Third_Party/FreeRTOS/Source/queue.o
                0x080094d2                uxQueueMessagesWaiting
 .text.vQueueAddToRegistry
                0x080094f8       0x24 ./Middlewares/Third_Party/FreeRTOS/Source/queue.o
                0x080094f8                vQueueAddToRegistry
 .text.vQueueWaitForMessageRestricted
                0x0800951c       0x46 ./Middlewares/Third_Party/FreeRTOS/Source/queue.o
                0x0800951c                vQueueWaitForMessageRestricted
 *fill*         0x08009562        0x2 
 .text.prvAddNewTaskToReadyList
                0x08009564      0x100 ./Middlewares/Third_Party/FreeRTOS/Source/tasks.o
 .text.prvAddCurrentTaskToDelayedList
                0x08009664       0x70 ./Middlewares/Third_Party/FreeRTOS/Source/tasks.o
 .text.prvResetNextTaskUnblockTime
                0x080096d4       0x24 ./Middlewares/Third_Party/FreeRTOS/Source/tasks.o
 .text.prvDeleteTCB
                0x080096f8       0x3c ./Middlewares/Third_Party/FreeRTOS/Source/tasks.o
 .text.prvIdleTask
                0x08009734       0x60 ./Middlewares/Third_Party/FreeRTOS/Source/tasks.o
 .text.prvInitialiseNewTask.constprop.0
                0x08009794       0xb8 ./Middlewares/Third_Party/FreeRTOS/Source/tasks.o
 .text.xTaskCreateStatic
                0x0800984c       0x70 ./Middlewares/Third_Party/FreeRTOS/Source/tasks.o
                0x0800984c                xTaskCreateStatic
 .text.xTaskCreate
                0x080098bc       0x5c ./Middlewares/Third_Party/FreeRTOS/Source/tasks.o
                0x080098bc                xTaskCreate
 .text.vTaskStartScheduler
                0x08009918       0xa0 ./Middlewares/Third_Party/FreeRTOS/Source/tasks.o
                0x08009918                vTaskStartScheduler
 .text.vTaskSuspendAll
                0x080099b8       0x10 ./Middlewares/Third_Party/FreeRTOS/Source/tasks.o
                0x080099b8                vTaskSuspendAll
 .text.xTaskGetTickCount
                0x080099c8        0xc ./Middlewares/Third_Party/FreeRTOS/Source/tasks.o
                0x080099c8                xTaskGetTickCount
 .text.xTaskIncrementTick
                0x080099d4      0x12c ./Middlewares/Third_Party/FreeRTOS/Source/tasks.o
                0x080099d4                xTaskIncrementTick
 .text.xTaskResumeAll
                0x08009b00       0xe8 ./Middlewares/Third_Party/FreeRTOS/Source/tasks.o
                0x08009b00                xTaskResumeAll
 .text.vTaskDelay
                0x08009be8       0x48 ./Middlewares/Third_Party/FreeRTOS/Source/tasks.o
                0x08009be8                vTaskDelay
 .text.vTaskSwitchContext
                0x08009c30       0xb0 ./Middlewares/Third_Party/FreeRTOS/Source/tasks.o
                0x08009c30                vTaskSwitchContext
 .text.vTaskPlaceOnEventList
                0x08009ce0       0x34 ./Middlewares/Third_Party/FreeRTOS/Source/tasks.o
                0x08009ce0                vTaskPlaceOnEventList
 .text.vTaskPlaceOnEventListRestricted
                0x08009d14       0x3c ./Middlewares/Third_Party/FreeRTOS/Source/tasks.o
                0x08009d14                vTaskPlaceOnEventListRestricted
 .text.xTaskRemoveFromEventList
                0x08009d50       0x80 ./Middlewares/Third_Party/FreeRTOS/Source/tasks.o
                0x08009d50                xTaskRemoveFromEventList
 .text.vTaskInternalSetTimeOutState
                0x08009dd0       0x18 ./Middlewares/Third_Party/FreeRTOS/Source/tasks.o
                0x08009dd0                vTaskInternalSetTimeOutState
 .text.xTaskCheckForTimeOut
                0x08009de8       0x78 ./Middlewares/Third_Party/FreeRTOS/Source/tasks.o
                0x08009de8                xTaskCheckForTimeOut
 .text.vTaskMissedYield
                0x08009e60        0xc ./Middlewares/Third_Party/FreeRTOS/Source/tasks.o
                0x08009e60                vTaskMissedYield
 .text.xTaskGetSchedulerState
                0x08009e6c       0x20 ./Middlewares/Third_Party/FreeRTOS/Source/tasks.o
                0x08009e6c                xTaskGetSchedulerState
 .text.xTaskPriorityDisinherit
                0x08009e8c       0x84 ./Middlewares/Third_Party/FreeRTOS/Source/tasks.o
                0x08009e8c                xTaskPriorityDisinherit
 .text.prvInsertTimerInActiveList
                0x08009f10       0x3c ./Middlewares/Third_Party/FreeRTOS/Source/timers.o
 .text.prvCheckForValidListAndQueue
                0x08009f4c       0x68 ./Middlewares/Third_Party/FreeRTOS/Source/timers.o
 .text.xTimerCreateTimerTask
                0x08009fb4       0x64 ./Middlewares/Third_Party/FreeRTOS/Source/timers.o
                0x08009fb4                xTimerCreateTimerTask
 .text.xTimerGenericCommand
                0x0800a018       0x58 ./Middlewares/Third_Party/FreeRTOS/Source/timers.o
                0x0800a018                xTimerGenericCommand
 .text.prvSampleTimeNow
                0x0800a070       0xa4 ./Middlewares/Third_Party/FreeRTOS/Source/timers.o
 .text.prvTimerTask
                0x0800a114      0x1cc ./Middlewares/Third_Party/FreeRTOS/Source/timers.o
 .text.prvPortStartFirstTask
                0x0800a2e0       0x28 ./Middlewares/Third_Party/FreeRTOS/Source/portable/GCC/ARM_CM4F/port.o
 .text.vPortEnableVFP
                0x0800a308       0x14 ./Middlewares/Third_Party/FreeRTOS/Source/portable/GCC/ARM_CM4F/port.o
 .text.prvTaskExitError
                0x0800a31c       0x40 ./Middlewares/Third_Party/FreeRTOS/Source/portable/GCC/ARM_CM4F/port.o
 .text.pxPortInitialiseStack
                0x0800a35c       0x2c ./Middlewares/Third_Party/FreeRTOS/Source/portable/GCC/ARM_CM4F/port.o
                0x0800a35c                pxPortInitialiseStack
 *fill*         0x0800a388        0x8 
 .text.SVC_Handler
                0x0800a390       0x24 ./Middlewares/Third_Party/FreeRTOS/Source/portable/GCC/ARM_CM4F/port.o
                0x0800a390                SVC_Handler
 .text.vPortEnterCritical
                0x0800a3b4       0x40 ./Middlewares/Third_Party/FreeRTOS/Source/portable/GCC/ARM_CM4F/port.o
                0x0800a3b4                vPortEnterCritical
 .text.vPortExitCritical
                0x0800a3f4       0x28 ./Middlewares/Third_Party/FreeRTOS/Source/portable/GCC/ARM_CM4F/port.o
                0x0800a3f4                vPortExitCritical
 *fill*         0x0800a41c        0x4 
 .text.PendSV_Handler
                0x0800a420       0x64 ./Middlewares/Third_Party/FreeRTOS/Source/portable/GCC/ARM_CM4F/port.o
                0x0800a420                PendSV_Handler
 .text.xPortSysTickHandler
                0x0800a484       0x2c ./Middlewares/Third_Party/FreeRTOS/Source/portable/GCC/ARM_CM4F/port.o
                0x0800a484                xPortSysTickHandler
 .text.vPortSetupTimerInterrupt
                0x0800a4b0       0x24 ./Middlewares/Third_Party/FreeRTOS/Source/portable/GCC/ARM_CM4F/port.o
                0x0800a4b0                vPortSetupTimerInterrupt
 .text.xPortStartScheduler
                0x0800a4d4      0x104 ./Middlewares/Third_Party/FreeRTOS/Source/portable/GCC/ARM_CM4F/port.o
                0x0800a4d4                xPortStartScheduler
 .text.vPortValidateInterruptPriority
                0x0800a5d8       0x5c ./Middlewares/Third_Party/FreeRTOS/Source/portable/GCC/ARM_CM4F/port.o
                0x0800a5d8                vPortValidateInterruptPriority
 .text.pvPortMalloc
                0x0800a634       0x5c ./Middlewares/Third_Party/FreeRTOS/Source/portable/MemMang/heap_1.o
                0x0800a634                pvPortMalloc
 .text.vPortFree
                0x0800a690       0x16 ./Middlewares/Third_Party/FreeRTOS/Source/portable/MemMang/heap_1.o
                0x0800a690                vPortFree
 .text.__cvt    0x0800a6a6       0xca /Applications/STM32CubeIDE.app/Contents/Eclipse/plugins/com.st.stm32cube.ide.mcu.externaltools.gnu-tools-for-stm32.12.3.rel1.macos64_1.0.100.202403111906/tools/bin/../lib/gcc/arm-none-eabi/12.3.1/../../../../arm-none-eabi/lib/thumb/v7e-m+fp/hard/libc_nano.a(libc_a-nano-vfprintf_float.o)
                0x0800a6a6                __cvt
 .text.__exponent
                0x0800a770       0x74 /Applications/STM32CubeIDE.app/Contents/Eclipse/plugins/com.st.stm32cube.ide.mcu.externaltools.gnu-tools-for-stm32.12.3.rel1.macos64_1.0.100.202403111906/tools/bin/../lib/gcc/arm-none-eabi/12.3.1/../../../../arm-none-eabi/lib/thumb/v7e-m+fp/hard/libc_nano.a(libc_a-nano-vfprintf_float.o)
                0x0800a770                __exponent
 .text._printf_float
                0x0800a7e4      0x454 /Applications/STM32CubeIDE.app/Contents/Eclipse/plugins/com.st.stm32cube.ide.mcu.externaltools.gnu-tools-for-stm32.12.3.rel1.macos64_1.0.100.202403111906/tools/bin/../lib/gcc/arm-none-eabi/12.3.1/../../../../arm-none-eabi/lib/thumb/v7e-m+fp/hard/libc_nano.a(libc_a-nano-vfprintf_float.o)
                0x0800a7e4                _printf_float
 .text._printf_common
                0x0800ac38       0xda /Applications/STM32CubeIDE.app/Contents/Eclipse/plugins/com.st.stm32cube.ide.mcu.externaltools.gnu-tools-for-stm32.12.3.rel1.macos64_1.0.100.202403111906/tools/bin/../lib/gcc/arm-none-eabi/12.3.1/../../../../arm-none-eabi/lib/thumb/v7e-m+fp/hard/libc_nano.a(libc_a-nano-vfprintf_i.o)
                0x0800ac38                _printf_common
 *fill*         0x0800ad12        0x2 
 .text._printf_i
                0x0800ad14      0x240 /Applications/STM32CubeIDE.app/Contents/Eclipse/plugins/com.st.stm32cube.ide.mcu.externaltools.gnu-tools-for-stm32.12.3.rel1.macos64_1.0.100.202403111906/tools/bin/../lib/gcc/arm-none-eabi/12.3.1/../../../../arm-none-eabi/lib/thumb/v7e-m+fp/hard/libc_nano.a(libc_a-nano-vfprintf_i.o)
                0x0800ad14                _printf_i
 .text.sprintf  0x0800af54       0x40 /Applications/STM32CubeIDE.app/Contents/Eclipse/plugins/com.st.stm32cube.ide.mcu.externaltools.gnu-tools-for-stm32.12.3.rel1.macos64_1.0.100.202403111906/tools/bin/../lib/gcc/arm-none-eabi/12.3.1/../../../../arm-none-eabi/lib/thumb/v7e-m+fp/hard/libc_nano.a(libc_a-sprintf.o)
                0x0800af54                sprintf
                0x0800af54                siprintf
 .text.std      0x0800af94       0x6c /Applications/STM32CubeIDE.app/Contents/Eclipse/plugins/com.st.stm32cube.ide.mcu.externaltools.gnu-tools-for-stm32.12.3.rel1.macos64_1.0.100.202403111906/tools/bin/../lib/gcc/arm-none-eabi/12.3.1/../../../../arm-none-eabi/lib/thumb/v7e-m+fp/hard/libc_nano.a(libc_a-findfp.o)
 .text.stdio_exit_handler
                0x0800b000       0x18 /Applications/STM32CubeIDE.app/Contents/Eclipse/plugins/com.st.stm32cube.ide.mcu.externaltools.gnu-tools-for-stm32.12.3.rel1.macos64_1.0.100.202403111906/tools/bin/../lib/gcc/arm-none-eabi/12.3.1/../../../../arm-none-eabi/lib/thumb/v7e-m+fp/hard/libc_nano.a(libc_a-findfp.o)
 .text.cleanup_stdio
                0x0800b018       0x40 /Applications/STM32CubeIDE.app/Contents/Eclipse/plugins/com.st.stm32cube.ide.mcu.externaltools.gnu-tools-for-stm32.12.3.rel1.macos64_1.0.100.202403111906/tools/bin/../lib/gcc/arm-none-eabi/12.3.1/../../../../arm-none-eabi/lib/thumb/v7e-m+fp/hard/libc_nano.a(libc_a-findfp.o)
 .text.global_stdio_init.part.0
                0x0800b058       0x3c /Applications/STM32CubeIDE.app/Contents/Eclipse/plugins/com.st.stm32cube.ide.mcu.externaltools.gnu-tools-for-stm32.12.3.rel1.macos64_1.0.100.202403111906/tools/bin/../lib/gcc/arm-none-eabi/12.3.1/../../../../arm-none-eabi/lib/thumb/v7e-m+fp/hard/libc_nano.a(libc_a-findfp.o)
 .text.__sfp_lock_acquire
                0x0800b094        0xc /Applications/STM32CubeIDE.app/Contents/Eclipse/plugins/com.st.stm32cube.ide.mcu.externaltools.gnu-tools-for-stm32.12.3.rel1.macos64_1.0.100.202403111906/tools/bin/../lib/gcc/arm-none-eabi/12.3.1/../../../../arm-none-eabi/lib/thumb/v7e-m+fp/hard/libc_nano.a(libc_a-findfp.o)
                0x0800b094                __sfp_lock_acquire
 .text.__sfp_lock_release
                0x0800b0a0        0xc /Applications/STM32CubeIDE.app/Contents/Eclipse/plugins/com.st.stm32cube.ide.mcu.externaltools.gnu-tools-for-stm32.12.3.rel1.macos64_1.0.100.202403111906/tools/bin/../lib/gcc/arm-none-eabi/12.3.1/../../../../arm-none-eabi/lib/thumb/v7e-m+fp/hard/libc_nano.a(libc_a-findfp.o)
                0x0800b0a0                __sfp_lock_release
 .text.__sinit  0x0800b0ac       0x30 /Applications/STM32CubeIDE.app/Contents/Eclipse/plugins/com.st.stm32cube.ide.mcu.externaltools.gnu-tools-for-stm32.12.3.rel1.macos64_1.0.100.202403111906/tools/bin/../lib/gcc/arm-none-eabi/12.3.1/../../../../arm-none-eabi/lib/thumb/v7e-m+fp/hard/libc_nano.a(libc_a-findfp.o)
                0x0800b0ac                __sinit
 .text._strtol_l.constprop.0
                0x0800b0dc       0xf4 /Applications/STM32CubeIDE.app/Contents/Eclipse/plugins/com.st.stm32cube.ide.mcu.externaltools.gnu-tools-for-stm32.12.3.rel1.macos64_1.0.100.202403111906/tools/bin/../lib/gcc/arm-none-eabi/12.3.1/../../../../arm-none-eabi/lib/thumb/v7e-m+fp/hard/libc_nano.a(libc_a-strtol.o)
 .text.strtol   0x0800b1d0       0x14 /Applications/STM32CubeIDE.app/Contents/Eclipse/plugins/com.st.stm32cube.ide.mcu.externaltools.gnu-tools-for-stm32.12.3.rel1.macos64_1.0.100.202403111906/tools/bin/../lib/gcc/arm-none-eabi/12.3.1/../../../../arm-none-eabi/lib/thumb/v7e-m+fp/hard/libc_nano.a(libc_a-strtol.o)
                0x0800b1d0                strtol
 .text._fwalk_sglue
                0x0800b1e4       0x3c /Applications/STM32CubeIDE.app/Contents/Eclipse/plugins/com.st.stm32cube.ide.mcu.externaltools.gnu-tools-for-stm32.12.3.rel1.macos64_1.0.100.202403111906/tools/bin/../lib/gcc/arm-none-eabi/12.3.1/../../../../arm-none-eabi/lib/thumb/v7e-m+fp/hard/libc_nano.a(libc_a-fwalk.o)
                0x0800b1e4                _fwalk_sglue
 .text.putchar  0x0800b220       0x10 /Applications/STM32CubeIDE.app/Contents/Eclipse/plugins/com.st.stm32cube.ide.mcu.externaltools.gnu-tools-for-stm32.12.3.rel1.macos64_1.0.100.202403111906/tools/bin/../lib/gcc/arm-none-eabi/12.3.1/../../../../arm-none-eabi/lib/thumb/v7e-m+fp/hard/libc_nano.a(libc_a-putchar.o)
                0x0800b220                putchar
 .text._puts_r  0x0800b230       0xaa /Applications/STM32CubeIDE.app/Contents/Eclipse/plugins/com.st.stm32cube.ide.mcu.externaltools.gnu-tools-for-stm32.12.3.rel1.macos64_1.0.100.202403111906/tools/bin/../lib/gcc/arm-none-eabi/12.3.1/../../../../arm-none-eabi/lib/thumb/v7e-m+fp/hard/libc_nano.a(libc_a-puts.o)
                0x0800b230                _puts_r
 *fill*         0x0800b2da        0x2 
 .text.puts     0x0800b2dc       0x10 /Applications/STM32CubeIDE.app/Contents/Eclipse/plugins/com.st.stm32cube.ide.mcu.externaltools.gnu-tools-for-stm32.12.3.rel1.macos64_1.0.100.202403111906/tools/bin/../lib/gcc/arm-none-eabi/12.3.1/../../../../arm-none-eabi/lib/thumb/v7e-m+fp/hard/libc_nano.a(libc_a-puts.o)
                0x0800b2dc                puts
 .text.memset   0x0800b2ec       0x10 /Applications/STM32CubeIDE.app/Contents/Eclipse/plugins/com.st.stm32cube.ide.mcu.externaltools.gnu-tools-for-stm32.12.3.rel1.macos64_1.0.100.202403111906/tools/bin/../lib/gcc/arm-none-eabi/12.3.1/../../../../arm-none-eabi/lib/thumb/v7e-m+fp/hard/libc_nano.a(libc_a-memset.o)
                0x0800b2ec                memset
 .text._localeconv_r
                0x0800b2fc        0x8 /Applications/STM32CubeIDE.app/Contents/Eclipse/plugins/com.st.stm32cube.ide.mcu.externaltools.gnu-tools-for-stm32.12.3.rel1.macos64_1.0.100.202403111906/tools/bin/../lib/gcc/arm-none-eabi/12.3.1/../../../../arm-none-eabi/lib/thumb/v7e-m+fp/hard/libc_nano.a(libc_a-localeconv.o)
                0x0800b2fc                _localeconv_r
 .text._reclaim_reent
                0x0800b304       0xac /Applications/STM32CubeIDE.app/Contents/Eclipse/plugins/com.st.stm32cube.ide.mcu.externaltools.gnu-tools-for-stm32.12.3.rel1.macos64_1.0.100.202403111906/tools/bin/../lib/gcc/arm-none-eabi/12.3.1/../../../../arm-none-eabi/lib/thumb/v7e-m+fp/hard/libc_nano.a(libc_a-reent.o)
                0x0800b304                _reclaim_reent
 .text.__errno  0x0800b3b0        0xc /Applications/STM32CubeIDE.app/Contents/Eclipse/plugins/com.st.stm32cube.ide.mcu.externaltools.gnu-tools-for-stm32.12.3.rel1.macos64_1.0.100.202403111906/tools/bin/../lib/gcc/arm-none-eabi/12.3.1/../../../../arm-none-eabi/lib/thumb/v7e-m+fp/hard/libc_nano.a(libc_a-errno.o)
                0x0800b3b0                __errno
 .text.__libc_init_array
                0x0800b3bc       0x48 /Applications/STM32CubeIDE.app/Contents/Eclipse/plugins/com.st.stm32cube.ide.mcu.externaltools.gnu-tools-for-stm32.12.3.rel1.macos64_1.0.100.202403111906/tools/bin/../lib/gcc/arm-none-eabi/12.3.1/../../../../arm-none-eabi/lib/thumb/v7e-m+fp/hard/libc_nano.a(libc_a-init.o)
                0x0800b3bc                __libc_init_array
 .text.__retarget_lock_init_recursive
                0x0800b404        0x2 /Applications/STM32CubeIDE.app/Contents/Eclipse/plugins/com.st.stm32cube.ide.mcu.externaltools.gnu-tools-for-stm32.12.3.rel1.macos64_1.0.100.202403111906/tools/bin/../lib/gcc/arm-none-eabi/12.3.1/../../../../arm-none-eabi/lib/thumb/v7e-m+fp/hard/libc_nano.a(libc_a-lock.o)
                0x0800b404                __retarget_lock_init_recursive
 .text.__retarget_lock_acquire_recursive
                0x0800b406        0x2 /Applications/STM32CubeIDE.app/Contents/Eclipse/plugins/com.st.stm32cube.ide.mcu.externaltools.gnu-tools-for-stm32.12.3.rel1.macos64_1.0.100.202403111906/tools/bin/../lib/gcc/arm-none-eabi/12.3.1/../../../../arm-none-eabi/lib/thumb/v7e-m+fp/hard/libc_nano.a(libc_a-lock.o)
                0x0800b406                __retarget_lock_acquire_recursive
 .text.__retarget_lock_release_recursive
                0x0800b408        0x2 /Applications/STM32CubeIDE.app/Contents/Eclipse/plugins/com.st.stm32cube.ide.mcu.externaltools.gnu-tools-for-stm32.12.3.rel1.macos64_1.0.100.202403111906/tools/bin/../lib/gcc/arm-none-eabi/12.3.1/../../../../arm-none-eabi/lib/thumb/v7e-m+fp/hard/libc_nano.a(libc_a-lock.o)
                0x0800b408                __retarget_lock_release_recursive
 .text.memcpy   0x0800b40a       0x1c /Applications/STM32CubeIDE.app/Contents/Eclipse/plugins/com.st.stm32cube.ide.mcu.externaltools.gnu-tools-for-stm32.12.3.rel1.macos64_1.0.100.202403111906/tools/bin/../lib/gcc/arm-none-eabi/12.3.1/../../../../arm-none-eabi/lib/thumb/v7e-m+fp/hard/libc_nano.a(libc_a-memcpy-stub.o)
                0x0800b40a                memcpy
 .text.quorem   0x0800b426      0x110 /Applications/STM32CubeIDE.app/Contents/Eclipse/plugins/com.st.stm32cube.ide.mcu.externaltools.gnu-tools-for-stm32.12.3.rel1.macos64_1.0.100.202403111906/tools/bin/../lib/gcc/arm-none-eabi/12.3.1/../../../../arm-none-eabi/lib/thumb/v7e-m+fp/hard/libc_nano.a(libc_a-dtoa.o)
 *fill*         0x0800b536        0x2 
 .text._dtoa_r  0x0800b538      0xb88 /Applications/STM32CubeIDE.app/Contents/Eclipse/plugins/com.st.stm32cube.ide.mcu.externaltools.gnu-tools-for-stm32.12.3.rel1.macos64_1.0.100.202403111906/tools/bin/../lib/gcc/arm-none-eabi/12.3.1/../../../../arm-none-eabi/lib/thumb/v7e-m+fp/hard/libc_nano.a(libc_a-dtoa.o)
                0x0800b538                _dtoa_r
 .text._free_r  0x0800c0c0       0x94 /Applications/STM32CubeIDE.app/Contents/Eclipse/plugins/com.st.stm32cube.ide.mcu.externaltools.gnu-tools-for-stm32.12.3.rel1.macos64_1.0.100.202403111906/tools/bin/../lib/gcc/arm-none-eabi/12.3.1/../../../../arm-none-eabi/lib/thumb/v7e-m+fp/hard/libc_nano.a(libc_a-freer.o)
                0x0800c0c0                _free_r
 .text.__ssputs_r
                0x0800c154       0xb6 /Applications/STM32CubeIDE.app/Contents/Eclipse/plugins/com.st.stm32cube.ide.mcu.externaltools.gnu-tools-for-stm32.12.3.rel1.macos64_1.0.100.202403111906/tools/bin/../lib/gcc/arm-none-eabi/12.3.1/../../../../arm-none-eabi/lib/thumb/v7e-m+fp/hard/libc_nano.a(libc_a-nano-svfprintf.o)
                0x0800c154                __ssputs_r
 *fill*         0x0800c20a        0x2 
 .text._svfprintf_r
                0x0800c20c      0x1f8 /Applications/STM32CubeIDE.app/Contents/Eclipse/plugins/com.st.stm32cube.ide.mcu.externaltools.gnu-tools-for-stm32.12.3.rel1.macos64_1.0.100.202403111906/tools/bin/../lib/gcc/arm-none-eabi/12.3.1/../../../../arm-none-eabi/lib/thumb/v7e-m+fp/hard/libc_nano.a(libc_a-nano-svfprintf.o)
                0x0800c20c                _svfprintf_r
                0x0800c20c                _svfiprintf_r
 .text.__sfputc_r
                0x0800c404       0x2e /Applications/STM32CubeIDE.app/Contents/Eclipse/plugins/com.st.stm32cube.ide.mcu.externaltools.gnu-tools-for-stm32.12.3.rel1.macos64_1.0.100.202403111906/tools/bin/../lib/gcc/arm-none-eabi/12.3.1/../../../../arm-none-eabi/lib/thumb/v7e-m+fp/hard/libc_nano.a(libc_a-nano-vfprintf.o)
 .text.__sfputs_r
                0x0800c432       0x24 /Applications/STM32CubeIDE.app/Contents/Eclipse/plugins/com.st.stm32cube.ide.mcu.externaltools.gnu-tools-for-stm32.12.3.rel1.macos64_1.0.100.202403111906/tools/bin/../lib/gcc/arm-none-eabi/12.3.1/../../../../arm-none-eabi/lib/thumb/v7e-m+fp/hard/libc_nano.a(libc_a-nano-vfprintf.o)
                0x0800c432                __sfputs_r
 *fill*         0x0800c456        0x2 
 .text._vfprintf_r
                0x0800c458      0x230 /Applications/STM32CubeIDE.app/Contents/Eclipse/plugins/com.st.stm32cube.ide.mcu.externaltools.gnu-tools-for-stm32.12.3.rel1.macos64_1.0.100.202403111906/tools/bin/../lib/gcc/arm-none-eabi/12.3.1/../../../../arm-none-eabi/lib/thumb/v7e-m+fp/hard/libc_nano.a(libc_a-nano-vfprintf.o)
                0x0800c458                _vfiprintf_r
                0x0800c458                _vfprintf_r
 .text.malloc   0x0800c688       0x10 /Applications/STM32CubeIDE.app/Contents/Eclipse/plugins/com.st.stm32cube.ide.mcu.externaltools.gnu-tools-for-stm32.12.3.rel1.macos64_1.0.100.202403111906/tools/bin/../lib/gcc/arm-none-eabi/12.3.1/../../../../arm-none-eabi/lib/thumb/v7e-m+fp/hard/libc_nano.a(libc_a-malloc.o)
                0x0800c688                malloc
 .text.sbrk_aligned
                0x0800c698       0x44 /Applications/STM32CubeIDE.app/Contents/Eclipse/plugins/com.st.stm32cube.ide.mcu.externaltools.gnu-tools-for-stm32.12.3.rel1.macos64_1.0.100.202403111906/tools/bin/../lib/gcc/arm-none-eabi/12.3.1/../../../../arm-none-eabi/lib/thumb/v7e-m+fp/hard/libc_nano.a(libc_a-mallocr.o)
 .text._malloc_r
                0x0800c6dc      0x100 /Applications/STM32CubeIDE.app/Contents/Eclipse/plugins/com.st.stm32cube.ide.mcu.externaltools.gnu-tools-for-stm32.12.3.rel1.macos64_1.0.100.202403111906/tools/bin/../lib/gcc/arm-none-eabi/12.3.1/../../../../arm-none-eabi/lib/thumb/v7e-m+fp/hard/libc_nano.a(libc_a-mallocr.o)
                0x0800c6dc                _malloc_r
 .text.__sflush_r
                0x0800c7dc      0x108 /Applications/STM32CubeIDE.app/Contents/Eclipse/plugins/com.st.stm32cube.ide.mcu.externaltools.gnu-tools-for-stm32.12.3.rel1.macos64_1.0.100.202403111906/tools/bin/../lib/gcc/arm-none-eabi/12.3.1/../../../../arm-none-eabi/lib/thumb/v7e-m+fp/hard/libc_nano.a(libc_a-fflush.o)
                0x0800c7dc                __sflush_r
 .text._fflush_r
                0x0800c8e4       0x50 /Applications/STM32CubeIDE.app/Contents/Eclipse/plugins/com.st.stm32cube.ide.mcu.externaltools.gnu-tools-for-stm32.12.3.rel1.macos64_1.0.100.202403111906/tools/bin/../lib/gcc/arm-none-eabi/12.3.1/../../../../arm-none-eabi/lib/thumb/v7e-m+fp/hard/libc_nano.a(libc_a-fflush.o)
                0x0800c8e4                _fflush_r
 .text.__malloc_lock
                0x0800c934        0xc /Applications/STM32CubeIDE.app/Contents/Eclipse/plugins/com.st.stm32cube.ide.mcu.externaltools.gnu-tools-for-stm32.12.3.rel1.macos64_1.0.100.202403111906/tools/bin/../lib/gcc/arm-none-eabi/12.3.1/../../../../arm-none-eabi/lib/thumb/v7e-m+fp/hard/libc_nano.a(libc_a-mlock.o)
                0x0800c934                __malloc_lock
 .text.__malloc_unlock
                0x0800c940        0xc /Applications/STM32CubeIDE.app/Contents/Eclipse/plugins/com.st.stm32cube.ide.mcu.externaltools.gnu-tools-for-stm32.12.3.rel1.macos64_1.0.100.202403111906/tools/bin/../lib/gcc/arm-none-eabi/12.3.1/../../../../arm-none-eabi/lib/thumb/v7e-m+fp/hard/libc_nano.a(libc_a-mlock.o)
                0x0800c940                __malloc_unlock
 .text._Balloc  0x0800c94c       0x80 /Applications/STM32CubeIDE.app/Contents/Eclipse/plugins/com.st.stm32cube.ide.mcu.externaltools.gnu-tools-for-stm32.12.3.rel1.macos64_1.0.100.202403111906/tools/bin/../lib/gcc/arm-none-eabi/12.3.1/../../../../arm-none-eabi/lib/thumb/v7e-m+fp/hard/libc_nano.a(libc_a-mprec.o)
                0x0800c94c                _Balloc
 .text._Bfree   0x0800c9cc       0x44 /Applications/STM32CubeIDE.app/Contents/Eclipse/plugins/com.st.stm32cube.ide.mcu.externaltools.gnu-tools-for-stm32.12.3.rel1.macos64_1.0.100.202403111906/tools/bin/../lib/gcc/arm-none-eabi/12.3.1/../../../../arm-none-eabi/lib/thumb/v7e-m+fp/hard/libc_nano.a(libc_a-mprec.o)
                0x0800c9cc                _Bfree
 .text.__multadd
                0x0800ca10       0x8c /Applications/STM32CubeIDE.app/Contents/Eclipse/plugins/com.st.stm32cube.ide.mcu.externaltools.gnu-tools-for-stm32.12.3.rel1.macos64_1.0.100.202403111906/tools/bin/../lib/gcc/arm-none-eabi/12.3.1/../../../../arm-none-eabi/lib/thumb/v7e-m+fp/hard/libc_nano.a(libc_a-mprec.o)
                0x0800ca10                __multadd
 .text.__hi0bits
                0x0800ca9c       0x3e /Applications/STM32CubeIDE.app/Contents/Eclipse/plugins/com.st.stm32cube.ide.mcu.externaltools.gnu-tools-for-stm32.12.3.rel1.macos64_1.0.100.202403111906/tools/bin/../lib/gcc/arm-none-eabi/12.3.1/../../../../arm-none-eabi/lib/thumb/v7e-m+fp/hard/libc_nano.a(libc_a-mprec.o)
                0x0800ca9c                __hi0bits
 .text.__lo0bits
                0x0800cada       0x5a /Applications/STM32CubeIDE.app/Contents/Eclipse/plugins/com.st.stm32cube.ide.mcu.externaltools.gnu-tools-for-stm32.12.3.rel1.macos64_1.0.100.202403111906/tools/bin/../lib/gcc/arm-none-eabi/12.3.1/../../../../arm-none-eabi/lib/thumb/v7e-m+fp/hard/libc_nano.a(libc_a-mprec.o)
                0x0800cada                __lo0bits
 .text.__i2b    0x0800cb34       0x2c /Applications/STM32CubeIDE.app/Contents/Eclipse/plugins/com.st.stm32cube.ide.mcu.externaltools.gnu-tools-for-stm32.12.3.rel1.macos64_1.0.100.202403111906/tools/bin/../lib/gcc/arm-none-eabi/12.3.1/../../../../arm-none-eabi/lib/thumb/v7e-m+fp/hard/libc_nano.a(libc_a-mprec.o)
                0x0800cb34                __i2b
 .text.__multiply
                0x0800cb60      0x154 /Applications/STM32CubeIDE.app/Contents/Eclipse/plugins/com.st.stm32cube.ide.mcu.externaltools.gnu-tools-for-stm32.12.3.rel1.macos64_1.0.100.202403111906/tools/bin/../lib/gcc/arm-none-eabi/12.3.1/../../../../arm-none-eabi/lib/thumb/v7e-m+fp/hard/libc_nano.a(libc_a-mprec.o)
                0x0800cb60                __multiply
 .text.__pow5mult
                0x0800ccb4       0xb4 /Applications/STM32CubeIDE.app/Contents/Eclipse/plugins/com.st.stm32cube.ide.mcu.externaltools.gnu-tools-for-stm32.12.3.rel1.macos64_1.0.100.202403111906/tools/bin/../lib/gcc/arm-none-eabi/12.3.1/../../../../arm-none-eabi/lib/thumb/v7e-m+fp/hard/libc_nano.a(libc_a-mprec.o)
                0x0800ccb4                __pow5mult
 .text.__lshift
                0x0800cd68       0xd8 /Applications/STM32CubeIDE.app/Contents/Eclipse/plugins/com.st.stm32cube.ide.mcu.externaltools.gnu-tools-for-stm32.12.3.rel1.macos64_1.0.100.202403111906/tools/bin/../lib/gcc/arm-none-eabi/12.3.1/../../../../arm-none-eabi/lib/thumb/v7e-m+fp/hard/libc_nano.a(libc_a-mprec.o)
                0x0800cd68                __lshift
 .text.__mcmp   0x0800ce40       0x36 /Applications/STM32CubeIDE.app/Contents/Eclipse/plugins/com.st.stm32cube.ide.mcu.externaltools.gnu-tools-for-stm32.12.3.rel1.macos64_1.0.100.202403111906/tools/bin/../lib/gcc/arm-none-eabi/12.3.1/../../../../arm-none-eabi/lib/thumb/v7e-m+fp/hard/libc_nano.a(libc_a-mprec.o)
                0x0800ce40                __mcmp
 *fill*         0x0800ce76        0x2 
 .text.__mdiff  0x0800ce78      0x128 /Applications/STM32CubeIDE.app/Contents/Eclipse/plugins/com.st.stm32cube.ide.mcu.externaltools.gnu-tools-for-stm32.12.3.rel1.macos64_1.0.100.202403111906/tools/bin/../lib/gcc/arm-none-eabi/12.3.1/../../../../arm-none-eabi/lib/thumb/v7e-m+fp/hard/libc_nano.a(libc_a-mprec.o)
                0x0800ce78                __mdiff
 .text.__d2b    0x0800cfa0       0xb0 /Applications/STM32CubeIDE.app/Contents/Eclipse/plugins/com.st.stm32cube.ide.mcu.externaltools.gnu-tools-for-stm32.12.3.rel1.macos64_1.0.100.202403111906/tools/bin/../lib/gcc/arm-none-eabi/12.3.1/../../../../arm-none-eabi/lib/thumb/v7e-m+fp/hard/libc_nano.a(libc_a-mprec.o)
                0x0800cfa0                __d2b
 .text.__sread  0x0800d050       0x22 /Applications/STM32CubeIDE.app/Contents/Eclipse/plugins/com.st.stm32cube.ide.mcu.externaltools.gnu-tools-for-stm32.12.3.rel1.macos64_1.0.100.202403111906/tools/bin/../lib/gcc/arm-none-eabi/12.3.1/../../../../arm-none-eabi/lib/thumb/v7e-m+fp/hard/libc_nano.a(libc_a-stdio.o)
                0x0800d050                __sread
 .text.__swrite
                0x0800d072       0x38 /Applications/STM32CubeIDE.app/Contents/Eclipse/plugins/com.st.stm32cube.ide.mcu.externaltools.gnu-tools-for-stm32.12.3.rel1.macos64_1.0.100.202403111906/tools/bin/../lib/gcc/arm-none-eabi/12.3.1/../../../../arm-none-eabi/lib/thumb/v7e-m+fp/hard/libc_nano.a(libc_a-stdio.o)
                0x0800d072                __swrite