../Drivers/CMSIS/Include/core_cm4.h:1667:26:__NVIC_GetPriorityGrouping	1
../Drivers/CMSIS/Include/core_cm4.h:1679:22:__NVIC_EnableIRQ	2
../Drivers/CMSIS/Include/core_cm4.h:1809:22:__NVIC_SetPriority	2
../Drivers/CMSIS/Include/core_cm4.h:1856:26:NVIC_EncodePriority	2
../Drivers/CMSIS/Include/core_cm4.h:2059:26:ITM_SendChar	4
../Drivers/STM32L4xx_HAL_Driver/Inc/stm32l4xx_ll_usart.h:693:22:LL_USART_Enable	1
../Drivers/STM32L4xx_HAL_Driver/Inc/stm32l4xx_ll_usart.h:2810:22:LL_USART_ConfigAsyncMode	1
../Drivers/STM32L4xx_HAL_Driver/Inc/stm32l4xx_ll_bus.h:563:22:LL_AHB2_GRP1_EnableClock	1
../Drivers/STM32L4xx_HAL_Driver/Inc/stm32l4xx_ll_bus.h:1087:22:LL_APB1_GRP1_EnableClock	1
../Drivers/STM32L4xx_HAL_Driver/Inc/stm32l4xx_ll_bus.h:1673:22:LL_APB2_GRP1_EnableClock	1
../Drivers/STM32L4xx_HAL_Driver/Inc/stm32l4xx_ll_dma.h:655:22:LL_DMA_SetDataTransferDirection	1
../Drivers/STM32L4xx_HAL_Driver/Inc/stm32l4xx_ll_dma.h:706:22:LL_DMA_SetMode	1
../Drivers/STM32L4xx_HAL_Driver/Inc/stm32l4xx_ll_dma.h:753:22:LL_DMA_SetPeriphIncMode	1
../Drivers/STM32L4xx_HAL_Driver/Inc/stm32l4xx_ll_dma.h:800:22:LL_DMA_SetMemoryIncMode	1
../Drivers/STM32L4xx_HAL_Driver/Inc/stm32l4xx_ll_dma.h:848:22:LL_DMA_SetPeriphSize	1
../Drivers/STM32L4xx_HAL_Driver/Inc/stm32l4xx_ll_dma.h:897:22:LL_DMA_SetMemorySize	1
../Drivers/STM32L4xx_HAL_Driver/Inc/stm32l4xx_ll_dma.h:947:22:LL_DMA_SetChannelPriorityLevel	1
../Drivers/STM32L4xx_HAL_Driver/Inc/stm32l4xx_ll_dma.h:1512:22:LL_DMA_SetPeriphRequest	2
../Drivers/STM32L4xx_HAL_Driver/Inc/stm32l4xx_ll_dma.h:1666:26:LL_DMA_IsActiveFlag_TC3	2
../Drivers/STM32L4xx_HAL_Driver/Inc/stm32l4xx_ll_dma.h:1743:26:LL_DMA_IsActiveFlag_HT3	2
../Drivers/STM32L4xx_HAL_Driver/Inc/stm32l4xx_ll_dma.h:2002:22:LL_DMA_ClearFlag_TC3	1
../Drivers/STM32L4xx_HAL_Driver/Inc/stm32l4xx_ll_dma.h:2079:22:LL_DMA_ClearFlag_HT3	1
../Drivers/STM32L4xx_HAL_Driver/Inc/stm32l4xx_ll_dma.h:2226:22:LL_DMA_EnableIT_TC	1
../Drivers/STM32L4xx_HAL_Driver/Inc/stm32l4xx_ll_dma.h:2246:22:LL_DMA_EnableIT_HT	1
../Core/Src/main.c:115:5:main	2
../Core/Src/main.c:224:6:SystemClock_Config	4
../Core/Src/main.c:278:13:MX_CRC_Init	2
../Core/Src/main.c:309:13:MX_I2C1_Init	4
../Core/Src/main.c:357:13:MX_I2C2_Init	4
../Core/Src/main.c:405:13:MX_I2C3_Init	4
../Core/Src/main.c:453:13:MX_LPTIM2_Init	2
../Core/Src/main.c:489:13:MX_RTC_Init	5
../Core/Src/main.c:572:13:MX_SDMMC1_SD_Init	1
../Core/Src/main.c:600:13:MX_SPI1_Init	2
../Core/Src/main.c:640:13:MX_SPI2_Init	2
../Core/Src/main.c:680:13:MX_TIM1_Init	7
../Core/Src/main.c:760:13:MX_USART1_UART_Init	2
../Core/Src/main.c:863:13:MX_USART2_UART_Init	2
../Core/Src/main.c:964:13:MX_USART3_UART_Init	2
../Core/Src/main.c:997:13:MX_DMA_Init	1
../Core/Src/main.c:1043:13:MX_GPIO_Init	1
../Core/Src/main.c:1102:5:_write	2
../Core/Src/main.c:1111:6:HAL_Delay	1
../Core/Src/main.c:1125:6:StartMainTask	1
../Core/Src/main.c:1145:6:HAL_TIM_PeriodElapsedCallback	2
../Core/Src/main.c:1162:6:Error_Handler	1
