../Drivers/CMSIS/Include/core_cm4.h:2059:26:ITM_SendChar	16	static,ignoring_inline_asm
/Users/genta/pq_main_2024_nanyo/balloon_main/Core/device/gnss/minmea.h:257:21:minmea_tofloat	16	static
../Core/Src/main.c:159:5:main	8	static
../Core/Src/main.c:282:6:SystemClock_Config	96	static
../Core/Src/main.c:336:13:MX_CRC_Init	8	static
../Core/Src/main.c:367:13:MX_I2C1_Init	8	static
../Core/Src/main.c:415:13:MX_I2C2_Init	8	static
../Core/Src/main.c:463:13:MX_I2C3_Init	8	static
../Core/Src/main.c:511:13:MX_LPTIM2_Init	8	static
../Core/Src/main.c:547:13:MX_RTC_Init	80	static
../Core/Src/main.c:630:13:MX_SDMMC1_SD_Init	4	static
../Core/Src/main.c:658:13:MX_SPI1_Init	8	static
../Core/Src/main.c:698:13:MX_SPI2_Init	8	static
../Core/Src/main.c:738:13:MX_TIM1_Init	112	static
../Core/Src/main.c:818:13:MX_USART1_UART_Init	8	static
../Core/Src/main.c:853:13:MX_USART2_UART_Init	8	static
../Core/Src/main.c:888:13:MX_USART3_UART_Init	8	static
../Core/Src/main.c:921:13:MX_DMA_Init	16	static
../Core/Src/main.c:958:13:MX_GPIO_Init	48	static
../Core/Src/main.c:1017:5:_write	32	static
../Core/Src/main.c:1026:6:HAL_Delay	16	static
../Core/Src/main.c:1030:6:HAL_UART_RxCpltCallback	24	static,ignoring_inline_asm
../Core/Src/main.c:1052:9:BSP_SD_ReadBlocks_DMA	32	static
../Core/Src/main.c:1072:9:BSP_SD_WriteBlocks_DMA	32	static
../Core/Src/main.c:1103:6:StartMainTask	24	static
../Core/Src/main.c:1152:6:SaveFile	272	static
../Core/Src/main.c:1189:6:DownLink	16	static
../Core/Src/main.c:1208:6:HAL_TIM_PeriodElapsedCallback	16	static
../Core/Src/main.c:1225:6:Error_Handler	4	static,ignoring_inline_asm
