../Drivers/CMSIS/Include/core_cm4.h:1667:26:__NVIC_GetPriorityGrouping	4	static
../Drivers/CMSIS/Include/core_cm4.h:1679:22:__NVIC_EnableIRQ	16	static,ignoring_inline_asm
../Drivers/CMSIS/Include/core_cm4.h:1809:22:__NVIC_SetPriority	16	static
../Drivers/CMSIS/Include/core_cm4.h:1856:26:NVIC_EncodePriority	40	static
../Drivers/CMSIS/Include/core_cm4.h:2059:26:ITM_SendChar	16	static,ignoring_inline_asm
../Drivers/STM32L4xx_HAL_Driver/Inc/stm32l4xx_ll_usart.h:693:22:LL_USART_Enable	16	static
../Drivers/STM32L4xx_HAL_Driver/Inc/stm32l4xx_ll_usart.h:2810:22:LL_USART_ConfigAsyncMode	16	static
../Drivers/STM32L4xx_HAL_Driver/Inc/stm32l4xx_ll_bus.h:563:22:LL_AHB2_GRP1_EnableClock	24	static
../Drivers/STM32L4xx_HAL_Driver/Inc/stm32l4xx_ll_bus.h:1087:22:LL_APB1_GRP1_EnableClock	24	static
../Drivers/STM32L4xx_HAL_Driver/Inc/stm32l4xx_ll_bus.h:1673:22:LL_APB2_GRP1_EnableClock	24	static
../Drivers/STM32L4xx_HAL_Driver/Inc/stm32l4xx_ll_dma.h:655:22:LL_DMA_SetDataTransferDirection	32	static
../Drivers/STM32L4xx_HAL_Driver/Inc/stm32l4xx_ll_dma.h:706:22:LL_DMA_SetMode	32	static
../Drivers/STM32L4xx_HAL_Driver/Inc/stm32l4xx_ll_dma.h:753:22:LL_DMA_SetPeriphIncMode	32	static
../Drivers/STM32L4xx_HAL_Driver/Inc/stm32l4xx_ll_dma.h:800:22:LL_DMA_SetMemoryIncMode	32	static
../Drivers/STM32L4xx_HAL_Driver/Inc/stm32l4xx_ll_dma.h:848:22:LL_DMA_SetPeriphSize	32	static
../Drivers/STM32L4xx_HAL_Driver/Inc/stm32l4xx_ll_dma.h:897:22:LL_DMA_SetMemorySize	32	static
../Drivers/STM32L4xx_HAL_Driver/Inc/stm32l4xx_ll_dma.h:947:22:LL_DMA_SetChannelPriorityLevel	32	static
../Drivers/STM32L4xx_HAL_Driver/Inc/stm32l4xx_ll_dma.h:1512:22:LL_DMA_SetPeriphRequest	40	static,ignoring_inline_asm
../Drivers/STM32L4xx_HAL_Driver/Inc/stm32l4xx_ll_dma.h:1688:26:LL_DMA_IsActiveFlag_TC5	16	static
../Drivers/STM32L4xx_HAL_Driver/Inc/stm32l4xx_ll_dma.h:1765:26:LL_DMA_IsActiveFlag_HT5	16	static
../Drivers/STM32L4xx_HAL_Driver/Inc/stm32l4xx_ll_dma.h:2024:22:LL_DMA_ClearFlag_TC5	16	static
../Drivers/STM32L4xx_HAL_Driver/Inc/stm32l4xx_ll_dma.h:2101:22:LL_DMA_ClearFlag_HT5	16	static
../Drivers/STM32L4xx_HAL_Driver/Inc/stm32l4xx_ll_dma.h:2226:22:LL_DMA_EnableIT_TC	24	static
../Drivers/STM32L4xx_HAL_Driver/Inc/stm32l4xx_ll_dma.h:2246:22:LL_DMA_EnableIT_HT	24	static
../Core/Src/main.c:114:5:main	16	static
../Core/Src/main.c:220:6:SystemClock_Config	96	static
../Core/Src/main.c:274:13:MX_CRC_Init	8	static
../Core/Src/main.c:305:13:MX_I2C1_Init	8	static
../Core/Src/main.c:353:13:MX_I2C2_Init	8	static
../Core/Src/main.c:401:13:MX_I2C3_Init	8	static
../Core/Src/main.c:449:13:MX_LPTIM2_Init	8	static
../Core/Src/main.c:485:13:MX_RTC_Init	80	static
../Core/Src/main.c:568:13:MX_SDMMC1_SD_Init	4	static
../Core/Src/main.c:596:13:MX_SPI1_Init	8	static
../Core/Src/main.c:636:13:MX_SPI2_Init	8	static
../Core/Src/main.c:676:13:MX_TIM1_Init	112	static
../Core/Src/main.c:756:13:MX_USART1_UART_Init	152	static
../Core/Src/main.c:859:13:MX_USART2_UART_Init	152	static
../Core/Src/main.c:960:13:MX_USART3_UART_Init	8	static
../Core/Src/main.c:993:13:MX_DMA_Init	16	static
../Core/Src/main.c:1039:13:MX_GPIO_Init	48	static
../Core/Src/main.c:1098:5:_write	32	static
../Core/Src/main.c:1116:6:StartMainTask	16	static
../Core/Src/main.c:1135:6:HAL_TIM_PeriodElapsedCallback	16	static
../Core/Src/main.c:1152:6:Error_Handler	4	static,ignoring_inline_asm
