../Core/Src/stm32l4xx_hal_msp.c:76:6:HAL_MspInit	16	static
../Core/Src/stm32l4xx_hal_msp.c:101:6:HAL_CRC_MspInit	24	static
../Core/Src/stm32l4xx_hal_msp.c:123:6:HAL_CRC_MspDeInit	16	static
../Core/Src/stm32l4xx_hal_msp.c:145:6:HAL_I2C_MspInit	152	static
../Core/Src/stm32l4xx_hal_msp.c:296:6:HAL_I2C_MspDeInit	16	static
../Core/Src/stm32l4xx_hal_msp.c:373:6:HAL_LPTIM_MspInit	136	static
../Core/Src/stm32l4xx_hal_msp.c:419:6:HAL_LPTIM_MspDeInit	16	static
../Core/Src/stm32l4xx_hal_msp.c:447:6:HAL_RTC_MspInit	112	static
../Core/Src/stm32l4xx_hal_msp.c:480:6:HAL_RTC_MspDeInit	16	static
../Core/Src/stm32l4xx_hal_msp.c:502:6:HAL_SD_MspInit	144	static
../Core/Src/stm32l4xx_hal_msp.c:600:6:HAL_SD_MspDeInit	16	static
../Core/Src/stm32l4xx_hal_msp.c:642:6:HAL_SPI_MspInit	56	static
../Core/Src/stm32l4xx_hal_msp.c:714:6:HAL_SPI_MspDeInit	16	static
../Core/Src/stm32l4xx_hal_msp.c:767:6:HAL_TIM_Base_MspInit	24	static
../Core/Src/stm32l4xx_hal_msp.c:802:6:HAL_TIM_MspPostInit	40	static
../Core/Src/stm32l4xx_hal_msp.c:834:6:HAL_TIM_Base_MspDeInit	16	static
../Core/Src/stm32l4xx_hal_msp.c:859:6:HAL_UART_MspInit	136	static
../Core/Src/stm32l4xx_hal_msp.c:927:6:HAL_UART_MspDeInit	16	static
