../Core/Src/stm32l4xx_it.c:80:6:NMI_Handler	4	static
../Core/Src/stm32l4xx_it.c:95:6:HardFault_Handler	4	static
../Core/Src/stm32l4xx_it.c:110:6:MemManage_Handler	4	static
../Core/Src/stm32l4xx_it.c:125:6:BusFault_Handler	4	static
../Core/Src/stm32l4xx_it.c:140:6:UsageFault_Handler	4	static
../Core/Src/stm32l4xx_it.c:155:6:DebugMon_Handler	4	static
../Core/Src/stm32l4xx_it.c:175:6:DMA1_Channel2_IRQHandler	8	static
../Core/Src/stm32l4xx_it.c:189:6:DMA1_Channel3_IRQHandler	8	static
../Core/Src/stm32l4xx_it.c:203:6:DMA1_Channel4_IRQHandler	4	static
../Core/Src/stm32l4xx_it.c:217:6:DMA1_Channel5_IRQHandler	4	static
../Core/Src/stm32l4xx_it.c:231:6:DMA1_Channel6_IRQHandler	4	static
../Core/Src/stm32l4xx_it.c:245:6:DMA1_Channel7_IRQHandler	4	static
../Core/Src/stm32l4xx_it.c:259:6:I2C1_ER_IRQHandler	8	static
../Core/Src/stm32l4xx_it.c:273:6:USART1_IRQHandler	4	static
../Core/Src/stm32l4xx_it.c:286:6:USART2_IRQHandler	4	static
../Core/Src/stm32l4xx_it.c:299:6:USART3_IRQHandler	8	static
../Core/Src/stm32l4xx_it.c:313:6:SDMMC1_IRQHandler	8	static
../Core/Src/stm32l4xx_it.c:327:6:TIM6_DAC_IRQHandler	8	static
../Core/Src/stm32l4xx_it.c:341:6:DMA2_Channel4_IRQHandler	8	static
../Core/Src/stm32l4xx_it.c:355:6:DMA2_Channel5_IRQHandler	8	static
../Core/Src/stm32l4xx_it.c:369:6:DMA2_Channel6_IRQHandler	8	static
../Core/Src/stm32l4xx_it.c:383:6:DMA2_Channel7_IRQHandler	8	static
