../Drivers/STM32L4xx_HAL_Driver/Inc/stm32l4xx_ll_dma.h:1688:26:LL_DMA_IsActiveFlag_TC5	1
../Drivers/STM32L4xx_HAL_Driver/Inc/stm32l4xx_ll_dma.h:1765:26:LL_DMA_IsActiveFlag_HT5	1
../Drivers/STM32L4xx_HAL_Driver/Inc/stm32l4xx_ll_dma.h:2024:22:LL_DMA_ClearFlag_TC5	1
../Drivers/STM32L4xx_HAL_Driver/Inc/stm32l4xx_ll_dma.h:2101:22:LL_DMA_ClearFlag_HT5	1
../Drivers/STM32L4xx_HAL_Driver/Inc/stm32l4xx_ll_dma.h:1512:22:LL_DMA_SetPeriphRequest.constprop	1
../Drivers/CMSIS/Include/core_cm4.h:1856:26:NVIC_EncodePriority.constprop	2
../Core/Src/main.c:220:6:SystemClock_Config	4
../Core/Src/main.c:110:5:main	26
../Core/Src/main.c:1068:5:_write	5
../Core/Src/main.c:1086:6:StartDefaultTask	1
../Core/Src/main.c:1105:6:HAL_TIM_PeriodElapsedCallback	2
../Core/Src/main.c:1122:6:Error_Handler	1
