../Core/Src/stm32l4xx_hal_msp.c:78:6:HAL_MspInit	8	static
../Core/Src/stm32l4xx_hal_msp.c:103:6:HAL_CRC_MspInit	8	static
../Core/Src/stm32l4xx_hal_msp.c:125:6:HAL_CRC_MspDeInit	0	static
../Core/Src/stm32l4xx_hal_msp.c:147:6:HAL_I2C_MspInit	160	static
../Core/Src/stm32l4xx_hal_msp.c:298:6:HAL_I2C_MspDeInit	8	static
../Core/Src/stm32l4xx_hal_msp.c:375:6:HAL_LPTIM_MspInit	128	static
../Core/Src/stm32l4xx_hal_msp.c:421:6:HAL_LPTIM_MspDeInit	0	static
../Core/Src/stm32l4xx_hal_msp.c:449:6:HAL_RTC_MspInit	104	static
../Core/Src/stm32l4xx_hal_msp.c:482:6:HAL_RTC_MspDeInit	0	static
../Core/Src/stm32l4xx_hal_msp.c:504:6:HAL_SD_MspInit	152	static
../Core/Src/stm32l4xx_hal_msp.c:590:6:HAL_SD_MspDeInit	8	static
../Core/Src/stm32l4xx_hal_msp.c:632:6:HAL_SPI_MspInit	64	static
../Core/Src/stm32l4xx_hal_msp.c:703:6:HAL_SPI_MspDeInit	8	static
../Core/Src/stm32l4xx_hal_msp.c:755:6:HAL_TIM_Base_MspInit	24	static
../Core/Src/stm32l4xx_hal_msp.c:790:6:HAL_TIM_MspPostInit	32	static
../Core/Src/stm32l4xx_hal_msp.c:822:6:HAL_TIM_Base_MspDeInit	0	static
../Core/Src/stm32l4xx_hal_msp.c:847:6:HAL_UART_MspInit	160	static
../Core/Src/stm32l4xx_hal_msp.c:1026:6:HAL_UART_MspDeInit	8	static
