Archive member included to satisfy reference by file (symbol)

C:/ST/STM32CubeIDE_1.13.2/STM32CubeIDE/plugins/com.st.stm32cube.ide.mcu.externaltools.gnu-tools-for-stm32.12.3.rel1.win32_1.0.100.202403111256/tools/bin/../lib/gcc/arm-none-eabi/12.3.1/../../../../arm-none-eabi/lib/thumb/v7e-m+fp/hard\libc_nano.a(libc_a-exit.o)
                              C:/ST/STM32CubeIDE_1.13.2/STM32CubeIDE/plugins/com.st.stm32cube.ide.mcu.externaltools.gnu-tools-for-stm32.12.3.rel1.win32_1.0.100.202403111256/tools/bin/../lib/gcc/arm-none-eabi/12.3.1/../../../../arm-none-eabi/lib/thumb/v7e-m+fp/hard/crt0.o (exit)
C:/ST/STM32CubeIDE_1.13.2/STM32CubeIDE/plugins/com.st.stm32cube.ide.mcu.externaltools.gnu-tools-for-stm32.12.3.rel1.win32_1.0.100.202403111256/tools/bin/../lib/gcc/arm-none-eabi/12.3.1/../../../../arm-none-eabi/lib/thumb/v7e-m+fp/hard\libc_nano.a(libc_a-findfp.o)
                              ./Middlewares/Third_Party/FreeRTOS/Source/tasks.o (__sf)
C:/ST/STM32CubeIDE_1.13.2/STM32CubeIDE/plugins/com.st.stm32cube.ide.mcu.externaltools.gnu-tools-for-stm32.12.3.rel1.win32_1.0.100.202403111256/tools/bin/../lib/gcc/arm-none-eabi/12.3.1/../../../../arm-none-eabi/lib/thumb/v7e-m+fp/hard\libc_nano.a(libc_a-fwalk.o)
                              C:/ST/STM32CubeIDE_1.13.2/STM32CubeIDE/plugins/com.st.stm32cube.ide.mcu.externaltools.gnu-tools-for-stm32.12.3.rel1.win32_1.0.100.202403111256/tools/bin/../lib/gcc/arm-none-eabi/12.3.1/../../../../arm-none-eabi/lib/thumb/v7e-m+fp/hard\libc_nano.a(libc_a-findfp.o) (_fwalk_sglue)
C:/ST/STM32CubeIDE_1.13.2/STM32CubeIDE/plugins/com.st.stm32cube.ide.mcu.externaltools.gnu-tools-for-stm32.12.3.rel1.win32_1.0.100.202403111256/tools/bin/../lib/gcc/arm-none-eabi/12.3.1/../../../../arm-none-eabi/lib/thumb/v7e-m+fp/hard\libc_nano.a(libc_a-puts.o)
                              ./Core/Src/main.o (puts)
C:/ST/STM32CubeIDE_1.13.2/STM32CubeIDE/plugins/com.st.stm32cube.ide.mcu.externaltools.gnu-tools-for-stm32.12.3.rel1.win32_1.0.100.202403111256/tools/bin/../lib/gcc/arm-none-eabi/12.3.1/../../../../arm-none-eabi/lib/thumb/v7e-m+fp/hard\libc_nano.a(libc_a-stdio.o)
                              C:/ST/STM32CubeIDE_1.13.2/STM32CubeIDE/plugins/com.st.stm32cube.ide.mcu.externaltools.gnu-tools-for-stm32.12.3.rel1.win32_1.0.100.202403111256/tools/bin/../lib/gcc/arm-none-eabi/12.3.1/../../../../arm-none-eabi/lib/thumb/v7e-m+fp/hard\libc_nano.a(libc_a-findfp.o) (__sread)
C:/ST/STM32CubeIDE_1.13.2/STM32CubeIDE/plugins/com.st.stm32cube.ide.mcu.externaltools.gnu-tools-for-stm32.12.3.rel1.win32_1.0.100.202403111256/tools/bin/../lib/gcc/arm-none-eabi/12.3.1/../../../../arm-none-eabi/lib/thumb/v7e-m+fp/hard\libc_nano.a(libc_a-wbuf.o)
                              C:/ST/STM32CubeIDE_1.13.2/STM32CubeIDE/plugins/com.st.stm32cube.ide.mcu.externaltools.gnu-tools-for-stm32.12.3.rel1.win32_1.0.100.202403111256/tools/bin/../lib/gcc/arm-none-eabi/12.3.1/../../../../arm-none-eabi/lib/thumb/v7e-m+fp/hard\libc_nano.a(libc_a-puts.o) (__swbuf_r)
C:/ST/STM32CubeIDE_1.13.2/STM32CubeIDE/plugins/com.st.stm32cube.ide.mcu.externaltools.gnu-tools-for-stm32.12.3.rel1.win32_1.0.100.202403111256/tools/bin/../lib/gcc/arm-none-eabi/12.3.1/../../../../arm-none-eabi/lib/thumb/v7e-m+fp/hard\libc_nano.a(libc_a-wsetup.o)
                              C:/ST/STM32CubeIDE_1.13.2/STM32CubeIDE/plugins/com.st.stm32cube.ide.mcu.externaltools.gnu-tools-for-stm32.12.3.rel1.win32_1.0.100.202403111256/tools/bin/../lib/gcc/arm-none-eabi/12.3.1/../../../../arm-none-eabi/lib/thumb/v7e-m+fp/hard\libc_nano.a(libc_a-puts.o) (__swsetup_r)
C:/ST/STM32CubeIDE_1.13.2/STM32CubeIDE/plugins/com.st.stm32cube.ide.mcu.externaltools.gnu-tools-for-stm32.12.3.rel1.win32_1.0.100.202403111256/tools/bin/../lib/gcc/arm-none-eabi/12.3.1/../../../../arm-none-eabi/lib/thumb/v7e-m+fp/hard\libc_nano.a(libc_a-memset.o)
                              C:/ST/STM32CubeIDE_1.13.2/STM32CubeIDE/plugins/com.st.stm32cube.ide.mcu.externaltools.gnu-tools-for-stm32.12.3.rel1.win32_1.0.100.202403111256/tools/bin/../lib/gcc/arm-none-eabi/12.3.1/../../../../arm-none-eabi/lib/thumb/v7e-m+fp/hard/crt0.o (memset)
C:/ST/STM32CubeIDE_1.13.2/STM32CubeIDE/plugins/com.st.stm32cube.ide.mcu.externaltools.gnu-tools-for-stm32.12.3.rel1.win32_1.0.100.202403111256/tools/bin/../lib/gcc/arm-none-eabi/12.3.1/../../../../arm-none-eabi/lib/thumb/v7e-m+fp/hard\libc_nano.a(libc_a-closer.o)
                              C:/ST/STM32CubeIDE_1.13.2/STM32CubeIDE/plugins/com.st.stm32cube.ide.mcu.externaltools.gnu-tools-for-stm32.12.3.rel1.win32_1.0.100.202403111256/tools/bin/../lib/gcc/arm-none-eabi/12.3.1/../../../../arm-none-eabi/lib/thumb/v7e-m+fp/hard\libc_nano.a(libc_a-stdio.o) (_close_r)
C:/ST/STM32CubeIDE_1.13.2/STM32CubeIDE/plugins/com.st.stm32cube.ide.mcu.externaltools.gnu-tools-for-stm32.12.3.rel1.win32_1.0.100.202403111256/tools/bin/../lib/gcc/arm-none-eabi/12.3.1/../../../../arm-none-eabi/lib/thumb/v7e-m+fp/hard\libc_nano.a(libc_a-reent.o)
[...]
Memory Configuration

Name             Origin             Length             Attributes
RAM              0x20000000         0x00010000         xrw
RAM2             0x10000000         0x00004000         xrw
FLASH            0x08000000         0x00020000         xr
*default*        0x00000000         0xffffffff

Linker script and memory map

LOAD C:/ST/STM32CubeIDE_1.13.2/STM32CubeIDE/plugins/com.st.stm32cube.ide.mcu.externaltools.gnu-tools-for-stm32.12.3.rel1.win32_1.0.100.202403111256/tools/bin/../lib/gcc/arm-none-eabi/12.3.1/thumb/v7e-m+fp/hard/crti.o
LOAD C:/ST/STM32CubeIDE_1.13.2/STM32CubeIDE/plugins/com.st.stm32cube.ide.mcu.externaltools.gnu-tools-for-stm32.12.3.rel1.win32_1.0.100.202403111256/tools/bin/../lib/gcc/arm-none-eabi/12.3.1/thumb/v7e-m+fp/hard/crtbegin.o
LOAD C:/ST/STM32CubeIDE_1.13.2/STM32CubeIDE/plugins/com.st.stm32cube.ide.mcu.externaltools.gnu-tools-for-stm32.12.3.rel1.win32_1.0.100.202403111256/tools/bin/../lib/gcc/arm-none-eabi/12.3.1/../../../../arm-none-eabi/lib/thumb/v7e-m+fp/hard/crt0.o
LOAD ./Core/Src/freertos.o
LOAD ./Core/Src/main.o
LOAD ./Core/Src/stm32l4xx_hal_msp.o
LOAD ./Core/Src/stm32l4xx_hal_timebase_tim.o
LOAD ./Core/Src/stm32l4xx_it.o
LOAD ./Core/Src/syscalls.o
LOAD ./Core/Src/sysmem.o
LOAD ./Core/Src/system_stm32l4xx.o
LOAD ./Core/Startup/startup_stm32l431rbtx.o
LOAD ./Core/device/power/power.o
LOAD ./Core/support/uart_dma/uart_dma.o
LOAD ./Drivers/STM32L4xx_HAL_Driver/Src/stm32l4xx_hal.o
LOAD ./Drivers/STM32L4xx_HAL_Driver/Src/stm32l4xx_hal_cortex.o
LOAD ./Drivers/STM32L4xx_HAL_Driver/Src/stm32l4xx_hal_crc.o
LOAD ./Drivers/STM32L4xx_HAL_Driver/Src/stm32l4xx_hal_crc_ex.o
LOAD ./Drivers/STM32L4xx_HAL_Driver/Src/stm32l4xx_hal_dma.o
LOAD ./Drivers/STM32L4xx_HAL_Driver/Src/stm32l4xx_hal_dma_ex.o
LOAD ./Drivers/STM32L4xx_HAL_Driver/Src/stm32l4xx_hal_exti.o
LOAD ./Drivers/STM32L4xx_HAL_Driver/Src/stm32l4xx_hal_flash.o
LOAD ./Drivers/STM32L4xx_HAL_Driver/Src/stm32l4xx_hal_flash_ex.o
LOAD ./Drivers/STM32L4xx_HAL_Driver/Src/stm32l4xx_hal_flash_ramfunc.o
LOAD ./Drivers/STM32L4xx_HAL_Driver/Src/stm32l4xx_hal_gpio.o
LOAD ./Drivers/STM32L4xx_HAL_Driver/Src/stm32l4xx_hal_i2c.o
LOAD ./Drivers/STM32L4xx_HAL_Driver/Src/stm32l4xx_hal_i2c_ex.o
LOAD ./Drivers/STM32L4xx_HAL_Driver/Src/stm32l4xx_hal_lptim.o
LOAD ./Drivers/STM32L4xx_HAL_Driver/Src/stm32l4xx_hal_pwr.o
LOAD ./Drivers/STM32L4xx_HAL_Driver/Src/stm32l4xx_hal_pwr_ex.o
LOAD ./Drivers/STM32L4xx_HAL_Driver/Src/stm32l4xx_hal_rcc.o
LOAD ./Drivers/STM32L4xx_HAL_Driver/Src/stm32l4xx_hal_rcc_ex.o
LOAD ./Drivers/STM32L4xx_HAL_Driver/Src/stm32l4xx_hal_rtc.o
LOAD ./Drivers/STM32L4xx_HAL_Driver/Src/stm32l4xx_hal_rtc_ex.o
LOAD ./Drivers/STM32L4xx_HAL_Driver/Src/stm32l4xx_hal_sd.o
LOAD ./Drivers/STM32L4xx_HAL_Driver/Src/stm32l4xx_hal_sd_ex.o
LOAD ./Drivers/STM32L4xx_HAL_Driver/Src/stm32l4xx_hal_spi.o
LOAD ./Drivers/STM32L4xx_HAL_Driver/Src/stm32l4xx_hal_spi_ex.o
LOAD ./Drivers/STM32L4xx_HAL_Driver/Src/stm32l4xx_hal_tim.o
LOAD ./Drivers/STM32L4xx_HAL_Driver/Src/stm32l4xx_hal_tim_ex.o
LOAD ./Drivers/STM32L4xx_HAL_Driver/Src/stm32l4xx_hal_uart.o
LOAD ./Drivers/STM32L4xx_HAL_Driver/Src/stm32l4xx_hal_uart_ex.o
LOAD ./Drivers/STM32L4xx_HAL_Driver/Src/stm32l4xx_ll_dma.o
LOAD ./Drivers/STM32L4xx_HAL_Driver/Src/stm32l4xx_ll_exti.o
LOAD ./Drivers/STM32L4xx_HAL_Driver/Src/stm32l4xx_ll_gpio.o
LOAD ./Drivers/STM32L4xx_HAL_Driver/Src/stm32l4xx_ll_rcc.o
LOAD ./Drivers/STM32L4xx_HAL_Driver/Src/stm32l4xx_ll_sdmmc.o
LOAD ./Drivers/STM32L4xx_HAL_Driver/Src/stm32l4xx_ll_usart.o
LOAD ./Drivers/STM32L4xx_HAL_Driver/Src/stm32l4xx_ll_utils.o
LOAD ./FATFS/App/fatfs.o
LOAD ./FATFS/Target/bsp_driver_sd.o
LOAD ./FATFS/Target/fatfs_platform.o
LOAD ./FATFS/Target/sd_diskio.o
LOAD ./Middlewares/Third_Party/FatFs/src/diskio.o
LOAD ./Middlewares/Third_Party/FatFs/src/ff.o
LOAD ./Middlewares/Third_Party/FatFs/src/ff_gen_drv.o
LOAD ./Middlewares/Third_Party/FatFs/src/option/syscall.o
LOAD ./Middlewares/Third_Party/FreeRTOS/Source/CMSIS_RTOS_V2/cmsis_os2.o
LOAD ./Middlewares/Third_Party/FreeRTOS/Source/croutine.o
LOAD ./Middlewares/Third_Party/FreeRTOS/Source/event_groups.o
LOAD ./Middlewares/Third_Party/FreeRTOS/Source/list.o
LOAD ./Middlewares/Third_Party/FreeRTOS/Source/queue.o
LOAD ./Middlewares/Third_Party/FreeRTOS/Source/stream_buffer.o
LOAD ./Middlewares/Third_Party/FreeRTOS/Source/tasks.o
LOAD ./Middlewares/Third_Party/FreeRTOS/Source/timers.o
LOAD ./Middlewares/Third_Party/FreeRTOS/Source/portable/GCC/ARM_CM4F/port.o
LOAD ./Middlewares/Third_Party/FreeRTOS/Source/portable/MemMang/heap_4.o
START GROUP
LOAD C:/ST/STM32CubeIDE_1.13.2/STM32CubeIDE/plugins/com.st.stm32cube.ide.mcu.externaltools.gnu-tools-for-stm32.12.3.rel1.win32_1.0.100.202403111256/tools/bin/../lib/gcc/arm-none-eabi/12.3.1/../../../../arm-none-eabi/lib/thumb/v7e-m+fp/hard\libc_nano.a
LOAD C:/ST/STM32CubeIDE_1.13.2/STM32CubeIDE/plugins/com.st.stm32cube.ide.mcu.externaltools.gnu-tools-for-stm32.12.3.rel1.win32_1.0.100.202403111256/tools/bin/../lib/gcc/arm-none-eabi/12.3.1/../../../../arm-none-eabi/lib/thumb/v7e-m+fp/hard\libm.a
END GROUP
START GROUP
LOAD C:/ST/STM32CubeIDE_1.13.2/STM32CubeIDE/plugins/com.st.stm32cube.ide.mcu.externaltools.gnu-tools-for-stm32.12.3.rel1.win32_1.0.100.202403111256/tools/bin/../lib/gcc/arm-none-eabi/12.3.1/thumb/v7e-m+fp/hard\libgcc.a
LOAD C:/ST/STM32CubeIDE_1.13.2/STM32CubeIDE/plugins/com.st.stm32cube.ide.mcu.externaltools.gnu-tools-for-stm32.12.3.rel1.win32_1.0.100.202403111256/tools/bin/../lib/gcc/arm-none-eabi/12.3.1/../../../../arm-none-eabi/lib/thumb/v7e-m+fp/hard\libc_nano.a
END GROUP
START GROUP
LOAD C:/ST/STM32CubeIDE_1.13.2/STM32CubeIDE/plugins/com.st.stm32cube.ide.mcu.externaltools.gnu-tools-for-stm32.12.3.rel1.win32_1.0.100.202403111256/tools/bin/../lib/gcc/arm-none-eabi/12.3.1/thumb/v7e-m+fp/hard\libgcc.a
LOAD C:/ST/STM32CubeIDE_1.13.2/STM32CubeIDE/plugins/com.st.stm32cube.ide.mcu.externaltools.gnu-tools-for-stm32.12.3.rel1.win32_1.0.100.202403111256/tools/bin/../lib/gcc/arm-none-eabi/12.3.1/../../../../arm-none-eabi/lib/thumb/v7e-m+fp/hard\libc_nano.a
LOAD C:/ST/STM32CubeIDE_1.13.2/STM32CubeIDE/plugins/com.st.stm32cube.ide.mcu.externaltools.gnu-tools-for-stm32.12.3.rel1.win32_1.0.100.202403111256/tools/bin/../lib/gcc/arm-none-eabi/12.3.1/../../../../arm-none-eabi/lib/thumb/v7e-m+fp/hard\libnosys.a
END GROUP
START GROUP
LOAD C:/ST/STM32CubeIDE_1.13.2/STM32CubeIDE/plugins/com.st.stm32cube.ide.mcu.externaltools.gnu-tools-for-stm32.12.3.rel1.win32_1.0.100.202403111256/tools/bin/../lib/gcc/arm-none-eabi/12.3.1/thumb/v7e-m+fp/hard\libgcc.a
LOAD C:/ST/STM32CubeIDE_1.13.2/STM32CubeIDE/plugins/com.st.stm32cube.ide.mcu.externaltools.gnu-tools-for-stm32.12.3.rel1.win32_1.0.100.202403111256/tools/bin/../lib/gcc/arm-none-eabi/12.3.1/../../../../arm-none-eabi/lib/thumb/v7e-m+fp/hard\libc_nano.a
LOAD C:/ST/STM32CubeIDE_1.13.2/STM32CubeIDE/plugins/com.st.stm32cube.ide.mcu.externaltools.gnu-tools-for-stm32.12.3.rel1.win32_1.0.100.202403111256/tools/bin/../lib/gcc/arm-none-eabi/12.3.1/../../../../arm-none-eabi/lib/thumb/v7e-m+fp/hard\libnosys.a
END GROUP
LOAD C:/ST/STM32CubeIDE_1.13.2/STM32CubeIDE/plugins/com.st.stm32cube.ide.mcu.externaltools.gnu-tools-for-stm32.12.3.rel1.win32_1.0.100.202403111256/tools/bin/../lib/gcc/arm-none-eabi/12.3.1/thumb/v7e-m+fp/hard/crtend.o
LOAD C:/ST/STM32CubeIDE_1.13.2/STM32CubeIDE/plugins/com.st.stm32cube.ide.mcu.externaltools.gnu-tools-for-stm32.12.3.rel1.win32_1.0.100.202403111256/tools/bin/../lib/gcc/arm-none-eabi/12.3.1/thumb/v7e-m+fp/hard/crtn.o
                0x20010000                        _estack = (ORIGIN (RAM) + LENGTH (RAM))
                0x00000400                        _Min_Heap_Size = 0x400
                0x00000800                        _Min_Stack_Size = 0x800

.isr_vector     0x08000000      0x18c
                0x08000000                        . = ALIGN (0x4)
 *(.isr_vector)
 .isr_vector    0x08000000      0x18c ./Core/Startup/startup_stm32l431rbtx.o
                0x08000000                g_pfnVectors
                0x0800018c                        . = ALIGN (0x4)

.text           0x08000190     0xf6c0
                0x08000190                        . = ALIGN (0x4)
 *(.text)
 .text          0x08000190       0x40 C:/ST/STM32CubeIDE_1.13.2/STM32CubeIDE/plugins/com.st.stm32cube.ide.mcu.externaltools.gnu-tools-for-stm32.12.3.rel1.win32_1.0.100.202403111256/tools/bin/../lib/gcc/arm-none-eabi/12.3.1/thumb/v7e-m+fp/hard/crtbegin.o
 .text          0x080001d0       0x10 C:/ST/STM32CubeIDE_1.13.2/STM32CubeIDE/plugins/com.st.stm32cube.ide.mcu.externaltools.gnu-tools-for-stm32.12.3.rel1.win32_1.0.100.202403111256/tools/bin/../lib/gcc/arm-none-eabi/12.3.1/../../../../arm-none-eabi/lib/thumb/v7e-m+fp/hard\libc_nano.a(libc_a-strlen.o)
                0x080001d0                strlen
 .text          0x080001e0       0x30 C:/ST/STM32CubeIDE_1.13.2/STM32CubeIDE/plugins/com.st.stm32cube.ide.mcu.externaltools.gnu-tools-for-stm32.12.3.rel1.win32_1.0.100.202403111256/tools/bin/../lib/gcc/arm-none-eabi/12.3.1/thumb/v7e-m+fp/hard\libgcc.a(_aeabi_uldivmod.o)
                0x080001e0                __aeabi_uldivmod
 .text          0x08000210      0x2bc C:/ST/STM32CubeIDE_1.13.2/STM32CubeIDE/plugins/com.st.stm32cube.ide.mcu.externaltools.gnu-tools-for-stm32.12.3.rel1.win32_1.0.100.202403111256/tools/bin/../lib/gcc/arm-none-eabi/12.3.1/thumb/v7e-m+fp/hard\libgcc.a(_udivmoddi4.o)
                0x08000210                __udivmoddi4
 .text          0x080004cc        0x4 C:/ST/STM32CubeIDE_1.13.2/STM32CubeIDE/plugins/com.st.stm32cube.ide.mcu.externaltools.gnu-tools-for-stm32.12.3.rel1.win32_1.0.100.202403111256/tools/bin/../lib/gcc/arm-none-eabi/12.3.1/thumb/v7e-m+fp/hard\libgcc.a(_dvmd_tls.o)
                0x080004cc                __aeabi_idiv0
                0x080004cc                __aeabi_ldiv0
 *(.text*)
 .text.__NVIC_GetPriorityGrouping
                0x080004d0       0x1c ./Core/Src/main.o
 .text.__NVIC_EnableIRQ
                0x080004ec       0x3c ./Core/Src/main.o
 .text.__NVIC_SetPriority
                0x08000528       0x54 ./Core/Src/main.o
 .text.NVIC_EncodePriority
                0x0800057c       0x66 ./Core/Src/main.o
 .text.ITM_SendChar
                0x080005e2       0x4e ./Core/Src/main.o
 .text.LL_USART_Enable
                0x08000630       0x20 ./Core/Src/main.o
 .text.LL_USART_ConfigAsyncMode
                0x08000650       0x2c ./Core/Src/main.o
 .text.LL_AHB2_GRP1_EnableClock
                0x0800067c       0x30 ./Core/Src/main.o
 .text.LL_APB1_GRP1_EnableClock
                0x080006ac       0x30 ./Core/Src/main.o
 .text.LL_APB2_GRP1_EnableClock
                0x080006dc       0x30 ./Core/Src/main.o
 .text.LL_DMA_SetDataTransferDirection
                0x0800070c       0x50 ./Core/Src/main.o
 .text.LL_DMA_SetMode
                0x0800075c       0x4c ./Core/Src/main.o
 .text.LL_DMA_SetPeriphIncMode
                0x080007a8       0x4c ./Core/Src/main.o
 .text.LL_DMA_SetMemoryIncMode
                0x080007f4       0x4c ./Core/Src/main.o
 .text.LL_DMA_SetPeriphSize
                0x08000840       0x4c ./Core/Src/main.o
 .text.LL_DMA_SetMemorySize
                0x0800088c       0x4c ./Core/Src/main.o
 .text.LL_DMA_SetChannelPriorityLevel
                0x080008d8       0x4c ./Core/Src/main.o
 .text.LL_DMA_SetPeriphRequest
                0x08000924       0x64 ./Core/Src/main.o
 .text.LL_DMA_IsActiveFlag_TC5
                0x08000988       0x28 ./Core/Src/main.o
 .text.LL_DMA_IsActiveFlag_HT5
                0x080009b0       0x28 ./Core/Src/main.o
 .text.LL_DMA_ClearFlag_TC5
                0x080009d8       0x1c ./Core/Src/main.o
 .text.LL_DMA_ClearFlag_HT5
                0x080009f4       0x1c ./Core/Src/main.o
 .text.LL_DMA_EnableIT_TC
                0x08000a10       0x44 ./Core/Src/main.o
 .text.LL_DMA_EnableIT_HT
                0x08000a54       0x44 ./Core/Src/main.o
 .text.main     0x08000a98       0xe0 ./Core/Src/main.o
                0x08000a98                main
 .text.SystemClock_Config
                0x08000b78       0xac ./Core/Src/main.o
                0x08000b78                SystemClock_Config
 .text.MX_CRC_Init
                0x08000c24       0x44 ./Core/Src/main.o
 .text.MX_I2C1_Init
                0x08000c68       0x80 ./Core/Src/main.o
 .text.MX_I2C2_Init
                0x08000ce8       0x80 ./Core/Src/main.o
 .text.MX_I2C3_Init
                0x08000d68       0x80 ./Core/Src/main.o
 .text.MX_LPTIM2_Init
                0x08000de8       0x68 ./Core/Src/main.o
 .text.MX_RTC_Init
                0x08000e50      0x120 ./Core/Src/main.o
 .text.MX_SDMMC1_SD_Init
                0x08000f70       0x44 ./Core/Src/main.o
 .text.MX_SPI1_Init
                0x08000fb4       0x7c ./Core/Src/main.o
 .text.MX_SPI2_Init
                0x08001030       0x7c ./Core/Src/main.o
 .text.MX_TIM1_Init
                0x080010ac      0x158 ./Core/Src/main.o
 .text.MX_USART1_UART_Init
                0x08001204      0x198 ./Core/Src/main.o
 .text.MX_USART2_UART_Init
                0x0800139c      0x194 ./Core/Src/main.o
 .text.MX_USART3_UART_Init
                0x08001530       0x60 ./Core/Src/main.o
 .text.MX_DMA_Init
                0x08001590      0x124 ./Core/Src/main.o
 .text.MX_GPIO_Init
                0x080016b4      0x138 ./Core/Src/main.o
 .text._write   0x080017ec       0x38 ./Core/Src/main.o
                0x080017ec                _write
 .text.StartMainTask
                0x08001824       0x10 ./Core/Src/main.o
                0x08001824                StartMainTask
 .text.HAL_TIM_PeriodElapsedCallback
                0x08001834       0x24 ./Core/Src/main.o
                0x08001834                HAL_TIM_PeriodElapsedCallback
 .text.Error_Handler
                0x08001858        0xc ./Core/Src/main.o
                0x08001858                Error_Handler
 .text.HAL_MspInit
                0x08001864       0x50 ./Core/Src/stm32l4xx_hal_msp.o
                0x08001864                HAL_MspInit
 .text.HAL_CRC_MspInit
                0x080018b4       0x40 ./Core/Src/stm32l4xx_hal_msp.o
                0x080018b4                HAL_CRC_MspInit
 .text.HAL_I2C_MspInit
                0x080018f4      0x290 ./Core/Src/stm32l4xx_hal_msp.o
                0x080018f4                HAL_I2C_MspInit
 .text.HAL_LPTIM_MspInit
                0x08001b84       0xb4 ./Core/Src/stm32l4xx_hal_msp.o
                0x08001b84                HAL_LPTIM_MspInit
 .text.HAL_RTC_MspInit
                0x08001c38       0x60 ./Core/Src/stm32l4xx_hal_msp.o
                0x08001c38                HAL_RTC_MspInit
 .text.HAL_SD_MspInit
                0x08001c98      0x1c8 ./Core/Src/stm32l4xx_hal_msp.o
                0x08001c98                HAL_SD_MspInit
 .text.HAL_SPI_MspInit
                0x08001e60      0x124 ./Core/Src/stm32l4xx_hal_msp.o
                0x08001e60                HAL_SPI_MspInit
 .text.HAL_TIM_Base_MspInit
                0x08001f84       0x98 ./Core/Src/stm32l4xx_hal_msp.o
                0x08001f84                HAL_TIM_Base_MspInit
 .text.HAL_TIM_MspPostInit
                0x0800201c       0x70 ./Core/Src/stm32l4xx_hal_msp.o
                0x0800201c                HAL_TIM_MspPostInit
 .text.HAL_UART_MspInit
                0x0800208c      0x11c ./Core/Src/stm32l4xx_hal_msp.o
                0x0800208c                HAL_UART_MspInit
 .text.HAL_InitTick
                0x080021a8       0xf4 ./Core/Src/stm32l4xx_hal_timebase_tim.o
                0x080021a8                HAL_InitTick
 .text.NMI_Handler
                0x0800229c        0x8 ./Core/Src/stm32l4xx_it.o
                0x0800229c                NMI_Handler
 .text.HardFault_Handler
                0x080022a4        0x8 ./Core/Src/stm32l4xx_it.o
                0x080022a4                HardFault_Handler
 .text.MemManage_Handler
                0x080022ac        0x8 ./Core/Src/stm32l4xx_it.o
                0x080022ac                MemManage_Handler
 .text.BusFault_Handler
                0x080022b4        0x8 ./Core/Src/stm32l4xx_it.o
                0x080022b4                BusFault_Handler
 .text.UsageFault_Handler
                0x080022bc        0x8 ./Core/Src/stm32l4xx_it.o
                0x080022bc                UsageFault_Handler
 .text.DebugMon_Handler
                0x080022c4        0xe ./Core/Src/stm32l4xx_it.o
                0x080022c4                DebugMon_Handler
 *fill*         0x080022d2        0x2 
 .text.DMA1_Channel2_IRQHandler
                0x080022d4       0x14 ./Core/Src/stm32l4xx_it.o
                0x080022d4                DMA1_Channel2_IRQHandler
 .text.DMA1_Channel3_IRQHandler
                0x080022e8       0x14 ./Core/Src/stm32l4xx_it.o
                0x080022e8                DMA1_Channel3_IRQHandler
 .text.DMA1_Channel4_IRQHandler
                0x080022fc        0xe ./Core/Src/stm32l4xx_it.o
                0x080022fc                DMA1_Channel4_IRQHandler
 *fill*         0x0800230a        0x2 
 .text.DMA1_Channel5_IRQHandler
                0x0800230c       0x14 ./Core/Src/stm32l4xx_it.o
                0x0800230c                DMA1_Channel5_IRQHandler
 .text.DMA1_Channel6_IRQHandler
                0x08002320        0xe ./Core/Src/stm32l4xx_it.o
                0x08002320                DMA1_Channel6_IRQHandler
 .text.DMA1_Channel7_IRQHandler
                0x0800232e        0xe ./Core/Src/stm32l4xx_it.o
                0x0800232e                DMA1_Channel7_IRQHandler
 .text.I2C1_ER_IRQHandler
                0x0800233c       0x14 ./Core/Src/stm32l4xx_it.o
                0x0800233c                I2C1_ER_IRQHandler
 .text.USART1_IRQHandler
                0x08002350       0x14 ./Core/Src/stm32l4xx_it.o
                0x08002350                USART1_IRQHandler
 .text.USART2_IRQHandler
                0x08002364        0xe ./Core/Src/stm32l4xx_it.o
                0x08002364                USART2_IRQHandler
 *fill*         0x08002372        0x2 
 .text.USART3_IRQHandler
                0x08002374       0x14 ./Core/Src/stm32l4xx_it.o
                0x08002374                USART3_IRQHandler
 .text.SDMMC1_IRQHandler
                0x08002388       0x14 ./Core/Src/stm32l4xx_it.o
                0x08002388                SDMMC1_IRQHandler
 .text.TIM6_DAC_IRQHandler
                0x0800239c       0x14 ./Core/Src/stm32l4xx_it.o
                0x0800239c                TIM6_DAC_IRQHandler
 .text.DMA2_Channel4_IRQHandler
                0x080023b0       0x14 ./Core/Src/stm32l4xx_it.o
                0x080023b0                DMA2_Channel4_IRQHandler
 .text.DMA2_Channel5_IRQHandler
                0x080023c4       0x14 ./Core/Src/stm32l4xx_it.o
                0x080023c4                DMA2_Channel5_IRQHandler
 .text.DMA2_Channel6_IRQHandler
                0x080023d8       0x14 ./Core/Src/stm32l4xx_it.o
                0x080023d8                DMA2_Channel6_IRQHandler
 .text.DMA2_Channel7_IRQHandler
                0x080023ec       0x14 ./Core/Src/stm32l4xx_it.o
                0x080023ec                DMA2_Channel7_IRQHandler
 .text._read    0x08002400       0x3a ./Core/Src/syscalls.o
                0x08002400                _read
 .text._close   0x0800243a       0x18 ./Core/Src/syscalls.o
                0x0800243a                _close
 .text._fstat   0x08002452       0x20 ./Core/Src/syscalls.o
                0x08002452                _fstat
 .text._isatty  0x08002472       0x16 ./Core/Src/syscalls.o
                0x08002472                _isatty
 .text._lseek   0x08002488       0x1a ./Core/Src/syscalls.o
                0x08002488                _lseek
 *fill*         0x080024a2        0x2 
 .text._sbrk    0x080024a4       0x6c ./Core/Src/sysmem.o
                0x080024a4                _sbrk
 .text.SystemInit
                0x08002510       0x24 ./Core/Src/system_stm32l4xx.o
                0x08002510                SystemInit
 .text.Reset_Handler
                0x08002534       0x50 ./Core/Startup/startup_stm32l431rbtx.o
                0x08002534                Reset_Handler
 .text.Default_Handler
                0x08002584        0x2 ./Core/Startup/startup_stm32l431rbtx.o
                0x08002584                RTC_Alarm_IRQHandler
                0x08002584                EXTI2_IRQHandler
                0x08002584                TIM1_CC_IRQHandler
                0x08002584                TSC_IRQHandler
                0x08002584                TAMP_STAMP_IRQHandler
                0x08002584                EXTI3_IRQHandler
                0x08002584                LPTIM2_IRQHandler
                0x08002584                I2C3_ER_IRQHandler
                0x08002584                EXTI0_IRQHandler
                0x08002584                I2C2_EV_IRQHandler
                0x08002584                CAN1_RX0_IRQHandler
                0x08002584                FPU_IRQHandler
                0x08002584                TIM1_UP_TIM16_IRQHandler
                0x08002584                SPI1_IRQHandler
                0x08002584                DMA2_Channel2_IRQHandler
                0x08002584                ADC1_IRQHandler
                0x08002584                CAN1_RX1_IRQHandler
                0x08002584                DMA2_Channel1_IRQHandler
                0x08002584                QUADSPI_IRQHandler
                0x08002584                I2C1_EV_IRQHandler
                0x08002584                RCC_IRQHandler
                0x08002584                TIM1_TRG_COM_IRQHandler
                0x08002584                DMA1_Channel1_IRQHandler
                0x08002584                Default_Handler
                0x08002584                EXTI15_10_IRQHandler
                0x08002584                TIM7_IRQHandler
                0x08002584                I2C3_EV_IRQHandler
                0x08002584                EXTI9_5_IRQHandler
                0x08002584                RTC_WKUP_IRQHandler
                0x08002584                PVD_PVM_IRQHandler
                0x08002584                SPI2_IRQHandler
                0x08002584                CAN1_TX_IRQHandler
                0x08002584                CRS_IRQHandler
                0x08002584                EXTI4_IRQHandler
                0x08002584                RNG_IRQHandler
                0x08002584                COMP_IRQHandler
                0x08002584                WWDG_IRQHandler
                0x08002584                LPUART1_IRQHandler
                0x08002584                TIM2_IRQHandler
                0x08002584                EXTI1_IRQHandler
                0x08002584                I2C2_ER_IRQHandler
                0x08002584                CAN1_SCE_IRQHandler
                0x08002584                FLASH_IRQHandler
                0x08002584                SPI3_IRQHandler
                0x08002584                SWPMI1_IRQHandler
                0x08002584                LPTIM1_IRQHandler
                0x08002584                SAI1_IRQHandler
                0x08002584                DMA2_Channel3_IRQHandler
                0x08002584                TIM1_BRK_TIM15_IRQHandler
 .text.LL_USART_IsActiveFlag_IDLE
                0x08002586       0x26 ./Core/support/uart_dma/uart_dma.o
 .text.LL_USART_IsActiveFlag_TC
                0x080025ac       0x26 ./Core/support/uart_dma/uart_dma.o
 .text.LL_USART_IsActiveFlag_TXE
                0x080025d2       0x26 ./Core/support/uart_dma/uart_dma.o
 .text.LL_USART_ClearFlag_IDLE
                0x080025f8       0x1a ./Core/support/uart_dma/uart_dma.o
 .text.LL_USART_IsEnabledIT_IDLE
                0x08002612       0x26 ./Core/support/uart_dma/uart_dma.o
 .text.LL_USART_TransmitData8
                0x08002638       0x20 ./Core/support/uart_dma/uart_dma.o
 .text.LL_DMA_GetDataLength
                0x08002658       0x30 ./Core/support/uart_dma/uart_dma.o
 .text.LL_DMA_IsEnabledIT_TC
                0x08002688       0x3c ./Core/support/uart_dma/uart_dma.o
 .text.LL_DMA_IsEnabledIT_HT
                0x080026c4       0x3c ./Core/support/uart_dma/uart_dma.o
 .text.usart_rx_dma_thread
                0x08002700       0x44 ./Core/support/uart_dma/uart_dma.o
                0x08002700                usart_rx_dma_thread
 .text.usart_rx_check
                0x08002744       0xa0 ./Core/support/uart_dma/uart_dma.o
                0x08002744                usart_rx_check
 .text.usart_process_data
                0x080027e4       0x62 ./Core/support/uart_dma/uart_dma.o
                0x080027e4                usart_process_data
 .text.usart_send_string
                0x08002846       0x24 ./Core/support/uart_dma/uart_dma.o
                0x08002846                usart_send_string
 .text.usart_dma_irq_handler
                0x0800286a       0xa0 ./Core/support/uart_dma/uart_dma.o
                0x0800286a                usart_dma_irq_handler
 .text.usart_irq_handler
                0x0800290a       0x50 ./Core/support/uart_dma/uart_dma.o
                0x0800290a                usart_irq_handler
 .text.HAL_Init
                0x0800295a       0x30 ./Drivers/STM32L4xx_HAL_Driver/Src/stm32l4xx_hal.o
                0x0800295a                HAL_Init
 *fill*         0x0800298a        0x2 
 .text.HAL_IncTick
                0x0800298c       0x28 ./Drivers/STM32L4xx_HAL_Driver/Src/stm32l4xx_hal.o
                0x0800298c                HAL_IncTick
 .text.HAL_GetTick
                0x080029b4       0x18 ./Drivers/STM32L4xx_HAL_Driver/Src/stm32l4xx_hal.o
                0x080029b4                HAL_GetTick
 .text.HAL_Delay
                0x080029cc       0x48 ./Drivers/STM32L4xx_HAL_Driver/Src/stm32l4xx_hal.o
                0x080029cc                HAL_Delay
 .text.__NVIC_SetPriorityGrouping
                0x08002a14       0x48 ./Drivers/STM32L4xx_HAL_Driver/Src/stm32l4xx_hal_cortex.o
 .text.__NVIC_GetPriorityGrouping
                0x08002a5c       0x1c ./Drivers/STM32L4xx_HAL_Driver/Src/stm32l4xx_hal_cortex.o
 .text.__NVIC_EnableIRQ
                0x08002a78       0x3c ./Drivers/STM32L4xx_HAL_Driver/Src/stm32l4xx_hal_cortex.o
 .text.__NVIC_SetPriority
                0x08002ab4       0x54 ./Drivers/STM32L4xx_HAL_Driver/Src/stm32l4xx_hal_cortex.o
 .text.NVIC_EncodePriority
                0x08002b08       0x66 ./Drivers/STM32L4xx_HAL_Driver/Src/stm32l4xx_hal_cortex.o
 .text.HAL_NVIC_SetPriorityGrouping
                0x08002b6e       0x16 ./Drivers/STM32L4xx_HAL_Driver/Src/stm32l4xx_hal_cortex.o
                0x08002b6e                HAL_NVIC_SetPriorityGrouping
 .text.HAL_NVIC_SetPriority
                0x08002b84       0x38 ./Drivers/STM32L4xx_HAL_Driver/Src/stm32l4xx_hal_cortex.o
                0x08002b84                HAL_NVIC_SetPriority
 .text.HAL_NVIC_EnableIRQ
                0x08002bbc       0x1c ./Drivers/STM32L4xx_HAL_Driver/Src/stm32l4xx_hal_cortex.o
                0x08002bbc                HAL_NVIC_EnableIRQ
 .text.HAL_CRC_Init
                0x08002bd8       0xc8 ./Drivers/STM32L4xx_HAL_Driver/Src/stm32l4xx_hal_crc.o
                0x08002bd8                HAL_CRC_Init
 .text.HAL_CRCEx_Polynomial_Set
                0x08002ca0      0x11c ./Drivers/STM32L4xx_HAL_Driver/Src/stm32l4xx_hal_crc_ex.o
                0x08002ca0                HAL_CRCEx_Polynomial_Set
 .text.HAL_DMA_Init
                0x08002dbc      0x170 ./Drivers/STM32L4xx_HAL_Driver/Src/stm32l4xx_hal_dma.o
                0x08002dbc                HAL_DMA_Init
 .text.HAL_DMA_Start_IT
                0x08002f2c       0xc0 ./Drivers/STM32L4xx_HAL_Driver/Src/stm32l4xx_hal_dma.o
                0x08002f2c                HAL_DMA_Start_IT
 .text.HAL_DMA_Abort
                0x08002fec       0x7c ./Drivers/STM32L4xx_HAL_Driver/Src/stm32l4xx_hal_dma.o
                0x08002fec                HAL_DMA_Abort
 .text.HAL_DMA_Abort_IT
                0x08003068       0x82 ./Drivers/STM32L4xx_HAL_Driver/Src/stm32l4xx_hal_dma.o
                0x08003068                HAL_DMA_Abort_IT
 .text.HAL_DMA_IRQHandler
                0x080030ea      0x15e ./Drivers/STM32L4xx_HAL_Driver/Src/stm32l4xx_hal_dma.o
                0x080030ea                HAL_DMA_IRQHandler
 .text.HAL_DMA_GetState
                0x08003248       0x1c ./Drivers/STM32L4xx_HAL_Driver/Src/stm32l4xx_hal_dma.o
                0x08003248                HAL_DMA_GetState
 .text.DMA_SetConfig
                0x08003264       0x60 ./Drivers/STM32L4xx_HAL_Driver/Src/stm32l4xx_hal_dma.o
 .text.HAL_GPIO_Init
                0x080032c4      0x2f4 ./Drivers/STM32L4xx_HAL_Driver/Src/stm32l4xx_hal_gpio.o
                0x080032c4                HAL_GPIO_Init
 .text.HAL_GPIO_ReadPin
                0x080035b8       0x30 ./Drivers/STM32L4xx_HAL_Driver/Src/stm32l4xx_hal_gpio.o
                0x080035b8                HAL_GPIO_ReadPin
 .text.HAL_GPIO_WritePin
                0x080035e8       0x30 ./Drivers/STM32L4xx_HAL_Driver/Src/stm32l4xx_hal_gpio.o
                0x080035e8                HAL_GPIO_WritePin
 .text.HAL_I2C_Init
                0x08003618      0x136 ./Drivers/STM32L4xx_HAL_Driver/Src/stm32l4xx_hal_i2c.o
                0x08003618                HAL_I2C_Init
 .text.HAL_I2C_ER_IRQHandler
                0x0800374e       0xb6 ./Drivers/STM32L4xx_HAL_Driver/Src/stm32l4xx_hal_i2c.o
                0x0800374e                HAL_I2C_ER_IRQHandler
 .text.HAL_I2C_SlaveTxCpltCallback
                0x08003804       0x14 ./Drivers/STM32L4xx_HAL_Driver/Src/stm32l4xx_hal_i2c.o
                0x08003804                HAL_I2C_SlaveTxCpltCallback
 .text.HAL_I2C_SlaveRxCpltCallback
                0x08003818       0x14 ./Drivers/STM32L4xx_HAL_Driver/Src/stm32l4xx_hal_i2c.o
                0x08003818                HAL_I2C_SlaveRxCpltCallback
 .text.HAL_I2C_AddrCallback
                0x0800382c       0x1c ./Drivers/STM32L4xx_HAL_Driver/Src/stm32l4xx_hal_i2c.o
                0x0800382c                HAL_I2C_AddrCallback
 .text.HAL_I2C_ListenCpltCallback
                0x08003848       0x14 ./Drivers/STM32L4xx_HAL_Driver/Src/stm32l4xx_hal_i2c.o
                0x08003848                HAL_I2C_ListenCpltCallback
 .text.HAL_I2C_ErrorCallback
                0x0800385c       0x14 ./Drivers/STM32L4xx_HAL_Driver/Src/stm32l4xx_hal_i2c.o
                0x0800385c                HAL_I2C_ErrorCallback
 .text.HAL_I2C_AbortCpltCallback
                0x08003870       0x14 ./Drivers/STM32L4xx_HAL_Driver/Src/stm32l4xx_hal_i2c.o
                0x08003870                HAL_I2C_AbortCpltCallback
 .text.I2C_Slave_ISR_IT
                0x08003884      0x1f0 ./Drivers/STM32L4xx_HAL_Driver/Src/stm32l4xx_hal_i2c.o
 .text.I2C_ITAddrCplt
                0x08003a74      0x108 ./Drivers/STM32L4xx_HAL_Driver/Src/stm32l4xx_hal_i2c.o
 .text.I2C_ITSlaveSeqCplt
                0x08003b7c       0xb8 ./Drivers/STM32L4xx_HAL_Driver/Src/stm32l4xx_hal_i2c.o
 .text.I2C_ITSlaveCplt
                0x08003c34      0x224 ./Drivers/STM32L4xx_HAL_Driver/Src/stm32l4xx_hal_i2c.o
 .text.I2C_ITListenCplt
                0x08003e58       0xa8 ./Drivers/STM32L4xx_HAL_Driver/Src/stm32l4xx_hal_i2c.o
 .text.I2C_ITError
                0x08003f00      0x1e0 ./Drivers/STM32L4xx_HAL_Driver/Src/stm32l4xx_hal_i2c.o
 .text.I2C_TreatErrorCallback
                0x080040e0       0x4e ./Drivers/STM32L4xx_HAL_Driver/Src/stm32l4xx_hal_i2c.o
 .text.I2C_Flush_TXDR
                0x0800412e       0x48 ./Drivers/STM32L4xx_HAL_Driver/Src/stm32l4xx_hal_i2c.o
 .text.I2C_DMAAbort
                0x08004176       0x3c ./Drivers/STM32L4xx_HAL_Driver/Src/stm32l4xx_hal_i2c.o
 .text.I2C_Disable_IRQ
                0x080041b2       0xbc ./Drivers/STM32L4xx_HAL_Driver/Src/stm32l4xx_hal_i2c.o
 .text.HAL_I2CEx_ConfigAnalogFilter
                0x0800426e       0x96 ./Drivers/STM32L4xx_HAL_Driver/Src/stm32l4xx_hal_i2c_ex.o
                0x0800426e                HAL_I2CEx_ConfigAnalogFilter
 .text.HAL_I2CEx_ConfigDigitalFilter
                0x08004304       0x98 ./Drivers/STM32L4xx_HAL_Driver/Src/stm32l4xx_hal_i2c_ex.o
                0x08004304                HAL_I2CEx_ConfigDigitalFilter
 .text.HAL_LPTIM_Init
                0x0800439c      0x144 ./Drivers/STM32L4xx_HAL_Driver/Src/stm32l4xx_hal_lptim.o
                0x0800439c                HAL_LPTIM_Init
 .text.HAL_PWREx_GetVoltageRange
                0x080044e0       0x1c ./Drivers/STM32L4xx_HAL_Driver/Src/stm32l4xx_hal_pwr_ex.o
                0x080044e0                HAL_PWREx_GetVoltageRange
 .text.HAL_PWREx_ControlVoltageScaling
                0x080044fc       0xac ./Drivers/STM32L4xx_HAL_Driver/Src/stm32l4xx_hal_pwr_ex.o
                0x080044fc                HAL_PWREx_ControlVoltageScaling
 .text.HAL_RCC_OscConfig
                0x080045a8      0x828 ./Drivers/STM32L4xx_HAL_Driver/Src/stm32l4xx_hal_rcc.o
                0x080045a8                HAL_RCC_OscConfig
 .text.HAL_RCC_ClockConfig
                0x08004dd0      0x200 ./Drivers/STM32L4xx_HAL_Driver/Src/stm32l4xx_hal_rcc.o
                0x08004dd0                HAL_RCC_ClockConfig
 .text.HAL_RCC_GetSysClockFreq
                0x08004fd0      0x118 ./Drivers/STM32L4xx_HAL_Driver/Src/stm32l4xx_hal_rcc.o
                0x08004fd0                HAL_RCC_GetSysClockFreq
 .text.HAL_RCC_GetHCLKFreq
                0x080050e8       0x18 ./Drivers/STM32L4xx_HAL_Driver/Src/stm32l4xx_hal_rcc.o
                0x080050e8                HAL_RCC_GetHCLKFreq
 .text.HAL_RCC_GetPCLK1Freq
                0x08005100       0x2c ./Drivers/STM32L4xx_HAL_Driver/Src/stm32l4xx_hal_rcc.o
                0x08005100                HAL_RCC_GetPCLK1Freq
 .text.HAL_RCC_GetPCLK2Freq
                0x0800512c       0x2c ./Drivers/STM32L4xx_HAL_Driver/Src/stm32l4xx_hal_rcc.o
                0x0800512c                HAL_RCC_GetPCLK2Freq
 .text.HAL_RCC_GetClockConfig
                0x08005158       0x64 ./Drivers/STM32L4xx_HAL_Driver/Src/stm32l4xx_hal_rcc.o
                0x08005158                HAL_RCC_GetClockConfig
 .text.RCC_SetFlashLatencyFromMSIRange
                0x080051bc       0xc0 ./Drivers/STM32L4xx_HAL_Driver/Src/stm32l4xx_hal_rcc.o
 .text.HAL_RCCEx_PeriphCLKConfig
                0x0800527c      0x430 ./Drivers/STM32L4xx_HAL_Driver/Src/stm32l4xx_hal_rcc_ex.o
                0x0800527c                HAL_RCCEx_PeriphCLKConfig
 .text.HAL_RCCEx_GetPeriphCLKFreq
                0x080056ac      0x92c ./Drivers/STM32L4xx_HAL_Driver/Src/stm32l4xx_hal_rcc_ex.o
                0x080056ac                HAL_RCCEx_GetPeriphCLKFreq
 .text.RCCEx_PLLSAI1_Config
                0x08005fd8      0x1e4 ./Drivers/STM32L4xx_HAL_Driver/Src/stm32l4xx_hal_rcc_ex.o
 .text.RCCEx_GetSAIxPeriphCLKFreq
                0x080061bc      0x178 ./Drivers/STM32L4xx_HAL_Driver/Src/stm32l4xx_hal_rcc_ex.o
 .text.HAL_RTC_Init
                0x08006334      0x110 ./Drivers/STM32L4xx_HAL_Driver/Src/stm32l4xx_hal_rtc.o
                0x08006334                HAL_RTC_Init
 .text.HAL_RTC_SetTime
                0x08006444      0x13a ./Drivers/STM32L4xx_HAL_Driver/Src/stm32l4xx_hal_rtc.o
                0x08006444                HAL_RTC_SetTime
 .text.HAL_RTC_SetDate
                0x0800657e      0x10e ./Drivers/STM32L4xx_HAL_Driver/Src/stm32l4xx_hal_rtc.o
                0x0800657e                HAL_RTC_SetDate
 .text.HAL_RTC_SetAlarm
                0x0800668c      0x25a ./Drivers/STM32L4xx_HAL_Driver/Src/stm32l4xx_hal_rtc.o
                0x0800668c                HAL_RTC_SetAlarm
 *fill*         0x080068e6        0x2 
 .text.HAL_RTC_WaitForSynchro
                0x080068e8       0x48 ./Drivers/STM32L4xx_HAL_Driver/Src/stm32l4xx_hal_rtc.o
                0x080068e8                HAL_RTC_WaitForSynchro
 .text.RTC_EnterInitMode
                0x08006930       0x66 ./Drivers/STM32L4xx_HAL_Driver/Src/stm32l4xx_hal_rtc.o
                0x08006930                RTC_EnterInitMode
 *fill*         0x08006996        0x2 
 .text.RTC_ExitInitMode
                0x08006998       0x7c ./Drivers/STM32L4xx_HAL_Driver/Src/stm32l4xx_hal_rtc.o
                0x08006998                RTC_ExitInitMode
 .text.RTC_ByteToBcd2
                0x08006a14       0x40 ./Drivers/STM32L4xx_HAL_Driver/Src/stm32l4xx_hal_rtc.o
                0x08006a14                RTC_ByteToBcd2
 .text.HAL_SD_Init
                0x08006a54       0x60 ./Drivers/STM32L4xx_HAL_Driver/Src/stm32l4xx_hal_sd.o
                0x08006a54                HAL_SD_Init
 .text.HAL_SD_InitCard
                0x08006ab4      0x14c ./Drivers/STM32L4xx_HAL_Driver/Src/stm32l4xx_hal_sd.o
                0x08006ab4                HAL_SD_InitCard
 .text.HAL_SD_ReadBlocks_DMA
                0x08006c00      0x190 ./Drivers/STM32L4xx_HAL_Driver/Src/stm32l4xx_hal_sd.o
                0x08006c00                HAL_SD_ReadBlocks_DMA
 .text.HAL_SD_WriteBlocks_DMA
                0x08006d90      0x198 ./Drivers/STM32L4xx_HAL_Driver/Src/stm32l4xx_hal_sd.o
                0x08006d90                HAL_SD_WriteBlocks_DMA
 .text.HAL_SD_IRQHandler
                0x08006f28      0x2ec ./Drivers/STM32L4xx_HAL_Driver/Src/stm32l4xx_hal_sd.o
                0x08006f28                HAL_SD_IRQHandler
 .text.HAL_SD_ErrorCallback
                0x08007214       0x14 ./Drivers/STM32L4xx_HAL_Driver/Src/stm32l4xx_hal_sd.o
                0x08007214                HAL_SD_ErrorCallback
 .text.HAL_SD_GetCardCSD
                0x08007228      0x348 ./Drivers/STM32L4xx_HAL_Driver/Src/stm32l4xx_hal_sd.o
                0x08007228                HAL_SD_GetCardCSD
 .text.HAL_SD_GetCardInfo
                0x08007570       0x58 ./Drivers/STM32L4xx_HAL_Driver/Src/stm32l4xx_hal_sd.o
                0x08007570                HAL_SD_GetCardInfo
 .text.HAL_SD_ConfigWideBusOperation
                0x080075c8      0x178 ./Drivers/STM32L4xx_HAL_Driver/Src/stm32l4xx_hal_sd.o
                0x080075c8                HAL_SD_ConfigWideBusOperation
 .text.HAL_SD_GetCardState
                0x08007740       0x40 ./Drivers/STM32L4xx_HAL_Driver/Src/stm32l4xx_hal_sd.o
                0x08007740                HAL_SD_GetCardState
 .text.SD_DMATransmitCplt
                0x08007780       0x2a ./Drivers/STM32L4xx_HAL_Driver/Src/stm32l4xx_hal_sd.o
 .text.SD_DMAReceiveCplt
                0x080077aa       0x70 ./Drivers/STM32L4xx_HAL_Driver/Src/stm32l4xx_hal_sd.o
 *fill*         0x0800781a        0x2 
 .text.SD_DMAError
                0x0800781c       0x98 ./Drivers/STM32L4xx_HAL_Driver/Src/stm32l4xx_hal_sd.o
 .text.SD_DMATxAbort
                0x080078b4       0x6e ./Drivers/STM32L4xx_HAL_Driver/Src/stm32l4xx_hal_sd.o
 .text.SD_DMARxAbort
                0x08007922       0x6e ./Drivers/STM32L4xx_HAL_Driver/Src/stm32l4xx_hal_sd.o
 .text.SD_InitCard
                0x08007990      0x19c ./Drivers/STM32L4xx_HAL_Driver/Src/stm32l4xx_hal_sd.o
 .text.SD_PowerON
                0x08007b2c      0x11c ./Drivers/STM32L4xx_HAL_Driver/Src/stm32l4xx_hal_sd.o
 .text.SD_SendStatus
                0x08007c48       0x50 ./Drivers/STM32L4xx_HAL_Driver/Src/stm32l4xx_hal_sd.o
 .text.SD_WideBus_Enable
                0x08007c98       0x96 ./Drivers/STM32L4xx_HAL_Driver/Src/stm32l4xx_hal_sd.o
 .text.SD_WideBus_Disable
                0x08007d2e       0x96 ./Drivers/STM32L4xx_HAL_Driver/Src/stm32l4xx_hal_sd.o
 .text.SD_FindSCR
                0x08007dc4      0x194 ./Drivers/STM32L4xx_HAL_Driver/Src/stm32l4xx_hal_sd.o
 .text.SD_Read_IT
                0x08007f58       0xa2 ./Drivers/STM32L4xx_HAL_Driver/Src/stm32l4xx_hal_sd.o
 .text.SD_Write_IT
                0x08007ffa       0xaa ./Drivers/STM32L4xx_HAL_Driver/Src/stm32l4xx_hal_sd.o
 .text.HAL_SPI_Init
                0x080080a4      0x146 ./Drivers/STM32L4xx_HAL_Driver/Src/stm32l4xx_hal_spi.o
                0x080080a4                HAL_SPI_Init
 .text.HAL_TIM_Base_Init
                0x080081ea       0xae ./Drivers/STM32L4xx_HAL_Driver/Src/stm32l4xx_hal_tim.o
                0x080081ea                HAL_TIM_Base_Init
 .text.HAL_TIM_Base_Start_IT
                0x08008298       0xa8 ./Drivers/STM32L4xx_HAL_Driver/Src/stm32l4xx_hal_tim.o
                0x08008298                HAL_TIM_Base_Start_IT
 .text.HAL_TIM_OC_Init
                0x08008340       0xae ./Drivers/STM32L4xx_HAL_Driver/Src/stm32l4xx_hal_tim.o
                0x08008340                HAL_TIM_OC_Init
 .text.HAL_TIM_OC_MspInit
                0x080083ee       0x14 ./Drivers/STM32L4xx_HAL_Driver/Src/stm32l4xx_hal_tim.o
                0x080083ee                HAL_TIM_OC_MspInit
 .text.HAL_TIM_IRQHandler
                0x08008402      0x204 ./Drivers/STM32L4xx_HAL_Driver/Src/stm32l4xx_hal_tim.o
                0x08008402                HAL_TIM_IRQHandler
 *fill*         0x08008606        0x2 
 .text.HAL_TIM_OC_ConfigChannel
                0x08008608       0xf4 ./Drivers/STM32L4xx_HAL_Driver/Src/stm32l4xx_hal_tim.o
                0x08008608                HAL_TIM_OC_ConfigChannel
 .text.HAL_TIM_ConfigClockSource
                0x080086fc      0x192 ./Drivers/STM32L4xx_HAL_Driver/Src/stm32l4xx_hal_tim.o
                0x080086fc                HAL_TIM_ConfigClockSource
 .text.HAL_TIM_OC_DelayElapsedCallback
                0x0800888e       0x14 ./Drivers/STM32L4xx_HAL_Driver/Src/stm32l4xx_hal_tim.o
                0x0800888e                HAL_TIM_OC_DelayElapsedCallback
 .text.HAL_TIM_IC_CaptureCallback
                0x080088a2       0x14 ./Drivers/STM32L4xx_HAL_Driver/Src/stm32l4xx_hal_tim.o
                0x080088a2                HAL_TIM_IC_CaptureCallback
 .text.HAL_TIM_PWM_PulseFinishedCallback
                0x080088b6       0x14 ./Drivers/STM32L4xx_HAL_Driver/Src/stm32l4xx_hal_tim.o
                0x080088b6                HAL_TIM_PWM_PulseFinishedCallback
 .text.HAL_TIM_TriggerCallback
                0x080088ca       0x14 ./Drivers/STM32L4xx_HAL_Driver/Src/stm32l4xx_hal_tim.o
                0x080088ca                HAL_TIM_TriggerCallback
 *fill*         0x080088de        0x2 
 .text.TIM_Base_SetConfig
                0x080088e0       0xc8 ./Drivers/STM32L4xx_HAL_Driver/Src/stm32l4xx_hal_tim.o
                0x080088e0                TIM_Base_SetConfig
 .text.TIM_OC1_SetConfig
                0x080089a8       0xf8 ./Drivers/STM32L4xx_HAL_Driver/Src/stm32l4xx_hal_tim.o
 .text.TIM_OC2_SetConfig
                0x08008aa0       0xf4 ./Drivers/STM32L4xx_HAL_Driver/Src/stm32l4xx_hal_tim.o
                0x08008aa0                TIM_OC2_SetConfig
 .text.TIM_OC3_SetConfig
                0x08008b94       0xf0 ./Drivers/STM32L4xx_HAL_Driver/Src/stm32l4xx_hal_tim.o
 .text.TIM_OC4_SetConfig
                0x08008c84       0xbc ./Drivers/STM32L4xx_HAL_Driver/Src/stm32l4xx_hal_tim.o
 .text.TIM_OC5_SetConfig
                0x08008d40       0xb0 ./Drivers/STM32L4xx_HAL_Driver/Src/stm32l4xx_hal_tim.o
 .text.TIM_OC6_SetConfig
                0x08008df0       0xb4 ./Drivers/STM32L4xx_HAL_Driver/Src/stm32l4xx_hal_tim.o
 .text.TIM_TI1_ConfigInputStage
                0x08008ea4       0x5e ./Drivers/STM32L4xx_HAL_Driver/Src/stm32l4xx_hal_tim.o
 .text.TIM_TI2_ConfigInputStage
                0x08008f02       0x60 ./Drivers/STM32L4xx_HAL_Driver/Src/stm32l4xx_hal_tim.o
 .text.TIM_ITRx_SetConfig
                0x08008f62       0x36 ./Drivers/STM32L4xx_HAL_Driver/Src/stm32l4xx_hal_tim.o
 .text.TIM_ETR_SetConfig
                0x08008f98       0x40 ./Drivers/STM32L4xx_HAL_Driver/Src/stm32l4xx_hal_tim.o
                0x08008f98                TIM_ETR_SetConfig
 .text.HAL_TIMEx_MasterConfigSynchronization
                0x08008fd8       0xcc ./Drivers/STM32L4xx_HAL_Driver/Src/stm32l4xx_hal_tim_ex.o
                0x08008fd8                HAL_TIMEx_MasterConfigSynchronization
 .text.HAL_TIMEx_ConfigBreakDeadTime
                0x080090a4       0xf0 ./Drivers/STM32L4xx_HAL_Driver/Src/stm32l4xx_hal_tim_ex.o
                0x080090a4                HAL_TIMEx_ConfigBreakDeadTime
 .text.HAL_TIMEx_CommutCallback
                0x08009194       0x14 ./Drivers/STM32L4xx_HAL_Driver/Src/stm32l4xx_hal_tim_ex.o
                0x08009194                HAL_TIMEx_CommutCallback
 .text.HAL_TIMEx_BreakCallback
                0x080091a8       0x14 ./Drivers/STM32L4xx_HAL_Driver/Src/stm32l4xx_hal_tim_ex.o
                0x080091a8                HAL_TIMEx_BreakCallback
 .text.HAL_TIMEx_Break2Callback
                0x080091bc       0x14 ./Drivers/STM32L4xx_HAL_Driver/Src/stm32l4xx_hal_tim_ex.o
                0x080091bc                HAL_TIMEx_Break2Callback
 .text.HAL_UART_Init
                0x080091d0       0x9c ./Drivers/STM32L4xx_HAL_Driver/Src/stm32l4xx_hal_uart.o
                0x080091d0                HAL_UART_Init
 .text.HAL_UART_IRQHandler
                0x0800926c      0x5d4 ./Drivers/STM32L4xx_HAL_Driver/Src/stm32l4xx_hal_uart.o
                0x0800926c                HAL_UART_IRQHandler
 .text.HAL_UART_TxCpltCallback
                0x08009840       0x14 ./Drivers/STM32L4xx_HAL_Driver/Src/stm32l4xx_hal_uart.o
                0x08009840                HAL_UART_TxCpltCallback
 .text.HAL_UART_ErrorCallback
                0x08009854       0x14 ./Drivers/STM32L4xx_HAL_Driver/Src/stm32l4xx_hal_uart.o
                0x08009854                HAL_UART_ErrorCallback
 .text.HAL_UARTEx_RxEventCallback
                0x08009868       0x18 ./Drivers/STM32L4xx_HAL_Driver/Src/stm32l4xx_hal_uart.o
                0x08009868                HAL_UARTEx_RxEventCallback
 .text.UART_SetConfig
                0x08009880      0x4b4 ./Drivers/STM32L4xx_HAL_Driver/Src/stm32l4xx_hal_uart.o
                0x08009880                UART_SetConfig
 .text.UART_AdvFeatureConfig
                0x08009d34      0x144 ./Drivers/STM32L4xx_HAL_Driver/Src/stm32l4xx_hal_uart.o
                0x08009d34                UART_AdvFeatureConfig
 .text.UART_CheckIdleState
                0x08009e78      0x150 ./Drivers/STM32L4xx_HAL_Driver/Src/stm32l4xx_hal_uart.o
                0x08009e78                UART_CheckIdleState
 .text.UART_WaitOnFlagUntilTimeout
                0x08009fc8       0xce ./Drivers/STM32L4xx_HAL_Driver/Src/stm32l4xx_hal_uart.o
                0x08009fc8                UART_WaitOnFlagUntilTimeout
 .text.UART_EndRxTransfer
                0x0800a096       0xc8 ./Drivers/STM32L4xx_HAL_Driver/Src/stm32l4xx_hal_uart.o
 .text.UART_DMAAbortOnError
                0x0800a15e       0x2c ./Drivers/STM32L4xx_HAL_Driver/Src/stm32l4xx_hal_uart.o
 .text.UART_EndTransmit_IT
                0x0800a18a       0x54 ./Drivers/STM32L4xx_HAL_Driver/Src/stm32l4xx_hal_uart.o
 .text.HAL_UARTEx_WakeupCallback
                0x0800a1de       0x14 ./Drivers/STM32L4xx_HAL_Driver/Src/stm32l4xx_hal_uart_ex.o
                0x0800a1de                HAL_UARTEx_WakeupCallback
 .text.LL_GPIO_SetPinMode
                0x0800a1f2       0x7a ./Drivers/STM32L4xx_HAL_Driver/Src/stm32l4xx_ll_gpio.o
 .text.LL_GPIO_SetPinOutputType
                0x0800a26c       0x30 ./Drivers/STM32L4xx_HAL_Driver/Src/stm32l4xx_ll_gpio.o
 .text.LL_GPIO_SetPinSpeed
                0x0800a29c       0x7a ./Drivers/STM32L4xx_HAL_Driver/Src/stm32l4xx_ll_gpio.o
 .text.LL_GPIO_SetPinPull
                0x0800a316       0x7a ./Drivers/STM32L4xx_HAL_Driver/Src/stm32l4xx_ll_gpio.o
 .text.LL_GPIO_SetAFPin_0_7
                0x0800a390       0x7a ./Drivers/STM32L4xx_HAL_Driver/Src/stm32l4xx_ll_gpio.o
 .text.LL_GPIO_SetAFPin_8_15
                0x0800a40a       0x7e ./Drivers/STM32L4xx_HAL_Driver/Src/stm32l4xx_ll_gpio.o
 .text.LL_GPIO_Init
                0x0800a488       0xdc ./Drivers/STM32L4xx_HAL_Driver/Src/stm32l4xx_ll_gpio.o
                0x0800a488                LL_GPIO_Init
 .text.LL_RCC_HSI_IsReady
                0x0800a564       0x28 ./Drivers/STM32L4xx_HAL_Driver/Src/stm32l4xx_ll_rcc.o
 .text.LL_RCC_LSE_IsReady
                0x0800a58c       0x28 ./Drivers/STM32L4xx_HAL_Driver/Src/stm32l4xx_ll_rcc.o
 .text.LL_RCC_MSI_IsEnabledRangeSelect
                0x0800a5b4       0x24 ./Drivers/STM32L4xx_HAL_Driver/Src/stm32l4xx_ll_rcc.o
 .text.LL_RCC_MSI_GetRange
                0x0800a5d8       0x1c ./Drivers/STM32L4xx_HAL_Driver/Src/stm32l4xx_ll_rcc.o
 .text.LL_RCC_MSI_GetRangeAfterStandby
                0x0800a5f4       0x1c ./Drivers/STM32L4xx_HAL_Driver/Src/stm32l4xx_ll_rcc.o
 .text.LL_RCC_GetSysClkSource
                0x0800a610       0x1c ./Drivers/STM32L4xx_HAL_Driver/Src/stm32l4xx_ll_rcc.o
 .text.LL_RCC_GetAHBPrescaler
                0x0800a62c       0x1c ./Drivers/STM32L4xx_HAL_Driver/Src/stm32l4xx_ll_rcc.o
 .text.LL_RCC_GetAPB1Prescaler
                0x0800a648       0x1c ./Drivers/STM32L4xx_HAL_Driver/Src/stm32l4xx_ll_rcc.o
 .text.LL_RCC_GetAPB2Prescaler
                0x0800a664       0x1c ./Drivers/STM32L4xx_HAL_Driver/Src/stm32l4xx_ll_rcc.o
 .text.LL_RCC_GetUSARTClockSource
                0x0800a680       0x28 ./Drivers/STM32L4xx_HAL_Driver/Src/stm32l4xx_ll_rcc.o
 .text.LL_RCC_PLL_GetMainSource
                0x0800a6a8       0x1c ./Drivers/STM32L4xx_HAL_Driver/Src/stm32l4xx_ll_rcc.o
 .text.LL_RCC_PLL_GetN
                0x0800a6c4       0x1c ./Drivers/STM32L4xx_HAL_Driver/Src/stm32l4xx_ll_rcc.o
 .text.LL_RCC_PLL_GetR
                0x0800a6e0       0x1c ./Drivers/STM32L4xx_HAL_Driver/Src/stm32l4xx_ll_rcc.o
 .text.LL_RCC_PLL_GetDivider
                0x0800a6fc       0x1c ./Drivers/STM32L4xx_HAL_Driver/Src/stm32l4xx_ll_rcc.o
 .text.LL_RCC_GetUSARTClockFreq
                0x0800a718      0x1c4 ./Drivers/STM32L4xx_HAL_Driver/Src/stm32l4xx_ll_rcc.o
                0x0800a718                LL_RCC_GetUSARTClockFreq
 .text.RCC_GetSystemClockFreq
                0x0800a8dc      0x120 ./Drivers/STM32L4xx_HAL_Driver/Src/stm32l4xx_ll_rcc.o
 .text.RCC_GetHCLKClockFreq
                0x0800a9fc       0x2c ./Drivers/STM32L4xx_HAL_Driver/Src/stm32l4xx_ll_rcc.o
 .text.RCC_GetPCLK1ClockFreq
                0x0800aa28       0x28 ./Drivers/STM32L4xx_HAL_Driver/Src/stm32l4xx_ll_rcc.o
 .text.RCC_GetPCLK2ClockFreq
                0x0800aa50       0x28 ./Drivers/STM32L4xx_HAL_Driver/Src/stm32l4xx_ll_rcc.o
 .text.RCC_PLL_GetFreqDomain_SYS
                0x0800aa78      0x118 ./Drivers/STM32L4xx_HAL_Driver/Src/stm32l4xx_ll_rcc.o
 .text.SDMMC_Init
                0x0800ab90       0x5a ./Drivers/STM32L4xx_HAL_Driver/Src/stm32l4xx_ll_sdmmc.o
                0x0800ab90                SDMMC_Init
 .text.SDMMC_ReadFIFO
                0x0800abea       0x1a ./Drivers/STM32L4xx_HAL_Driver/Src/stm32l4xx_ll_sdmmc.o
                0x0800abea                SDMMC_ReadFIFO
 .text.SDMMC_WriteFIFO
                0x0800ac04       0x22 ./Drivers/STM32L4xx_HAL_Driver/Src/stm32l4xx_ll_sdmmc.o
                0x0800ac04                SDMMC_WriteFIFO
 .text.SDMMC_PowerState_ON
                0x0800ac26       0x1e ./Drivers/STM32L4xx_HAL_Driver/Src/stm32l4xx_ll_sdmmc.o
                0x0800ac26                SDMMC_PowerState_ON
 .text.SDMMC_GetPowerState
                0x0800ac44       0x1c ./Drivers/STM32L4xx_HAL_Driver/Src/stm32l4xx_ll_sdmmc.o
                0x0800ac44                SDMMC_GetPowerState
 .text.SDMMC_SendCommand
                0x0800ac60       0x54 ./Drivers/STM32L4xx_HAL_Driver/Src/stm32l4xx_ll_sdmmc.o
                0x0800ac60                SDMMC_SendCommand
 .text.SDMMC_GetCommandResponse
                0x0800acb4       0x1a ./Drivers/STM32L4xx_HAL_Driver/Src/stm32l4xx_ll_sdmmc.o
                0x0800acb4                SDMMC_GetCommandResponse
 .text.SDMMC_GetResponse
                0x0800acce       0x26 ./Drivers/STM32L4xx_HAL_Driver/Src/stm32l4xx_ll_sdmmc.o
                0x0800acce                SDMMC_GetResponse
 .text.SDMMC_ConfigData
                0x0800acf4       0x58 ./Drivers/STM32L4xx_HAL_Driver/Src/stm32l4xx_ll_sdmmc.o
                0x0800acf4                SDMMC_ConfigData
 .text.SDMMC_CmdBlockLength
                0x0800ad4c       0x44 ./Drivers/STM32L4xx_HAL_Driver/Src/stm32l4xx_ll_sdmmc.o
                0x0800ad4c                SDMMC_CmdBlockLength
 .text.SDMMC_CmdReadSingleBlock
                0x0800ad90       0x44 ./Drivers/STM32L4xx_HAL_Driver/Src/stm32l4xx_ll_sdmmc.o
                0x0800ad90                SDMMC_CmdReadSingleBlock
 .text.SDMMC_CmdReadMultiBlock
                0x0800add4       0x44 ./Drivers/STM32L4xx_HAL_Driver/Src/stm32l4xx_ll_sdmmc.o
                0x0800add4                SDMMC_CmdReadMultiBlock
 .text.SDMMC_CmdWriteSingleBlock
                0x0800ae18       0x44 ./Drivers/STM32L4xx_HAL_Driver/Src/stm32l4xx_ll_sdmmc.o
                0x0800ae18                SDMMC_CmdWriteSingleBlock
 .text.SDMMC_CmdWriteMultiBlock
                0x0800ae5c       0x44 ./Drivers/STM32L4xx_HAL_Driver/Src/stm32l4xx_ll_sdmmc.o
                0x0800ae5c                SDMMC_CmdWriteMultiBlock
 .text.SDMMC_CmdStopTransfer
                0x0800aea0       0x44 ./Drivers/STM32L4xx_HAL_Driver/Src/stm32l4xx_ll_sdmmc.o
                0x0800aea0                SDMMC_CmdStopTransfer
 .text.SDMMC_CmdSelDesel
                0x0800aee4       0x46 ./Drivers/STM32L4xx_HAL_Driver/Src/stm32l4xx_ll_sdmmc.o
                0x0800aee4                SDMMC_CmdSelDesel
 .text.SDMMC_CmdGoIdleState
                0x0800af2a       0x3c ./Drivers/STM32L4xx_HAL_Driver/Src/stm32l4xx_ll_sdmmc.o
                0x0800af2a                SDMMC_CmdGoIdleState
 .text.SDMMC_CmdOperCond
                0x0800af66       0x3e ./Drivers/STM32L4xx_HAL_Driver/Src/stm32l4xx_ll_sdmmc.o
                0x0800af66                SDMMC_CmdOperCond
 .text.SDMMC_CmdAppCommand
                0x0800afa4       0x44 ./Drivers/STM32L4xx_HAL_Driver/Src/stm32l4xx_ll_sdmmc.o
                0x0800afa4                SDMMC_CmdAppCommand
 .text.SDMMC_CmdAppOperCommand
                0x0800afe8       0x46 ./Drivers/STM32L4xx_HAL_Driver/Src/stm32l4xx_ll_sdmmc.o
                0x0800afe8                SDMMC_CmdAppOperCommand
 .text.SDMMC_CmdBusWidth
                0x0800b02e       0x44 ./Drivers/STM32L4xx_HAL_Driver/Src/stm32l4xx_ll_sdmmc.o
                0x0800b02e                SDMMC_CmdBusWidth
 .text.SDMMC_CmdSendSCR
                0x0800b072       0x42 ./Drivers/STM32L4xx_HAL_Driver/Src/stm32l4xx_ll_sdmmc.o
                0x0800b072                SDMMC_CmdSendSCR
 .text.SDMMC_CmdSendCID
                0x0800b0b4       0x3c ./Drivers/STM32L4xx_HAL_Driver/Src/stm32l4xx_ll_sdmmc.o
                0x0800b0b4                SDMMC_CmdSendCID
 .text.SDMMC_CmdSendCSD
                0x0800b0f0       0x3e ./Drivers/STM32L4xx_HAL_Driver/Src/stm32l4xx_ll_sdmmc.o
                0x0800b0f0                SDMMC_CmdSendCSD
 .text.SDMMC_CmdSetRelAdd
                0x0800b12e       0x42 ./Drivers/STM32L4xx_HAL_Driver/Src/stm32l4xx_ll_sdmmc.o
                0x0800b12e                SDMMC_CmdSetRelAdd
 .text.SDMMC_CmdSendStatus
                0x0800b170       0x44 ./Drivers/STM32L4xx_HAL_Driver/Src/stm32l4xx_ll_sdmmc.o
                0x0800b170                SDMMC_CmdSendStatus
 .text.SDMMC_GetCmdResp1
                0x0800b1b4      0x1dc ./Drivers/STM32L4xx_HAL_Driver/Src/stm32l4xx_ll_sdmmc.o
                0x0800b1b4                SDMMC_GetCmdResp1
 .text.SDMMC_GetCmdResp2
                0x0800b390       0x90 ./Drivers/STM32L4xx_HAL_Driver/Src/stm32l4xx_ll_sdmmc.o
                0x0800b390                SDMMC_GetCmdResp2
 .text.SDMMC_GetCmdResp3
                0x0800b420       0x7c ./Drivers/STM32L4xx_HAL_Driver/Src/stm32l4xx_ll_sdmmc.o
                0x0800b420                SDMMC_GetCmdResp3
 .text.SDMMC_GetCmdResp6
                0x0800b49c       0xec ./Drivers/STM32L4xx_HAL_Driver/Src/stm32l4xx_ll_sdmmc.o
                0x0800b49c                SDMMC_GetCmdResp6
 .text.SDMMC_GetCmdResp7
                0x0800b588       0x9c ./Drivers/STM32L4xx_HAL_Driver/Src/stm32l4xx_ll_sdmmc.o
                0x0800b588                SDMMC_GetCmdResp7
 .text.SDMMC_GetCmdError
                0x0800b624       0x58 ./Drivers/STM32L4xx_HAL_Driver/Src/stm32l4xx_ll_sdmmc.o
 .text.LL_USART_IsEnabled
                0x0800b67c       0x26 ./Drivers/STM32L4xx_HAL_Driver/Src/stm32l4xx_ll_usart.o
 .text.LL_USART_SetStopBitsLength
                0x0800b6a2       0x26 ./Drivers/STM32L4xx_HAL_Driver/Src/stm32l4xx_ll_usart.o
 .text.LL_USART_SetHWFlowCtrl
                0x0800b6c8       0x26 ./Drivers/STM32L4xx_HAL_Driver/Src/stm32l4xx_ll_usart.o
 .text.LL_USART_SetBaudRate
                0x0800b6ee       0x6e ./Drivers/STM32L4xx_HAL_Driver/Src/stm32l4xx_ll_usart.o
 .text.LL_USART_Init
                0x0800b75c       0xcc ./Drivers/STM32L4xx_HAL_Driver/Src/stm32l4xx_ll_usart.o
                0x0800b75c                LL_USART_Init
 .text.MX_FATFS_Init
                0x0800b828       0x24 ./FATFS/App/fatfs.o
                0x0800b828                MX_FATFS_Init
 .text.BSP_SD_Init
                0x0800b84c       0x4c ./FATFS/Target/bsp_driver_sd.o
                0x0800b84c                BSP_SD_Init
 .text.BSP_SD_ReadBlocks_DMA
                0x0800b898       0x34 ./FATFS/Target/bsp_driver_sd.o
                0x0800b898                BSP_SD_ReadBlocks_DMA
 .text.BSP_SD_WriteBlocks_DMA
                0x0800b8cc       0x34 ./FATFS/Target/bsp_driver_sd.o
                0x0800b8cc                BSP_SD_WriteBlocks_DMA
 .text.BSP_SD_GetCardState
                0x0800b900       0x20 ./FATFS/Target/bsp_driver_sd.o
                0x0800b900                BSP_SD_GetCardState
 .text.BSP_SD_GetCardInfo
                0x0800b920       0x1c ./FATFS/Target/bsp_driver_sd.o
                0x0800b920                BSP_SD_GetCardInfo
 .text.HAL_SD_AbortCallback
                0x0800b93c       0x14 ./FATFS/Target/bsp_driver_sd.o
                0x0800b93c                HAL_SD_AbortCallback
 .text.HAL_SD_TxCpltCallback
                0x0800b950       0x14 ./FATFS/Target/bsp_driver_sd.o
                0x0800b950                HAL_SD_TxCpltCallback
 .text.HAL_SD_RxCpltCallback
                0x0800b964       0x14 ./FATFS/Target/bsp_driver_sd.o
                0x0800b964                HAL_SD_RxCpltCallback
 .text.BSP_SD_AbortCallback
                0x0800b978        0xe ./FATFS/Target/bsp_driver_sd.o
                0x0800b978                BSP_SD_AbortCallback
 .text.BSP_SD_IsDetected
                0x0800b986       0x24 ./FATFS/Target/bsp_driver_sd.o
                0x0800b986                BSP_SD_IsDetected
 *fill*         0x0800b9aa        0x2 
 .text.BSP_PlatformIsDetected
                0x0800b9ac       0x2c ./FATFS/Target/fatfs_platform.o
                0x0800b9ac                BSP_PlatformIsDetected
 .text.SD_CheckStatusWithTimeout
                0x0800b9d8       0x3a ./FATFS/Target/sd_diskio.o
 *fill*         0x0800ba12        0x2 
 .text.SD_CheckStatus
                0x0800ba14       0x3c ./FATFS/Target/sd_diskio.o
 .text.SD_initialize
                0x0800ba50       0x84 ./FATFS/Target/sd_diskio.o
                0x0800ba50                SD_initialize
 .text.SD_status
                0x0800bad4       0x1c ./FATFS/Target/sd_diskio.o
                0x0800bad4                SD_status
 .text.SD_read  0x0800baf0       0x94 ./FATFS/Target/sd_diskio.o
                0x0800baf0                SD_read
 .text.SD_write
                0x0800bb84       0x90 ./FATFS/Target/sd_diskio.o
                0x0800bb84                SD_write
 .text.SD_ioctl
                0x0800bc14       0xb0 ./FATFS/Target/sd_diskio.o
                0x0800bc14                SD_ioctl
 .text.BSP_SD_WriteCpltCallback
                0x0800bcc4       0x24 ./FATFS/Target/sd_diskio.o
                0x0800bcc4                BSP_SD_WriteCpltCallback
 .text.BSP_SD_ReadCpltCallback
                0x0800bce8       0x24 ./FATFS/Target/sd_diskio.o
                0x0800bce8                BSP_SD_ReadCpltCallback
 .text.FATFS_LinkDriverEx
                0x0800bd0c       0x98 ./Middlewares/Third_Party/FatFs/src/ff_gen_drv.o
                0x0800bd0c                FATFS_LinkDriverEx
 .text.FATFS_LinkDriver
                0x0800bda4       0x1e ./Middlewares/Third_Party/FatFs/src/ff_gen_drv.o
                0x0800bda4                FATFS_LinkDriver
 *fill*         0x0800bdc2        0x2 
 .text.__NVIC_SetPriority
                0x0800bdc4       0x54 ./Middlewares/Third_Party/FreeRTOS/Source/CMSIS_RTOS_V2/cmsis_os2.o
 .text.SysTick_Handler
                0x0800be18       0x20 ./Middlewares/Third_Party/FreeRTOS/Source/CMSIS_RTOS_V2/cmsis_os2.o
                0x0800be18                SysTick_Handler
 .text.SVC_Setup
                0x0800be38       0x12 ./Middlewares/Third_Party/FreeRTOS/Source/CMSIS_RTOS_V2/cmsis_os2.o
 *fill*         0x0800be4a        0x2 
 .text.osKernelInitialize
                0x0800be4c       0x48 ./Middlewares/Third_Party/FreeRTOS/Source/CMSIS_RTOS_V2/cmsis_os2.o
                0x0800be4c                osKernelInitialize
 .text.osKernelGetState
                0x0800be94       0x44 ./Middlewares/Third_Party/FreeRTOS/Source/CMSIS_RTOS_V2/cmsis_os2.o
                0x0800be94                osKernelGetState
 .text.osKernelStart
                0x0800bed8       0x4c ./Middlewares/Third_Party/FreeRTOS/Source/CMSIS_RTOS_V2/cmsis_os2.o
                0x0800bed8                osKernelStart
 .text.osKernelGetTickCount
                0x0800bf24       0x2a ./Middlewares/Third_Party/FreeRTOS/Source/CMSIS_RTOS_V2/cmsis_os2.o
                0x0800bf24                osKernelGetTickCount
 .text.osThreadNew
                0x0800bf4e      0x124 ./Middlewares/Third_Party/FreeRTOS/Source/CMSIS_RTOS_V2/cmsis_os2.o
                0x0800bf4e                osThreadNew
 .text.osDelay  0x0800c072       0x36 ./Middlewares/Third_Party/FreeRTOS/Source/CMSIS_RTOS_V2/cmsis_os2.o
                0x0800c072                osDelay
 .text.osMessageQueueNew
                0x0800c0a8       0xe6 ./Middlewares/Third_Party/FreeRTOS/Source/CMSIS_RTOS_V2/cmsis_os2.o
                0x0800c0a8                osMessageQueueNew
 *fill*         0x0800c18e        0x2 
 .text.osMessageQueuePut
                0x0800c190       0xc0 ./Middlewares/Third_Party/FreeRTOS/Source/CMSIS_RTOS_V2/cmsis_os2.o
                0x0800c190                osMessageQueuePut
 .text.osMessageQueueGet
                0x0800c250       0xbc ./Middlewares/Third_Party/FreeRTOS/Source/CMSIS_RTOS_V2/cmsis_os2.o
                0x0800c250                osMessageQueueGet
 .text.vApplicationGetIdleTaskMemory
                0x0800c30c       0x34 ./Middlewares/Third_Party/FreeRTOS/Source/CMSIS_RTOS_V2/cmsis_os2.o
                0x0800c30c                vApplicationGetIdleTaskMemory
 .text.vApplicationGetTimerTaskMemory
                0x0800c340       0x34 ./Middlewares/Third_Party/FreeRTOS/Source/CMSIS_RTOS_V2/cmsis_os2.o
                0x0800c340                vApplicationGetTimerTaskMemory
 .text.vListInitialise
                0x0800c374       0x40 ./Middlewares/Third_Party/FreeRTOS/Source/list.o
                0x0800c374                vListInitialise
 .text.vListInitialiseItem
                0x0800c3b4       0x1a ./Middlewares/Third_Party/FreeRTOS/Source/list.o
                0x0800c3b4                vListInitialiseItem
 .text.vListInsertEnd
                0x0800c3ce       0x48 ./Middlewares/Third_Party/FreeRTOS/Source/list.o
                0x0800c3ce                vListInsertEnd
 .text.vListInsert
                0x0800c416       0x72 ./Middlewares/Third_Party/FreeRTOS/Source/list.o
                0x0800c416                vListInsert
 .text.uxListRemove
                0x0800c488       0x54 ./Middlewares/Third_Party/FreeRTOS/Source/list.o
                0x0800c488                uxListRemove
 .text.xQueueGenericReset
                0x0800c4dc       0xd4 ./Middlewares/Third_Party/FreeRTOS/Source/queue.o
                0x0800c4dc                xQueueGenericReset
 .text.xQueueGenericCreateStatic
                0x0800c5b0       0xfa ./Middlewares/Third_Party/FreeRTOS/Source/queue.o
                0x0800c5b0                xQueueGenericCreateStatic
 .text.xQueueGenericCreate
                0x0800c6aa       0x76 ./Middlewares/Third_Party/FreeRTOS/Source/queue.o
                0x0800c6aa                xQueueGenericCreate
 .text.prvInitialiseNewQueue
                0x0800c720       0x46 ./Middlewares/Third_Party/FreeRTOS/Source/queue.o
 *fill*         0x0800c766        0x2 
 .text.xQueueGenericSend
                0x0800c768      0x204 ./Middlewares/Third_Party/FreeRTOS/Source/queue.o
                0x0800c768                xQueueGenericSend
 .text.xQueueGenericSendFromISR
                0x0800c96c      0x13c ./Middlewares/Third_Party/FreeRTOS/Source/queue.o
                0x0800c96c                xQueueGenericSendFromISR
 .text.xQueueReceive
                0x0800caa8      0x1c4 ./Middlewares/Third_Party/FreeRTOS/Source/queue.o
                0x0800caa8                xQueueReceive
 .text.xQueueReceiveFromISR
                0x0800cc6c      0x104 ./Middlewares/Third_Party/FreeRTOS/Source/queue.o
                0x0800cc6c                xQueueReceiveFromISR
 .text.prvCopyDataToQueue
                0x0800cd70       0xd4 ./Middlewares/Third_Party/FreeRTOS/Source/queue.o
 .text.prvCopyDataFromQueue
                0x0800ce44       0x4c ./Middlewares/Third_Party/FreeRTOS/Source/queue.o
 .text.prvUnlockQueue
                0x0800ce90       0xa4 ./Middlewares/Third_Party/FreeRTOS/Source/queue.o
 .text.prvIsQueueEmpty
                0x0800cf34       0x2c ./Middlewares/Third_Party/FreeRTOS/Source/queue.o
 .text.prvIsQueueFull
                0x0800cf60       0x30 ./Middlewares/Third_Party/FreeRTOS/Source/queue.o
 .text.vQueueAddToRegistry
                0x0800cf90       0x54 ./Middlewares/Third_Party/FreeRTOS/Source/queue.o
                0x0800cf90                vQueueAddToRegistry
 .text.vQueueWaitForMessageRestricted
                0x0800cfe4       0x68 ./Middlewares/Third_Party/FreeRTOS/Source/queue.o
                0x0800cfe4                vQueueWaitForMessageRestricted
 .text.xTaskCreateStatic
                0x0800d04c       0xc0 ./Middlewares/Third_Party/FreeRTOS/Source/tasks.o
                0x0800d04c                xTaskCreateStatic
 .text.xTaskCreate
                0x0800d10c       0x8a ./Middlewares/Third_Party/FreeRTOS/Source/tasks.o
                0x0800d10c                xTaskCreate
 *fill*         0x0800d196        0x2 
 .text.prvInitialiseNewTask
                0x0800d198      0x150 ./Middlewares/Third_Party/FreeRTOS/Source/tasks.o
 .text.prvAddNewTaskToReadyList
                0x0800d2e8       0xe0 ./Middlewares/Third_Party/FreeRTOS/Source/tasks.o
 .text.vTaskDelay
                0x0800d3c8       0x6c ./Middlewares/Third_Party/FreeRTOS/Source/tasks.o
                0x0800d3c8                vTaskDelay
 .text.vTaskStartScheduler
                0x0800d434       0xe0 ./Middlewares/Third_Party/FreeRTOS/Source/tasks.o
                0x0800d434                vTaskStartScheduler
 .text.vTaskSuspendAll
                0x0800d514       0x1c ./Middlewares/Third_Party/FreeRTOS/Source/tasks.o
                0x0800d514                vTaskSuspendAll
 .text.xTaskResumeAll
                0x0800d530      0x13c ./Middlewares/Third_Party/FreeRTOS/Source/tasks.o
                0x0800d530                xTaskResumeAll
 .text.xTaskGetTickCount
                0x0800d66c       0x20 ./Middlewares/Third_Party/FreeRTOS/Source/tasks.o
                0x0800d66c                xTaskGetTickCount
 .text.xTaskGetTickCountFromISR
                0x0800d68c       0x24 ./Middlewares/Third_Party/FreeRTOS/Source/tasks.o
                0x0800d68c                xTaskGetTickCountFromISR
 .text.xTaskIncrementTick
                0x0800d6b0      0x174 ./Middlewares/Third_Party/FreeRTOS/Source/tasks.o
                0x0800d6b0                xTaskIncrementTick
 .text.vTaskSwitchContext
                0x0800d824       0xcc ./Middlewares/Third_Party/FreeRTOS/Source/tasks.o
                0x0800d824                vTaskSwitchContext
 .text.vTaskPlaceOnEventList
                0x0800d8f0       0x4c ./Middlewares/Third_Party/FreeRTOS/Source/tasks.o
                0x0800d8f0                vTaskPlaceOnEventList
 .text.vTaskPlaceOnEventListRestricted
                0x0800d93c       0x58 ./Middlewares/Third_Party/FreeRTOS/Source/tasks.o
                0x0800d93c                vTaskPlaceOnEventListRestricted
 .text.xTaskRemoveFromEventList
                0x0800d994       0xc8 ./Middlewares/Third_Party/FreeRTOS/Source/tasks.o
                0x0800d994                xTaskRemoveFromEventList
 .text.vTaskInternalSetTimeOutState
                0x0800da5c       0x2c ./Middlewares/Third_Party/FreeRTOS/Source/tasks.o
                0x0800da5c                vTaskInternalSetTimeOutState
 .text.xTaskCheckForTimeOut
                0x0800da88       0xc8 ./Middlewares/Third_Party/FreeRTOS/Source/tasks.o
                0x0800da88                xTaskCheckForTimeOut
 .text.vTaskMissedYield
                0x0800db50       0x18 ./Middlewares/Third_Party/FreeRTOS/Source/tasks.o
                0x0800db50                vTaskMissedYield
 .text.prvIdleTask
                0x0800db68       0x30 ./Middlewares/Third_Party/FreeRTOS/Source/tasks.o
 .text.prvInitialiseTaskLists
                0x0800db98       0x80 ./Middlewares/Third_Party/FreeRTOS/Source/tasks.o
 .text.prvCheckTasksWaitingTermination
                0x0800dc18       0x5c ./Middlewares/Third_Party/FreeRTOS/Source/tasks.o
 .text.prvDeleteTCB
                0x0800dc74       0x6a ./Middlewares/Third_Party/FreeRTOS/Source/tasks.o
 *fill*         0x0800dcde        0x2 
 .text.prvResetNextTaskUnblockTime
                0x0800dce0       0x40 ./Middlewares/Third_Party/FreeRTOS/Source/tasks.o
 .text.xTaskGetSchedulerState
                0x0800dd20       0x3c ./Middlewares/Third_Party/FreeRTOS/Source/tasks.o
                0x0800dd20                xTaskGetSchedulerState
 .text.xTaskPriorityDisinherit
                0x0800dd5c       0xe0 ./Middlewares/Third_Party/FreeRTOS/Source/tasks.o
                0x0800dd5c                xTaskPriorityDisinherit
 .text.prvAddCurrentTaskToDelayedList
                0x0800de3c       0xa8 ./Middlewares/Third_Party/FreeRTOS/Source/tasks.o
 .text.xTimerCreateTimerTask
                0x0800dee4       0x94 ./Middlewares/Third_Party/FreeRTOS/Source/timers.o
                0x0800dee4                xTimerCreateTimerTask
 .text.xTimerGenericCommand
                0x0800df78       0x9c ./Middlewares/Third_Party/FreeRTOS/Source/timers.o
                0x0800df78                xTimerGenericCommand
 .text.prvProcessExpiredTimer
                0x0800e014       0x9c ./Middlewares/Third_Party/FreeRTOS/Source/timers.o
 .text.prvTimerTask
                0x0800e0b0       0x26 ./Middlewares/Third_Party/FreeRTOS/Source/timers.o
 *fill*         0x0800e0d6        0x2 
 .text.prvProcessTimerOrBlockTask
                0x0800e0d8       0x9c ./Middlewares/Third_Party/FreeRTOS/Source/timers.o
 .text.prvGetNextExpireTime
                0x0800e174       0x48 ./Middlewares/Third_Party/FreeRTOS/Source/timers.o
 .text.prvSampleTimeNow
                0x0800e1bc       0x40 ./Middlewares/Third_Party/FreeRTOS/Source/timers.o
 .text.prvInsertTimerInActiveList
                0x0800e1fc       0x84 ./Middlewares/Third_Party/FreeRTOS/Source/timers.o
 .text.prvProcessReceivedCommands
                0x0800e280      0x1cc ./Middlewares/Third_Party/FreeRTOS/Source/timers.o
 .text.prvSwitchTimerLists
                0x0800e44c       0xcc ./Middlewares/Third_Party/FreeRTOS/Source/timers.o
 .text.prvCheckForValidListAndQueue
                0x0800e518       0x80 ./Middlewares/Third_Party/FreeRTOS/Source/timers.o
 .text.pxPortInitialiseStack
                0x0800e598       0x68 ./Middlewares/Third_Party/FreeRTOS/Source/portable/GCC/ARM_CM4F/port.o
                0x0800e598                pxPortInitialiseStack
 .text.prvTaskExitError
                0x0800e600       0x5c ./Middlewares/Third_Party/FreeRTOS/Source/portable/GCC/ARM_CM4F/port.o
 *fill*         0x0800e65c        0x4 
 .text.SVC_Handler
                0x0800e660       0x28 ./Middlewares/Third_Party/FreeRTOS/Source/portable/GCC/ARM_CM4F/port.o
                0x0800e660                SVC_Handler
 .text.prvPortStartFirstTask
                0x0800e688       0x28 ./Middlewares/Third_Party/FreeRTOS/Source/portable/GCC/ARM_CM4F/port.o
 .text.xPortStartScheduler
                0x0800e6b0      0x148 ./Middlewares/Third_Party/FreeRTOS/Source/portable/GCC/ARM_CM4F/port.o
                0x0800e6b0                xPortStartScheduler
 .text.vPortEnterCritical
                0x0800e7f8       0x64 ./Middlewares/Third_Party/FreeRTOS/Source/portable/GCC/ARM_CM4F/port.o
                0x0800e7f8                vPortEnterCritical
 .text.vPortExitCritical
                0x0800e85c       0x54 ./Middlewares/Third_Party/FreeRTOS/Source/portable/GCC/ARM_CM4F/port.o
                0x0800e85c                vPortExitCritical
 .text.PendSV_Handler
                0x0800e8b0       0x68 ./Middlewares/Third_Party/FreeRTOS/Source/portable/GCC/ARM_CM4F/port.o
                0x0800e8b0                PendSV_Handler
 .text.xPortSysTickHandler
                0x0800e918       0x44 ./Middlewares/Third_Party/FreeRTOS/Source/portable/GCC/ARM_CM4F/port.o
                0x0800e918                xPortSysTickHandler
 .text.vPortSetupTimerInterrupt
                0x0800e95c       0x48 ./Middlewares/Third_Party/FreeRTOS/Source/portable/GCC/ARM_CM4F/port.o
                0x0800e95c                vPortSetupTimerInterrupt
 .text.vPortEnableVFP
                0x0800e9a4       0x14 ./Middlewares/Third_Party/FreeRTOS/Source/portable/GCC/ARM_CM4F/port.o
 .text.vPortValidateInterruptPriority
                0x0800e9b8       0x84 ./Middlewares/Third_Party/FreeRTOS/Source/portable/GCC/ARM_CM4F/port.o
                0x0800e9b8                vPortValidateInterruptPriority
 .text.pvPortMalloc
                0x0800ea3c      0x19c ./Middlewares/Third_Party/FreeRTOS/Source/portable/MemMang/heap_4.o
                0x0800ea3c                pvPortMalloc
 .text.vPortFree
                0x0800ebd8       0xc8 ./Middlewares/Third_Party/FreeRTOS/Source/portable/MemMang/heap_4.o
                0x0800ebd8                vPortFree
 .text.prvHeapInit
                0x0800eca0       0xc4 ./Middlewares/Third_Party/FreeRTOS/Source/portable/MemMang/heap_4.o
 .text.prvInsertBlockIntoFreeList
                0x0800ed64       0xb4 ./Middlewares/Third_Party/FreeRTOS/Source/portable/MemMang/heap_4.o
 .text.std      0x0800ee18       0x6c C:/ST/STM32CubeIDE_1.13.2/STM32CubeIDE/plugins/com.st.stm32cube.ide.mcu.externaltools.gnu-tools-for-stm32.12.3.rel1.win32_1.0.100.202403111256/tools/bin/../lib/gcc/arm-none-eabi/12.3.1/../../../../arm-none-eabi/lib/thumb/v7e-m+fp/hard\libc_nano.a(libc_a-findfp.o)
 .text.stdio_exit_handler
                0x0800ee84       0x18 C:/ST/STM32CubeIDE_1.13.2/STM32CubeIDE/plugins/com.st.stm32cube.ide.mcu.externaltools.gnu-tools-for-stm32.12.3.rel1.win32_1.0.100.202403111256/tools/bin/../lib/gcc/arm-none-eabi/12.3.1/../../../../arm-none-eabi/lib/thumb/v7e-m+fp/hard\libc_nano.a(libc_a-findfp.o)
 .text.cleanup_stdio
                0x0800ee9c       0x40 C:/ST/STM32CubeIDE_1.13.2/STM32CubeIDE/plugins/com.st.stm32cube.ide.mcu.externaltools.gnu-tools-for-stm32.12.3.rel1.win32_1.0.100.202403111256/tools/bin/../lib/gcc/arm-none-eabi/12.3.1/../../../../arm-none-eabi/lib/thumb/v7e-m+fp/hard\libc_nano.a(libc_a-findfp.o)
 .text.global_stdio_init.part.0
                0x0800eedc       0x3c C:/ST/STM32CubeIDE_1.13.2/STM32CubeIDE/plugins/com.st.stm32cube.ide.mcu.externaltools.gnu-tools-for-stm32.12.3.rel1.win32_1.0.100.202403111256/tools/bin/../lib/gcc/arm-none-eabi/12.3.1/../../../../arm-none-eabi/lib/thumb/v7e-m+fp/hard\libc_nano.a(libc_a-findfp.o)
 .text.__sfp_lock_acquire
                0x0800ef18        0xc C:/ST/STM32CubeIDE_1.13.2/STM32CubeIDE/plugins/com.st.stm32cube.ide.mcu.externaltools.gnu-tools-for-stm32.12.3.rel1.win32_1.0.100.202403111256/tools/bin/../lib/gcc/arm-none-eabi/12.3.1/../../../../arm-none-eabi/lib/thumb/v7e-m+fp/hard\libc_nano.a(libc_a-findfp.o)
                0x0800ef18                __sfp_lock_acquire
 .text.__sfp_lock_release
                0x0800ef24        0xc C:/ST/STM32CubeIDE_1.13.2/STM32CubeIDE/plugins/com.st.stm32cube.ide.mcu.externaltools.gnu-tools-for-stm32.12.3.rel1.win32_1.0.100.202403111256/tools/bin/../lib/gcc/arm-none-eabi/12.3.1/../../../../arm-none-eabi/lib/thumb/v7e-m+fp/hard\libc_nano.a(libc_a-findfp.o)
                0x0800ef24                __sfp_lock_release
 .text.__sinit  0x0800ef30       0x30 C:/ST/STM32CubeIDE_1.13.2/STM32CubeIDE/plugins/com.st.stm32cube.ide.mcu.externaltools.gnu-tools-for-stm32.12.3.rel1.win32_1.0.100.202403111256/tools/bin/../lib/gcc/arm-none-eabi/12.3.1/../../../../arm-none-eabi/lib/thumb/v7e-m+fp/hard\libc_nano.a(libc_a-findfp.o)
                0x0800ef30                __sinit
 .text._fwalk_sglue
                0x0800ef60       0x3c C:/ST/STM32CubeIDE_1.13.2/STM32CubeIDE/plugins/com.st.stm32cube.ide.mcu.externaltools.gnu-tools-for-stm32.12.3.rel1.win32_1.0.100.202403111256/tools/bin/../lib/gcc/arm-none-eabi/12.3.1/../../../../arm-none-eabi/lib/thumb/v7e-m+fp/hard\libc_nano.a(libc_a-fwalk.o)
                0x0800ef60                _fwalk_sglue
 .text._puts_r  0x0800ef9c       0xaa C:/ST/STM32CubeIDE_1.13.2/STM32CubeIDE/plugins/com.st.stm32cube.ide.mcu.externaltools.gnu-tools-for-stm32.12.3.rel1.win32_1.0.100.202403111256/tools/bin/../lib/gcc/arm-none-eabi/12.3.1/../../../../arm-none-eabi/lib/thumb/v7e-m+fp/hard\libc_nano.a(libc_a-puts.o)
                0x0800ef9c                _puts_r
 *fill*         0x0800f046        0x2 
 .text.puts     0x0800f048       0x10 C:/ST/STM32CubeIDE_1.13.2/STM32CubeIDE/plugins/com.st.stm32cube.ide.mcu.externaltools.gnu-tools-for-stm32.12.3.rel1.win32_1.0.100.202403111256/tools/bin/../lib/gcc/arm-none-eabi/12.3.1/../../../../arm-none-eabi/lib/thumb/v7e-m+fp/hard\libc_nano.a(libc_a-puts.o)
                0x0800f048                puts
 .text.__sread  0x0800f058       0x22 C:/ST/STM32CubeIDE_1.13.2/STM32CubeIDE/plugins/com.st.stm32cube.ide.mcu.externaltools.gnu-tools-for-stm32.12.3.rel1.win32_1.0.100.202403111256/tools/bin/../lib/gcc/arm-none-eabi/12.3.1/../../../../arm-none-eabi/lib/thumb/v7e-m+fp/hard\libc_nano.a(libc_a-stdio.o)
                0x0800f058                __sread
 .text.__swrite
                0x0800f07a       0x38 C:/ST/STM32CubeIDE_1.13.2/STM32CubeIDE/plugins/com.st.stm32cube.ide.mcu.externaltools.gnu-tools-for-stm32.12.3.rel1.win32_1.0.100.202403111256/tools/bin/../lib/gcc/arm-none-eabi/12.3.1/../../../../arm-none-eabi/lib/thumb/v7e-m+fp/hard\libc_nano.a(libc_a-stdio.o)
                0x0800f07a                __swrite
 .text.__sseek  0x0800f0b2       0x24 C:/ST/STM32CubeIDE_1.13.2/STM32CubeIDE/plugins/com.st.stm32cube.ide.mcu.externaltools.gnu-tools-for-stm32.12.3.rel1.win32_1.0.100.202403111256/tools/bin/../lib/gcc/arm-none-eabi/12.3.1/../../../../arm-none-eabi/lib/thumb/v7e-m+fp/hard\libc_nano.a(libc_a-stdio.o)
                0x0800f0b2                __sseek
 .text.__sclose
                0x0800f0d6        0x8 C:/ST/STM32CubeIDE_1.13.2/STM32CubeIDE/plugins/com.st.stm32cube.ide.mcu.externaltools.gnu-tools-for-stm32.12.3.rel1.win32_1.0.100.202403111256/tools/bin/../lib/gcc/arm-none-eabi/12.3.1/../../../../arm-none-eabi/lib/thumb/v7e-m+fp/hard\libc_nano.a(libc_a-stdio.o)
                0x0800f0d6                __sclose
 .text.__swbuf_r
                0x0800f0de       0x7c C:/ST/STM32CubeIDE_1.13.2/STM32CubeIDE/plugins/com.st.stm32cube.ide.mcu.externaltools.gnu-tools-for-stm32.12.3.rel1.win32_1.0.100.202403111256/tools/bin/../lib/gcc/arm-none-eabi/12.3.1/../../../../arm-none-eabi/lib/thumb/v7e-m+fp/hard\libc_nano.a(libc_a-wbuf.o)
                0x0800f0de                __swbuf_r
 *fill*         0x0800f15a        0x2 
 .text.__swsetup_r
                0x0800f15c       0xac C:/ST/STM32CubeIDE_1.13.2/STM32CubeIDE/plugins/com.st.stm32cube.ide.mcu.externaltools.gnu-tools-for-stm32.12.3.rel1.win32_1.0.100.202403111256/tools/bin/../lib/gcc/arm-none-eabi/12.3.1/../../../../arm-none-eabi/lib/thumb/v7e-m+fp/hard\libc_nano.a(libc_a-wsetup.o)
                0x0800f15c                __swsetup_r
 .text.memset   0x0800f208       0x10 C:/ST/STM32CubeIDE_1.13.2/STM32CubeIDE/plugins/com.st.stm32cube.ide.mcu.externaltools.gnu-tools-for-stm32.12.3.rel1.win32_1.0.100.202403111256/tools/bin/../lib/gcc/arm-none-eabi/12.3.1/../../../../arm-none-eabi/lib/thumb/v7e-m+fp/hard\libc_nano.a(libc_a-memset.o)
                0x0800f208                memset
 .text._close_r
                0x0800f218       0x20 C:/ST/STM32CubeIDE_1.13.2/STM32CubeIDE/plugins/com.st.stm32cube.ide.mcu.externaltools.gnu-tools-for-stm32.12.3.rel1.win32_1.0.100.202403111256/tools/bin/../lib/gcc/arm-none-eabi/12.3.1/../../../../arm-none-eabi/lib/thumb/v7e-m+fp/hard\libc_nano.a(libc_a-closer.o)
                0x0800f218                _close_r
 .text._reclaim_reent
                0x0800f238       0xac C:/ST/STM32CubeIDE_1.13.2/STM32CubeIDE/plugins/com.st.stm32cube.ide.mcu.externaltools.gnu-tools-for-stm32.12.3.rel1.win32_1.0.100.202403111256/tools/bin/../lib/gcc/arm-none-eabi/12.3.1/../../../../arm-none-eabi/lib/thumb/v7e-m+fp/hard\libc_nano.a(libc_a-reent.o)
                0x0800f238                _reclaim_reent
 .text._lseek_r
                0x0800f2e4       0x24 C:/ST/STM32CubeIDE_1.13.2/STM32CubeIDE/plugins/com.st.stm32cube.ide.mcu.externaltools.gnu-tools-for-stm32.12.3.rel1.win32_1.0.100.202403111256/tools/bin/../lib/gcc/arm-none-eabi/12.3.1/../../../../arm-none-eabi/lib/thumb/v7e-m+fp/hard\libc_nano.a(libc_a-lseekr.o)
                0x0800f2e4                _lseek_r
 .text._read_r  0x0800f308       0x24 C:/ST/STM32CubeIDE_1.13.2/STM32CubeIDE/plugins/com.st.stm32cube.ide.mcu.externaltools.gnu-tools-for-stm32.12.3.rel1.win32_1.0.100.202403111256/tools/bin/../lib/gcc/arm-none-eabi/12.3.1/../../../../arm-none-eabi/lib/thumb/v7e-m+fp/hard\libc_nano.a(libc_a-readr.o)
                0x0800f308                _read_r
 .text._write_r
                0x0800f32c       0x24 C:/ST/STM32CubeIDE_1.13.2/STM32CubeIDE/plugins/com.st.stm32cube.ide.mcu.externaltools.gnu-tools-for-stm32.12.3.rel1.win32_1.0.100.202403111256/tools/bin/../lib/gcc/arm-none-eabi/12.3.1/../../../../arm-none-eabi/lib/thumb/v7e-m+fp/hard\libc_nano.a(libc_a-writer.o)
                0x0800f32c                _write_r
 .text.__errno  0x0800f350        0xc C:/ST/STM32CubeIDE_1.13.2/STM32CubeIDE/plugins/com.st.stm32cube.ide.mcu.externaltools.gnu-tools-for-stm32.12.3.rel1.win32_1.0.100.202403111256/tools/bin/../lib/gcc/arm-none-eabi/12.3.1/../../../../arm-none-eabi/lib/thumb/v7e-m+fp/hard\libc_nano.a(libc_a-errno.o)
                0x0800f350                __errno
 .text.__libc_init_array
                0x0800f35c       0x48 C:/ST/STM32CubeIDE_1.13.2/STM32CubeIDE/plugins/com.st.stm32cube.ide.mcu.externaltools.gnu-tools-for-stm32.12.3.rel1.win32_1.0.100.202403111256/tools/bin/../lib/gcc/arm-none-eabi/12.3.1/../../../../arm-none-eabi/lib/thumb/v7e-m+fp/hard\libc_nano.a(libc_a-init.o)
                0x0800f35c                __libc_init_array
 .text.__retarget_lock_init_recursive
                0x0800f3a4        0x2 C:/ST/STM32CubeIDE_1.13.2/STM32CubeIDE/plugins/com.st.stm32cube.ide.mcu.externaltools.gnu-tools-for-stm32.12.3.rel1.win32_1.0.100.202403111256/tools/bin/../lib/gcc/arm-none-eabi/12.3.1/../../../../arm-none-eabi/lib/thumb/v7e-m+fp/hard\libc_nano.a(libc_a-lock.o)
                0x0800f3a4                __retarget_lock_init_recursive
 .text.__retarget_lock_acquire_recursive
                0x0800f3a6        0x2 C:/ST/STM32CubeIDE_1.13.2/STM32CubeIDE/plugins/com.st.stm32cube.ide.mcu.externaltools.gnu-tools-for-stm32.12.3.rel1.win32_1.0.100.202403111256/tools/bin/../lib/gcc/arm-none-eabi/12.3.1/../../../../arm-none-eabi/lib/thumb/v7e-m+fp/hard\libc_nano.a(libc_a-lock.o)
                0x0800f3a6                __retarget_lock_acquire_recursive
 .text.__retarget_lock_release_recursive
                0x0800f3a8        0x2 C:/ST/STM32CubeIDE_1.13.2/STM32CubeIDE/plugins/com.st.stm32cube.ide.mcu.externaltools.gnu-tools-for-stm32.12.3.rel1.win32_1.0.100.202403111256/tools/bin/../lib/gcc/arm-none-eabi/12.3.1/../../../../arm-none-eabi/lib/thumb/v7e-m+fp/hard\libc_nano.a(libc_a-lock.o)
                0x0800f3a8                __retarget_lock_release_recursive
 .text.memcpy   0x0800f3aa       0x1c C:/ST/STM32CubeIDE_1.13.2/STM32CubeIDE/plugins/com.st.stm32cube.ide.mcu.externaltools.gnu-tools-for-stm32.12.3.rel1.win32_1.0.100.202403111256/tools/bin/../lib/gcc/arm-none-eabi/12.3.1/../../../../arm-none-eabi/lib/thumb/v7e-m+fp/hard\libc_nano.a(libc_a-memcpy-stub.o)
                0x0800f3aa                memcpy
 *fill*         0x0800f3c6        0x2 
 .text._free_r  0x0800f3c8       0x94 C:/ST/STM32CubeIDE_1.13.2/STM32CubeIDE/plugins/com.st.stm32cube.ide.mcu.externaltools.gnu-tools-for-stm32.12.3.rel1.win32_1.0.100.202403111256/tools/bin/../lib/gcc/arm-none-eabi/12.3.1/../../../../arm-none-eabi/lib/thumb/v7e-m+fp/hard\libc_nano.a(libc_a-freer.o)
                0x0800f3c8                _free_r
 .text.sbrk_aligned
                0x0800f45c       0x44 C:/ST/STM32CubeIDE_1.13.2/STM32CubeIDE/plugins/com.st.stm32cube.ide.mcu.externaltools.gnu-tools-for-stm32.12.3.rel1.win32_1.0.100.202403111256/tools/bin/../lib/gcc/arm-none-eabi/12.3.1/../../../../arm-none-eabi/lib/thumb/v7e-m+fp/hard\libc_nano.a(libc_a-mallocr.o)
 .text._malloc_r
                0x0800f4a0      0x100 C:/ST/STM32CubeIDE_1.13.2/STM32CubeIDE/plugins/com.st.stm32cube.ide.mcu.externaltools.gnu-tools-for-stm32.12.3.rel1.win32_1.0.100.202403111256/tools/bin/../lib/gcc/arm-none-eabi/12.3.1/../../../../arm-none-eabi/lib/thumb/v7e-m+fp/hard\libc_nano.a(libc_a-mallocr.o)
                0x0800f4a0                _malloc_r
 .text.__malloc_lock
                0x0800f5a0        0xc C:/ST/STM32CubeIDE_1.13.2/STM32CubeIDE/plugins/com.st.stm32cube.ide.mcu.externaltools.gnu-tools-for-stm32.12.3.rel1.win32_1.0.100.202403111256/tools/bin/../lib/gcc/arm-none-eabi/12.3.1/../../../../arm-none-eabi/lib/thumb/v7e-m+fp/hard\libc_nano.a(libc_a-mlock.o)
                0x0800f5a0                __malloc_lock
 .text.__malloc_unlock
                0x0800f5ac        0xc C:/ST/STM32CubeIDE_1.13.2/STM32CubeIDE/plugins/com.st.stm32cube.ide.mcu.externaltools.gnu-tools-for-stm32.12.3.rel1.win32_1.0.100.202403111256/tools/bin/../lib/gcc/arm-none-eabi/12.3.1/../../../../arm-none-eabi/lib/thumb/v7e-m+fp/hard\libc_nano.a(libc_a-mlock.o)
                0x0800f5ac                __malloc_unlock
 .text.__sflush_r
                0x0800f5b8      0x108 C:/ST/STM32CubeIDE_1.13.2/STM32CubeIDE/plugins/com.st.stm32cube.ide.mcu.externaltools.gnu-tools-for-stm32.12.3.rel1.win32_1.0.100.202403111256/tools/bin/../lib/gcc/arm-none-eabi/12.3.1/../../../../arm-none-eabi/lib/thumb/v7e-m+fp/hard\libc_nano.a(libc_a-fflush.o)
                0x0800f5b8                __sflush_r
 .text._fflush_r
                0x0800f6c0       0x50 C:/ST/STM32CubeIDE_1.13.2/STM32CubeIDE/plugins/com.st.stm32cube.ide.mcu.externaltools.gnu-tools-for-stm32.12.3.rel1.win32_1.0.100.202403111256/tools/bin/../lib/gcc/arm-none-eabi/12.3.1/../../../../arm-none-eabi/lib/thumb/v7e-m+fp/hard\libc_nano.a(libc_a-fflush.o)
                0x0800f6c0                _fflush_r
 .text.__swhatbuf_r
                0x0800f710       0x4c C:/ST/STM32CubeIDE_1.13.2/STM32CubeIDE/plugins/com.st.stm32cube.ide.mcu.externaltools.gnu-tools-for-stm32.12.3.rel1.win32_1.0.100.202403111256/tools/bin/../lib/gcc/arm-none-eabi/12.3.1/../../../../arm-none-eabi/lib/thumb/v7e-m+fp/hard\libc_nano.a(libc_a-makebuf.o)
                0x0800f710                __swhatbuf_r
 .text.__smakebuf_r
                0x0800f75c       0x78 C:/ST/STM32CubeIDE_1.13.2/STM32CubeIDE/plugins/com.st.stm32cube.ide.mcu.externaltools.gnu-tools-for-stm32.12.3.rel1.win32_1.0.100.202403111256/tools/bin/../lib/gcc/arm-none-eabi/12.3.1/../../../../arm-none-eabi/lib/thumb/v7e-m+fp/hard\libc_nano.a(libc_a-makebuf.o)
                0x0800f75c                __smakebuf_r
 .text._fstat_r
                0x0800f7d4       0x24 C:/ST/STM32CubeIDE_1.13.2/STM32CubeIDE/plugins/com.st.stm32cube.ide.mcu.externaltools.gnu-tools-for-stm32.12.3.rel1.win32_1.0.100.202403111256/tools/bin/../lib/gcc/arm-none-eabi/12.3.1/../../../../arm-none-eabi/lib/thumb/v7e-m+fp/hard\libc_nano.a(libc_a-fstatr.o)
                0x0800f7d4                _fstat_r
 .text._isatty_r
                0x0800f7f8       0x20 C:/ST/STM32CubeIDE_1.13.2/STM32CubeIDE/plugins/com.st.stm32cube.ide.mcu.externaltools.gnu-tools-for-stm32.12.3.rel1.win32_1.0.100.202403111256/tools/bin/../lib/gcc/arm-none-eabi/12.3.1/../../../../arm-none-eabi/lib/thumb/v7e-m+fp/hard\libc_nano.a(libc_a-isattyr.o)
                0x0800f7f8                _isatty_r
 .text._sbrk_r  0x0800f818       0x20 C:/ST/STM32CubeIDE_1.13.2/STM32CubeIDE/plugins/com.st.stm32cube.ide.mcu.externaltools.gnu-tools-for-stm32.12.3.rel1.win32_1.0.100.202403111256/tools/bin/../lib/gcc/arm-none-eabi/12.3.1/../../../../arm-none-eabi/lib/thumb/v7e-m+fp/hard\libc_nano.a(libc_a-sbrkr.o)
                0x0800f818                _sbrk_r
 *(.glue_7)
 .glue_7        0x0800f838        0x0 linker stubs
 *(.glue_7t)
 .glue_7t       0x0800f838        0x0 linker stubs
 *(.eh_frame)
 .eh_frame      0x0800f838        0x0 C:/ST/STM32CubeIDE_1.13.2/STM32CubeIDE/plugins/com.st.stm32cube.ide.mcu.externaltools.gnu-tools-for-stm32.12.3.rel1.win32_1.0.100.202403111256/tools/bin/../lib/gcc/arm-none-eabi/12.3.1/thumb/v7e-m+fp/hard/crtbegin.o
 *(.init)
 .init          0x0800f838        0x4 C:/ST/STM32CubeIDE_1.13.2/STM32CubeIDE/plugins/com.st.stm32cube.ide.mcu.externaltools.gnu-tools-for-stm32.12.3.rel1.win32_1.0.100.202403111256/tools/bin/../lib/gcc/arm-none-eabi/12.3.1/thumb/v7e-m+fp/hard/crti.o
                0x0800f838                _init
 .init          0x0800f83c        0x8 C:/ST/STM32CubeIDE_1.13.2/STM32CubeIDE/plugins/com.st.stm32cube.ide.mcu.externaltools.gnu-tools-for-stm32.12.3.rel1.win32_1.0.100.202403111256/tools/bin/../lib/gcc/arm-none-eabi/12.3.1/thumb/v7e-m+fp/hard/crtn.o
 *(.fini)
 .fini          0x0800f844        0x4 C:/ST/STM32CubeIDE_1.13.2/STM32CubeIDE/plugins/com.st.stm32cube.ide.mcu.externaltools.gnu-tools-for-stm32.12.3.rel1.win32_1.0.100.202403111256/tools/bin/../lib/gcc/arm-none-eabi/12.3.1/thumb/v7e-m+fp/hard/crti.o
                0x0800f844                _fini
 .fini          0x0800f848        0x8 C:/ST/STM32CubeIDE_1.13.2/STM32CubeIDE/plugins/com.st.stm32cube.ide.mcu.externaltools.gnu-tools-for-stm32.12.3.rel1.win32_1.0.100.202403111256/tools/bin/../lib/gcc/arm-none-eabi/12.3.1/thumb/v7e-m+fp/hard/crtn.o
                0x0800f850                        . = ALIGN (0x4)
                0x0800f850                        _etext = .

.vfp11_veneer   0x0800f850        0x0
 .vfp11_veneer  0x0800f850        0x0 linker stubs

.v4_bx          0x0800f850        0x0
 .v4_bx         0x0800f850        0x0 linker stubs

.iplt           0x0800f850        0x0
 .iplt          0x0800f850        0x0 C:/ST/STM32CubeIDE_1.13.2/STM32CubeIDE/plugins/com.st.stm32cube.ide.mcu.externaltools.gnu-tools-for-stm32.12.3.rel1.win32_1.0.100.202403111256/tools/bin/../lib/gcc/arm-none-eabi/12.3.1/thumb/v7e-m+fp/hard/crtbegin.o

.rodata         0x0800f850      0x154
                0x0800f850                        . = ALIGN (0x4)
 *(.rodata)
 .rodata        0x0800f850       0x1b ./Core/Src/main.o
 *fill*         0x0800f86b        0x1 
 .rodata        0x0800f86c       0x6a ./Core/support/uart_dma/uart_dma.o
 *fill*         0x0800f8d6        0x2 
 .rodata        0x0800f8d8        0x5 ./Middlewares/Third_Party/FreeRTOS/Source/tasks.o
 *fill*         0x0800f8dd        0x3 
 .rodata        0x0800f8e0        0xd ./Middlewares/Third_Party/FreeRTOS/Source/timers.o
 *(.rodata*)
 *fill*         0x0800f8ed        0x3 
 .rodata.CHANNEL_OFFSET_TAB
                0x0800f8f0        0x7 ./Core/Src/main.o
 *fill*         0x0800f8f7        0x1 
 .rodata.mainTask_attributes
                0x0800f8f8       0x24 ./Core/Src/main.o
                0x0800f8f8                mainTask_attributes
 .rodata.uart1_desc
                0x0800f91c       0x24 ./Core/Src/main.o
                0x0800f91c                uart1_desc
 .rodata.AHBPrescTable
                0x0800f940       0x10 ./Core/Src/system_stm32l4xx.o
                0x0800f940                AHBPrescTable
 .rodata.APBPrescTable
                0x0800f950        0x8 ./Core/Src/system_stm32l4xx.o
                0x0800f950                APBPrescTable
 .rodata.MSIRangeTable
                0x0800f958       0x30 ./Core/Src/system_stm32l4xx.o
                0x0800f958                MSIRangeTable
 .rodata.CHANNEL_OFFSET_TAB
                0x0800f988        0x7 ./Core/support/uart_dma/uart_dma.o
 *fill*         0x0800f98f        0x1 
 .rodata.SD_Driver
                0x0800f990       0x14 ./FATFS/Target/sd_diskio.o
                0x0800f990                SD_Driver
                0x0800f9a4                        . = ALIGN (0x4)

.ARM.extab      0x0800f9a4        0x0
                0x0800f9a4                        . = ALIGN (0x4)
 *(.ARM.extab* .gnu.linkonce.armextab.*)
                0x0800f9a4                        . = ALIGN (0x4)

.ARM            0x0800f9a4        0x8
                0x0800f9a4                        . = ALIGN (0x4)
                0x0800f9a4                        __exidx_start = .
 *(.ARM.exidx*)
 .ARM.exidx     0x0800f9a4        0x8 C:/ST/STM32CubeIDE_1.13.2/STM32CubeIDE/plugins/com.st.stm32cube.ide.mcu.externaltools.gnu-tools-for-stm32.12.3.rel1.win32_1.0.100.202403111256/tools/bin/../lib/gcc/arm-none-eabi/12.3.1/../../../../arm-none-eabi/lib/thumb/v7e-m+fp/hard\libc_nano.a(libc_a-strlen.o)
 .ARM.exidx     0x0800f9ac        0x0 C:/ST/STM32CubeIDE_1.13.2/STM32CubeIDE/plugins/com.st.stm32cube.ide.mcu.externaltools.gnu-tools-for-stm32.12.3.rel1.win32_1.0.100.202403111256/tools/bin/../lib/gcc/arm-none-eabi/12.3.1/thumb/v7e-m+fp/hard\libgcc.a(_udivmoddi4.o)
                                  0x8 (size before relaxing)
                0x0800f9ac                        __exidx_end = .
                0x0800f9ac                        . = ALIGN (0x4)

.rel.dyn        0x0800f9ac        0x0
 .rel.iplt      0x0800f9ac        0x0 C:/ST/STM32CubeIDE_1.13.2/STM32CubeIDE/plugins/com.st.stm32cube.ide.mcu.externaltools.gnu-tools-for-stm32.12.3.rel1.win32_1.0.100.202403111256/tools/bin/../lib/gcc/arm-none-eabi/12.3.1/thumb/v7e-m+fp/hard/crtbegin.o

.preinit_array  0x0800f9ac        0x0
                0x0800f9ac                        . = ALIGN (0x4)
                0x0800f9ac                        PROVIDE (__preinit_array_start = .)
 *(.preinit_array*)
                0x0800f9ac                        PROVIDE (__preinit_array_end = .)
                0x0800f9ac                        . = ALIGN (0x4)

.init_array     0x0800f9ac        0x4
                0x0800f9ac                        . = ALIGN (0x4)
                0x0800f9ac                        PROVIDE (__init_array_start = .)
 *(SORT_BY_NAME(.init_array.*))
 *(.init_array*)
 .init_array    0x0800f9ac        0x4 C:/ST/STM32CubeIDE_1.13.2/STM32CubeIDE/plugins/com.st.stm32cube.ide.mcu.externaltools.gnu-tools-for-stm32.12.3.rel1.win32_1.0.100.202403111256/tools/bin/../lib/gcc/arm-none-eabi/12.3.1/thumb/v7e-m+fp/hard/crtbegin.o